Archive member included to satisfy reference by file (symbol)

/Applications/MCUXpressoIDE_11.0.1_2563/ide/plugins/com.nxp.mcuxpresso.tools.macosx_11.0.1.201907311258/tools/bin/../lib/gcc/arm-none-eabi/8.2.1/../../../../arm-none-eabi/lib/thumb/v6-m/nofp/libcr_semihost_nf.a(_cr__main.o)
                              ./startup/startup_mkl25z4.o (__main)
/Applications/MCUXpressoIDE_11.0.1_2563/ide/plugins/com.nxp.mcuxpresso.tools.macosx_11.0.1.201907311258/tools/bin/../lib/gcc/arm-none-eabi/8.2.1/../../../../arm-none-eabi/lib/thumb/v6-m/nofp/libcr_semihost_nf.a(_cr_assert.o)
                              ./drivers/fsl_adc16.o (__assertion_failed)
/Applications/MCUXpressoIDE_11.0.1_2563/ide/plugins/com.nxp.mcuxpresso.tools.macosx_11.0.1.201907311258/tools/bin/../lib/gcc/arm-none-eabi/8.2.1/../../../../arm-none-eabi/lib/thumb/v6-m/nofp/libcr_semihost_nf.a(__ciob.o)
                              /Applications/MCUXpressoIDE_11.0.1_2563/ide/plugins/com.nxp.mcuxpresso.tools.macosx_11.0.1.201907311258/tools/bin/../lib/gcc/arm-none-eabi/8.2.1/../../../../arm-none-eabi/lib/thumb/v6-m/nofp/libcr_semihost_nf.a(_cr_assert.o) (__Ciob)
/Applications/MCUXpressoIDE_11.0.1_2563/ide/plugins/com.nxp.mcuxpresso.tools.macosx_11.0.1.201907311258/tools/bin/../lib/gcc/arm-none-eabi/8.2.1/../../../../arm-none-eabi/lib/thumb/v6-m/nofp/libcr_semihost_nf.a(__sys_appexit.o)
                              /Applications/MCUXpressoIDE_11.0.1_2563/ide/plugins/com.nxp.mcuxpresso.tools.macosx_11.0.1.201907311258/tools/bin/../lib/gcc/arm-none-eabi/8.2.1/../../../../arm-none-eabi/lib/thumb/v6-m/nofp/libcr_semihost_nf.a(_cr_assert.o) (__sys_appexit)
/Applications/MCUXpressoIDE_11.0.1_2563/ide/plugins/com.nxp.mcuxpresso.tools.macosx_11.0.1.201907311258/tools/bin/../lib/gcc/arm-none-eabi/8.2.1/../../../../arm-none-eabi/lib/thumb/v6-m/nofp/libcr_c.a(memcpy.o)
                              ./freertos/queue.o (memcpy)
/Applications/MCUXpressoIDE_11.0.1_2563/ide/plugins/com.nxp.mcuxpresso.tools.macosx_11.0.1.201907311258/tools/bin/../lib/gcc/arm-none-eabi/8.2.1/../../../../arm-none-eabi/lib/thumb/v6-m/nofp/libcr_c.a(memset.o)
                              ./source/PES Project 6.o (memset)
/Applications/MCUXpressoIDE_11.0.1_2563/ide/plugins/com.nxp.mcuxpresso.tools.macosx_11.0.1.201907311258/tools/bin/../lib/gcc/arm-none-eabi/8.2.1/../../../../arm-none-eabi/lib/thumb/v6-m/nofp/libcr_c.a(_deferredlazyseek.o)
                              /Applications/MCUXpressoIDE_11.0.1_2563/ide/plugins/com.nxp.mcuxpresso.tools.macosx_11.0.1.201907311258/tools/bin/../lib/gcc/arm-none-eabi/8.2.1/../../../../arm-none-eabi/lib/thumb/v6-m/nofp/libcr_semihost_nf.a(_cr_assert.o) (__flsbuf)
/Applications/MCUXpressoIDE_11.0.1_2563/ide/plugins/com.nxp.mcuxpresso.tools.macosx_11.0.1.201907311258/tools/bin/../lib/gcc/arm-none-eabi/8.2.1/../../../../arm-none-eabi/lib/thumb/v6-m/nofp/libcr_c.a(_fflush.o)
                              /Applications/MCUXpressoIDE_11.0.1_2563/ide/plugins/com.nxp.mcuxpresso.tools.macosx_11.0.1.201907311258/tools/bin/../lib/gcc/arm-none-eabi/8.2.1/../../../../arm-none-eabi/lib/thumb/v6-m/nofp/libcr_c.a(_deferredlazyseek.o) (_fflush)
/Applications/MCUXpressoIDE_11.0.1_2563/ide/plugins/com.nxp.mcuxpresso.tools.macosx_11.0.1.201907311258/tools/bin/../lib/gcc/arm-none-eabi/8.2.1/../../../../arm-none-eabi/lib/thumb/v6-m/nofp/libcr_c.a(_writebuf.o)
                              /Applications/MCUXpressoIDE_11.0.1_2563/ide/plugins/com.nxp.mcuxpresso.tools.macosx_11.0.1.201907311258/tools/bin/../lib/gcc/arm-none-eabi/8.2.1/../../../../arm-none-eabi/lib/thumb/v6-m/nofp/libcr_c.a(_deferredlazyseek.o) (_Cwritebuf)
/Applications/MCUXpressoIDE_11.0.1_2563/ide/plugins/com.nxp.mcuxpresso.tools.macosx_11.0.1.201907311258/tools/bin/../lib/gcc/arm-none-eabi/8.2.1/../../../../arm-none-eabi/lib/thumb/v6-m/nofp/libcr_c.a(alloc.o)
                              /Applications/MCUXpressoIDE_11.0.1_2563/ide/plugins/com.nxp.mcuxpresso.tools.macosx_11.0.1.201907311258/tools/bin/../lib/gcc/arm-none-eabi/8.2.1/../../../../arm-none-eabi/lib/thumb/v6-m/nofp/libcr_c.a(_deferredlazyseek.o) (_Csys_alloc)
/Applications/MCUXpressoIDE_11.0.1_2563/ide/plugins/com.nxp.mcuxpresso.tools.macosx_11.0.1.201907311258/tools/bin/../lib/gcc/arm-none-eabi/8.2.1/../../../../arm-none-eabi/lib/thumb/v6-m/nofp/libcr_c.a(fpprintf.o)
                              ./source/PES Project 6.o (printf)
/Applications/MCUXpressoIDE_11.0.1_2563/ide/plugins/com.nxp.mcuxpresso.tools.macosx_11.0.1.201907311258/tools/bin/../lib/gcc/arm-none-eabi/8.2.1/../../../../arm-none-eabi/lib/thumb/v6-m/nofp/libcr_c.a(fputs.o)
                              /Applications/MCUXpressoIDE_11.0.1_2563/ide/plugins/com.nxp.mcuxpresso.tools.macosx_11.0.1.201907311258/tools/bin/../lib/gcc/arm-none-eabi/8.2.1/../../../../arm-none-eabi/lib/thumb/v6-m/nofp/libcr_semihost_nf.a(_cr_assert.o) (fputs)
[...]
Memory Configuration

Name             Origin             Length             Attributes
PROGRAM_FLASH    0x0000000000000000 0x0000000000020000 xr
SRAM             0x000000001ffff000 0x0000000000004000 xrw
*default*        0x0000000000000000 0xffffffffffffffff

Linker script and memory map

LOAD ./utilities/fsl_debug_console.o
LOAD ./startup/startup_mkl25z4.o
LOAD ./source/PES Project 6.o
LOAD ./source/dac_driver.o
LOAD ./source/mtb.o
LOAD ./source/semihost_hardfault.o
LOAD ./freertos/croutine.o
LOAD ./freertos/event_groups.o
LOAD ./freertos/fsl_tickless_lptmr.o
LOAD ./freertos/fsl_tickless_systick.o
LOAD ./freertos/heap_4.o
LOAD ./freertos/list.o
LOAD ./freertos/port.o
LOAD ./freertos/queue.o
LOAD ./freertos/tasks.o
LOAD ./freertos/timers.o
LOAD ./drivers/fsl_adc16.o
LOAD ./drivers/fsl_clock.o
LOAD ./drivers/fsl_common.o
LOAD ./drivers/fsl_dac.o
LOAD ./drivers/fsl_dma.o
LOAD ./drivers/fsl_dmamux.o
LOAD ./drivers/fsl_flash.o
LOAD ./drivers/fsl_gpio.o
LOAD ./drivers/fsl_lpsci.o
LOAD ./drivers/fsl_lpsci_dma.o
LOAD ./drivers/fsl_lpsci_freertos.o
LOAD ./drivers/fsl_smc.o
LOAD ./drivers/fsl_uart.o
LOAD ./drivers/fsl_uart_dma.o
LOAD ./drivers/fsl_uart_freertos.o
LOAD ./board/board.o
LOAD ./board/clock_config.o
LOAD ./board/peripherals.o
LOAD ./board/pin_mux.o
LOAD ./CMSIS/system_MKL25Z4.o
START GROUP
LOAD /Applications/MCUXpressoIDE_11.0.1_2563/ide/plugins/com.nxp.mcuxpresso.tools.macosx_11.0.1.201907311258/tools/bin/../lib/gcc/arm-none-eabi/8.2.1/../../../../arm-none-eabi/lib/thumb/v6-m/nofp/libcr_semihost_nf.a
LOAD /Applications/MCUXpressoIDE_11.0.1_2563/ide/plugins/com.nxp.mcuxpresso.tools.macosx_11.0.1.201907311258/tools/bin/../lib/gcc/arm-none-eabi/8.2.1/../../../../arm-none-eabi/lib/thumb/v6-m/nofp/libcr_c.a
LOAD /Applications/MCUXpressoIDE_11.0.1_2563/ide/plugins/com.nxp.mcuxpresso.tools.macosx_11.0.1.201907311258/tools/bin/../lib/gcc/arm-none-eabi/8.2.1/thumb/v6-m/nofp/libcr_eabihelpers.a
LOAD /Applications/MCUXpressoIDE_11.0.1_2563/ide/plugins/com.nxp.mcuxpresso.tools.macosx_11.0.1.201907311258/tools/bin/../lib/gcc/arm-none-eabi/8.2.1/thumb/v6-m/nofp/libgcc.a
END GROUP
                0x0000000000000000                __base_PROGRAM_FLASH = 0x0
                0x0000000000000000                __base_Flash = 0x0
                0x0000000000020000                __top_PROGRAM_FLASH = 0x20000
                0x0000000000020000                __top_Flash = 0x20000
                0x000000001ffff000                __base_SRAM = 0x1ffff000
                0x000000001ffff000                __base_RAM = 0x1ffff000
                0x0000000020003000                __top_SRAM = 0x20003000
                0x0000000020003000                __top_RAM = 0x20003000

.text           0x0000000000000000     0x7ef4
 FILL mask 0xff
                0x0000000000000000                __vectors_start__ = ABSOLUTE (.)
 *(SORT_BY_ALIGNMENT(.isr_vector))
 .isr_vector    0x0000000000000000       0xc0 ./startup/startup_mkl25z4.o
                0x0000000000000000                __Vectors
                0x0000000000000000                g_pfnVectors
                0x00000000000000c0                . = ALIGN (0x4)
                0x00000000000000c0                __section_table_start = .
                0x00000000000000c0                __data_section_table = .
                0x00000000000000c0        0x4 LONG 0x7ef4 LOADADDR (.data)
                0x00000000000000c4        0x4 LONG 0x1ffff080 ADDR (.data)
                0x00000000000000c8        0x4 LONG 0xc SIZEOF (.data)
                0x00000000000000cc                __data_section_table_end = .
                0x00000000000000cc                __bss_section_table = .
                0x00000000000000cc        0x4 LONG 0x1ffff08c ADDR (.bss)
                0x00000000000000d0        0x4 LONG 0x2afc SIZEOF (.bss)
                0x00000000000000d4                __bss_section_table_end = .
                0x00000000000000d4                __section_table_end = .
 *(SORT_BY_ALIGNMENT(.after_vectors*))
 .after_vectors.reset
                0x00000000000000d4       0x4c ./startup/startup_mkl25z4.o
                0x00000000000000d4                ResetISR
 .after_vectors.init_data
                0x0000000000000120       0x12 ./startup/startup_mkl25z4.o
                0x0000000000000120                data_init
 .after_vectors.init_bss
                0x0000000000000132       0x10 ./startup/startup_mkl25z4.o
                0x0000000000000132                bss_init
 .after_vectors
                0x0000000000000142      0x10c ./startup/startup_mkl25z4.o
                0x0000000000000142                NMI_Handler
                0x000000000000014c                Reserved39_DriverIRQHandler
                0x000000000000014c                SPI1_DriverIRQHandler
                0x000000000000014c                LPTMR0_DriverIRQHandler
                0x000000000000014c                ADC0_DriverIRQHandler
                0x000000000000014c                TPM0_DriverIRQHandler
                0x000000000000014c                Reserved45_DriverIRQHandler
                0x000000000000014c                Reserved20_DriverIRQHandler
                0x000000000000014c                RTC_DriverIRQHandler
                0x000000000000014c                PIT_DriverIRQHandler
                0x000000000000014c                TPM2_DriverIRQHandler
                0x000000000000014c                TPM1_DriverIRQHandler
                0x000000000000014c                TSI0_DriverIRQHandler
                0x000000000000014c                RTC_Seconds_DriverIRQHandler
                0x000000000000014c                I2C0_DriverIRQHandler
                0x000000000000014c                PORTA_DriverIRQHandler
                0x000000000000014c                LLWU_DriverIRQHandler
                0x000000000000014c                MCG_DriverIRQHandler
                0x000000000000014c                PORTD_DriverIRQHandler
                0x000000000000014c                I2C1_DriverIRQHandler
                0x000000000000014c                SPI0_DriverIRQHandler
                0x000000000000014c                FTFA_DriverIRQHandler
                0x000000000000014c                IntDefaultHandler
                0x000000000000014c                USB0_DriverIRQHandler
                0x000000000000014c                DAC0_DriverIRQHandler
                0x000000000000014c                CMP0_DriverIRQHandler
                0x000000000000014c                LVD_LVW_DriverIRQHandler
                0x000000000000014e                DMA0_IRQHandler
                0x0000000000000156                DMA1_IRQHandler
                0x000000000000015e                DMA2_IRQHandler
                0x0000000000000166                DMA3_IRQHandler
                0x000000000000016e                Reserved20_IRQHandler
                0x0000000000000176                FTFA_IRQHandler
                0x000000000000017e                LVD_LVW_IRQHandler
                0x0000000000000186                LLWU_IRQHandler
                0x000000000000018e                I2C0_IRQHandler
                0x0000000000000196                I2C1_IRQHandler
                0x000000000000019e                SPI0_IRQHandler
                0x00000000000001a6                SPI1_IRQHandler
                0x00000000000001ae                UART0_IRQHandler
                0x00000000000001b6                UART1_IRQHandler
                0x00000000000001be                UART2_IRQHandler
                0x00000000000001c6                ADC0_IRQHandler
                0x00000000000001ce                CMP0_IRQHandler
                0x00000000000001d6                TPM0_IRQHandler
                0x00000000000001de                TPM1_IRQHandler
                0x00000000000001e6                TPM2_IRQHandler
                0x00000000000001ee                RTC_IRQHandler
                0x00000000000001f6                RTC_Seconds_IRQHandler
                0x00000000000001fe                PIT_IRQHandler
                0x0000000000000206                Reserved39_IRQHandler
                0x000000000000020e                USB0_IRQHandler
                0x0000000000000216                DAC0_IRQHandler
                0x000000000000021e                TSI0_IRQHandler
                0x0000000000000226                MCG_IRQHandler
                0x000000000000022e                LPTMR0_IRQHandler
                0x0000000000000236                Reserved45_IRQHandler
                0x000000000000023e                PORTA_IRQHandler
                0x0000000000000246                PORTD_IRQHandler
                0x0000000000000400                . = 0x400
 *fill*         0x000000000000024e      0x1b2 ff
                0x0000000000000400                PROVIDE (__FLASH_CONFIG_START__ = .)
 *(SORT_BY_ALIGNMENT(.FlashConfig))
 .FlashConfig   0x0000000000000400       0x10 ./startup/startup_mkl25z4.o
                0x0000000000000400                Flash_Config
                0x0000000000000410                PROVIDE (__FLASH_CONFIG_END__ = .)
                0x0000000000000001                ASSERT (! ((__FLASH_CONFIG_START__ == __FLASH_CONFIG_END__)), Linker Flash Config Support Enabled, but no .FlashConfig section provided within application)
 *(SORT_BY_ALIGNMENT(.text*))
 .text.vPortStartFirstTask
                0x0000000000000410       0x38 ./freertos/port.o
 *fill*         0x0000000000000448        0x8 ff
 .text.PendSV_Handler
                0x0000000000000450       0x48 ./freertos/port.o
                0x0000000000000450                PendSV_Handler
 .text.DbgConsole_Init
                0x0000000000000498       0xf0 ./utilities/fsl_debug_console.o
                0x0000000000000498                DbgConsole_Init
 .text.main     0x0000000000000588       0x8c ./source/PES Project 6.o
                0x0000000000000588                main
 .text.generateLUT
                0x0000000000000614      0x11c ./source/PES Project 6.o
                0x0000000000000614                generateLUT
 .text.SwTimerCallback
                0x0000000000000730       0x48 ./source/PES Project 6.o
 .text.DAC_Initialize
                0x0000000000000778       0x30 ./source/dac_driver.o
                0x0000000000000778                DAC_Initialize
 .text.HardFault_Handler
                0x00000000000007a8       0x30 ./source/semihost_hardfault.o
                0x00000000000007a8                HardFault_Handler
 .text.prvSetupTimerInterrupt
                0x00000000000007d8       0x40 ./freertos/fsl_tickless_lptmr.o
                0x00000000000007d8                prvSetupTimerInterrupt
 .text.pvPortMalloc
                0x0000000000000818      0x14c ./freertos/heap_4.o
                0x0000000000000818                pvPortMalloc
 .text.vPortFree
                0x0000000000000964       0x90 ./freertos/heap_4.o
                0x0000000000000964                vPortFree
 .text.prvHeapInit
                0x00000000000009f4       0xc0 ./freertos/heap_4.o
 .text.prvInsertBlockIntoFreeList
                0x0000000000000ab4       0xb0 ./freertos/heap_4.o
 .text.pxPortInitialiseStack
                0x0000000000000b64       0x54 ./freertos/port.o
                0x0000000000000b64                pxPortInitialiseStack
 .text.prvTaskExitError
                0x0000000000000bb8       0x18 ./freertos/port.o
 .text.xPortStartScheduler
                0x0000000000000bd0       0x44 ./freertos/port.o
                0x0000000000000bd0                xPortStartScheduler
 .text.vPortYield
                0x0000000000000c14       0x20 ./freertos/port.o
                0x0000000000000c14                vPortYield
 .text.vPortEnterCritical
                0x0000000000000c34       0x24 ./freertos/port.o
                0x0000000000000c34                vPortEnterCritical
 .text.vPortExitCritical
                0x0000000000000c58       0x30 ./freertos/port.o
                0x0000000000000c58                vPortExitCritical
 .text.SysTick_Handler
                0x0000000000000c88       0x34 ./freertos/port.o
                0x0000000000000c88                SysTick_Handler
 .text.vQueueAddToRegistry
                0x0000000000000cbc       0x50 ./freertos/queue.o
                0x0000000000000cbc                vQueueAddToRegistry
 .text.prvInitialiseNewTask
                0x0000000000000d0c      0x120 ./freertos/tasks.o
 .text.prvAddNewTaskToReadyList
                0x0000000000000e2c       0xd0 ./freertos/tasks.o
 .text.vTaskStartScheduler
                0x0000000000000efc       0x78 ./freertos/tasks.o
                0x0000000000000efc                vTaskStartScheduler
 .text.vTaskSuspendAll
                0x0000000000000f74       0x18 ./freertos/tasks.o
                0x0000000000000f74                vTaskSuspendAll
 .text.xTaskResumeAll
                0x0000000000000f8c      0x118 ./freertos/tasks.o
                0x0000000000000f8c                xTaskResumeAll
 .text.xTaskGetTickCount
                0x00000000000010a4       0x1c ./freertos/tasks.o
                0x00000000000010a4                xTaskGetTickCount
 .text.xTaskIncrementTick
                0x00000000000010c0      0x14c ./freertos/tasks.o
                0x00000000000010c0                xTaskIncrementTick
 .text.vTaskSwitchContext
                0x000000000000120c       0xa4 ./freertos/tasks.o
                0x000000000000120c                vTaskSwitchContext
 .text.vTaskPlaceOnEventList
                0x00000000000012b0       0x3c ./freertos/tasks.o
                0x00000000000012b0                vTaskPlaceOnEventList
 .text.vTaskPlaceOnEventListRestricted
                0x00000000000012ec       0x4c ./freertos/tasks.o
                0x00000000000012ec                vTaskPlaceOnEventListRestricted
 .text.xTaskRemoveFromEventList
                0x0000000000001338       0xb8 ./freertos/tasks.o
                0x0000000000001338                xTaskRemoveFromEventList
 .text.vTaskSetTimeOutState
                0x00000000000013f0       0x34 ./freertos/tasks.o
                0x00000000000013f0                vTaskSetTimeOutState
 .text.xTaskCheckForTimeOut
                0x0000000000001424       0x9c ./freertos/tasks.o
                0x0000000000001424                xTaskCheckForTimeOut
 .text.vTaskMissedYield
                0x00000000000014c0       0x14 ./freertos/tasks.o
                0x00000000000014c0                vTaskMissedYield
 .text.prvIdleTask
                0x00000000000014d4       0x20 ./freertos/tasks.o
 .text.prvInitialiseTaskLists
                0x00000000000014f4       0x88 ./freertos/tasks.o
 .text.prvCheckTasksWaitingTermination
                0x000000000000157c       0x74 ./freertos/tasks.o
 .text.prvResetNextTaskUnblockTime
                0x00000000000015f0       0x48 ./freertos/tasks.o
 .text.xTaskGetSchedulerState
                0x0000000000001638       0x38 ./freertos/tasks.o
                0x0000000000001638                xTaskGetSchedulerState
 .text.vTaskPriorityInherit
                0x0000000000001670       0xbc ./freertos/tasks.o
                0x0000000000001670                vTaskPriorityInherit
 .text.xTaskPriorityDisinherit
                0x000000000000172c       0xb8 ./freertos/tasks.o
                0x000000000000172c                xTaskPriorityDisinherit
 .text.pvTaskIncrementMutexHeldCount
                0x00000000000017e4       0x24 ./freertos/tasks.o
                0x00000000000017e4                pvTaskIncrementMutexHeldCount
 .text.prvAddCurrentTaskToDelayedList
                0x0000000000001808       0xa8 ./freertos/tasks.o
 .text.xTimerCreateTimerTask
                0x00000000000018b0       0x54 ./freertos/timers.o
                0x00000000000018b0                xTimerCreateTimerTask
 .text.xTimerGenericCommand
                0x0000000000001904       0x94 ./freertos/timers.o
                0x0000000000001904                xTimerGenericCommand
 .text.prvProcessExpiredTimer
                0x0000000000001998       0x70 ./freertos/timers.o
 .text.prvProcessTimerOrBlockTask
                0x0000000000001a08       0x8c ./freertos/timers.o
 .text.prvGetNextExpireTime
                0x0000000000001a94       0x40 ./freertos/timers.o
 .text.prvSampleTimeNow
                0x0000000000001ad4       0x40 ./freertos/timers.o
 .text.prvInsertTimerInActiveList
                0x0000000000001b14       0x84 ./freertos/timers.o
 .text.prvProcessReceivedCommands
                0x0000000000001b98      0x124 ./freertos/timers.o
 .text.prvSwitchTimerLists
                0x0000000000001cbc       0xb4 ./freertos/timers.o
 .text.prvCheckForValidListAndQueue
                0x0000000000001d70       0x74 ./freertos/timers.o
 .text.CLOCK_SetEr32kClock
                0x0000000000001de4       0x34 ./drivers/fsl_clock.o
 .text.CLOCK_SetPllFllSelClock
                0x0000000000001e18       0x38 ./drivers/fsl_clock.o
 .text.CLOCK_GetMcgExtClkFreq
                0x0000000000001e50       0x28 ./drivers/fsl_clock.o
 .text.CLOCK_GetFllExtRefClkFreq
                0x0000000000001e78       0xa4 ./drivers/fsl_clock.o
 .text.CLOCK_GetFllRefClkFreq
                0x0000000000001f1c       0x2c ./drivers/fsl_clock.o
 .text.CLOCK_GetOscRangeFromFreq
                0x0000000000001f48       0x4c ./drivers/fsl_clock.o
 .text.CLOCK_GetPllFllSelClkFreq
                0x0000000000001f94       0x4c ./drivers/fsl_clock.o
                0x0000000000001f94                CLOCK_GetPllFllSelClkFreq
 .text.CLOCK_SetSimConfig
                0x0000000000001fe0       0x38 ./drivers/fsl_clock.o
                0x0000000000001fe0                CLOCK_SetSimConfig
 .text.CLOCK_GetFllFreq
                0x0000000000002018       0x84 ./drivers/fsl_clock.o
                0x0000000000002018                CLOCK_GetFllFreq
 .text.CLOCK_GetPll0Freq
                0x000000000000209c       0x70 ./drivers/fsl_clock.o
                0x000000000000209c                CLOCK_GetPll0Freq
 .text.CLOCK_SetInternalRefClkConfig
                0x000000000000210c      0x124 ./drivers/fsl_clock.o
                0x000000000000210c                CLOCK_SetInternalRefClkConfig
 .text.CLOCK_EnablePll0
                0x0000000000002230       0x90 ./drivers/fsl_clock.o
                0x0000000000002230                CLOCK_EnablePll0
 .text.CLOCK_InitOsc0
                0x00000000000022c0       0x94 ./drivers/fsl_clock.o
                0x00000000000022c0                CLOCK_InitOsc0
 .text.CLOCK_SetPbeMode
                0x0000000000002354       0xb0 ./drivers/fsl_clock.o
                0x0000000000002354                CLOCK_SetPbeMode
 .text.CLOCK_BootToPeeMode
                0x0000000000002404       0x70 ./drivers/fsl_clock.o
                0x0000000000002404                CLOCK_BootToPeeMode
 .text.CLOCK_EnableClock
                0x0000000000002474       0x34 ./drivers/fsl_dac.o
 .text.DAC_GetInstance
                0x00000000000024a8       0x48 ./drivers/fsl_dac.o
 .text.DAC_Init
                0x00000000000024f0       0x80 ./drivers/fsl_dac.o
                0x00000000000024f0                DAC_Init
 .text.DAC_GetDefaultConfig
                0x0000000000002570       0x30 ./drivers/fsl_dac.o
                0x0000000000002570                DAC_GetDefaultConfig
 .text.DAC_SetBufferValue
                0x00000000000025a0       0x64 ./drivers/fsl_dac.o
                0x00000000000025a0                DAC_SetBufferValue
 .text.DMA_ClearChannelStatusFlags
                0x0000000000002604       0x54 ./drivers/fsl_dma.o
 .text.DMA_HandleIRQ
                0x0000000000002658       0x4c ./drivers/fsl_dma.o
                0x0000000000002658                DMA_HandleIRQ
 .text.DMA0_DriverIRQHandler
                0x00000000000026a4       0x18 ./drivers/fsl_dma.o
                0x00000000000026a4                DMA0_DriverIRQHandler
 .text.DMA1_DriverIRQHandler
                0x00000000000026bc       0x18 ./drivers/fsl_dma.o
                0x00000000000026bc                DMA1_DriverIRQHandler
 .text.DMA2_DriverIRQHandler
                0x00000000000026d4       0x18 ./drivers/fsl_dma.o
                0x00000000000026d4                DMA2_DriverIRQHandler
 .text.DMA3_DriverIRQHandler
                0x00000000000026ec       0x18 ./drivers/fsl_dma.o
                0x00000000000026ec                DMA3_DriverIRQHandler
 .text.CLOCK_EnableClock
                0x0000000000002704       0x34 ./drivers/fsl_lpsci.o
 .text.LPSCI_GetInstance
                0x0000000000002738       0x48 ./drivers/fsl_lpsci.o
                0x0000000000002738                LPSCI_GetInstance
 .text.LPSCI_Init
                0x0000000000002780      0x258 ./drivers/fsl_lpsci.o
                0x0000000000002780                LPSCI_Init
 .text.LPSCI_GetDefaultConfig
                0x00000000000029d8       0x44 ./drivers/fsl_lpsci.o
                0x00000000000029d8                LPSCI_GetDefaultConfig
 .text.LPSCI_ClearStatusFlags
                0x0000000000002a1c       0x94 ./drivers/fsl_lpsci.o
                0x0000000000002a1c                LPSCI_ClearStatusFlags
 .text.LPSCI_WriteBlocking
                0x0000000000002ab0       0x4c ./drivers/fsl_lpsci.o
                0x0000000000002ab0                LPSCI_WriteBlocking
 .text.LPSCI_ReadBlocking
                0x0000000000002afc       0xc0 ./drivers/fsl_lpsci.o
                0x0000000000002afc                LPSCI_ReadBlocking
 .text.UART0_DriverIRQHandler
                0x0000000000002bbc       0x24 ./drivers/fsl_lpsci.o
                0x0000000000002bbc                UART0_DriverIRQHandler
 .text.CLOCK_EnableClock
                0x0000000000002be0       0x34 ./drivers/fsl_uart.o
 .text.UART_GetInstance
                0x0000000000002c14       0x54 ./drivers/fsl_uart.o
                0x0000000000002c14                UART_GetInstance
 .text.UART_Init
                0x0000000000002c68      0x1e0 ./drivers/fsl_uart.o
                0x0000000000002c68                UART_Init
 .text.UART_GetDefaultConfig
                0x0000000000002e48       0x44 ./drivers/fsl_uart.o
                0x0000000000002e48                UART_GetDefaultConfig
 .text.UART_ReadBlocking
                0x0000000000002e8c       0x98 ./drivers/fsl_uart.o
                0x0000000000002e8c                UART_ReadBlocking
 .text.UART1_DriverIRQHandler
                0x0000000000002f24       0x24 ./drivers/fsl_uart.o
                0x0000000000002f24                UART1_DriverIRQHandler
 .text.UART2_DriverIRQHandler
                0x0000000000002f48       0x24 ./drivers/fsl_uart.o
                0x0000000000002f48                UART2_DriverIRQHandler
 .text.CLOCK_SetLpsci0Clock
                0x0000000000002f6c       0x38 ./board/board.o
 .text.BOARD_InitDebugConsole
                0x0000000000002fa4       0x30 ./board/board.o
                0x0000000000002fa4                BOARD_InitDebugConsole
 .text.CLOCK_SetSimSafeDivs
                0x0000000000002fd4       0x20 ./board/clock_config.o
 .text.CLOCK_SetXtal0Freq
                0x0000000000002ff4       0x1c ./board/clock_config.o
 .text.CLOCK_CONFIG_SetFllExtRefDiv
                0x0000000000003010       0x3c ./board/clock_config.o
 .text.BOARD_BootClockRUN
                0x000000000000304c       0x64 ./board/clock_config.o
                0x000000000000304c                BOARD_BootClockRUN
 .text.CLOCK_EnableClock
                0x00000000000030b0       0x34 ./board/pin_mux.o
 .text.PORT_SetPinMux
                0x00000000000030e4       0x40 ./board/pin_mux.o
 .text.BOARD_InitPins
                0x0000000000003124       0x4c ./board/pin_mux.o
                0x0000000000003124                BOARD_InitPins
 .text.SystemInit
                0x0000000000003170       0x18 ./CMSIS/system_MKL25Z4.o
                0x0000000000003170                SystemInit
 .text.SystemCoreClockUpdate
                0x0000000000003188      0x238 ./CMSIS/system_MKL25Z4.o
                0x0000000000003188                SystemCoreClockUpdate
 .text.__assertion_failed
                0x00000000000033c0       0x4c /Applications/MCUXpressoIDE_11.0.1_2563/ide/plugins/com.nxp.mcuxpresso.tools.macosx_11.0.1.201907311258/tools/bin/../lib/gcc/arm-none-eabi/8.2.1/../../../../arm-none-eabi/lib/thumb/v6-m/nofp/libcr_semihost_nf.a(_cr_assert.o)
                0x00000000000033c0                __assertion_failed
 .text.__sys_appexit
                0x000000000000340c        0xc /Applications/MCUXpressoIDE_11.0.1_2563/ide/plugins/com.nxp.mcuxpresso.tools.macosx_11.0.1.201907311258/tools/bin/../lib/gcc/arm-none-eabi/8.2.1/../../../../arm-none-eabi/lib/thumb/v6-m/nofp/libcr_semihost_nf.a(__sys_appexit.o)
                0x000000000000340c                __exit
                0x000000000000340c                __sys_appexit
 .text._deferredlazyseek
                0x0000000000003418       0x40 /Applications/MCUXpressoIDE_11.0.1_2563/ide/plugins/com.nxp.mcuxpresso.tools.macosx_11.0.1.201907311258/tools/bin/../lib/gcc/arm-none-eabi/8.2.1/../../../../arm-none-eabi/lib/thumb/v6-m/nofp/libcr_c.a(_deferredlazyseek.o)
                0x0000000000003418                _deferredlazyseek
 .text.__flsbuf
                0x0000000000003458      0x14c /Applications/MCUXpressoIDE_11.0.1_2563/ide/plugins/com.nxp.mcuxpresso.tools.macosx_11.0.1.201907311258/tools/bin/../lib/gcc/arm-none-eabi/8.2.1/../../../../arm-none-eabi/lib/thumb/v6-m/nofp/libcr_c.a(_deferredlazyseek.o)
                0x0000000000003458                __flsbuf
 .text._fflush  0x00000000000035a4       0x5c /Applications/MCUXpressoIDE_11.0.1_2563/ide/plugins/com.nxp.mcuxpresso.tools.macosx_11.0.1.201907311258/tools/bin/../lib/gcc/arm-none-eabi/8.2.1/../../../../arm-none-eabi/lib/thumb/v6-m/nofp/libcr_c.a(_fflush.o)
                0x00000000000035a4                _fflush
 .text._Cwritebuf
                0x0000000000003600       0x68 /Applications/MCUXpressoIDE_11.0.1_2563/ide/plugins/com.nxp.mcuxpresso.tools.macosx_11.0.1.201907311258/tools/bin/../lib/gcc/arm-none-eabi/8.2.1/../../../../arm-none-eabi/lib/thumb/v6-m/nofp/libcr_c.a(_writebuf.o)
                0x0000000000003600                _Cwritebuf
 .text.malloc   0x0000000000003668       0xcc /Applications/MCUXpressoIDE_11.0.1_2563/ide/plugins/com.nxp.mcuxpresso.tools.macosx_11.0.1.201907311258/tools/bin/../lib/gcc/arm-none-eabi/8.2.1/../../../../arm-none-eabi/lib/thumb/v6-m/nofp/libcr_c.a(alloc.o)
                0x0000000000003668                malloc
 .text._Csys_alloc
                0x0000000000003734       0x20 /Applications/MCUXpressoIDE_11.0.1_2563/ide/plugins/com.nxp.mcuxpresso.tools.macosx_11.0.1.201907311258/tools/bin/../lib/gcc/arm-none-eabi/8.2.1/../../../../arm-none-eabi/lib/thumb/v6-m/nofp/libcr_c.a(alloc.o)
                0x0000000000003734                _Csys_alloc
 .text.sprintf  0x0000000000003754       0x6c /Applications/MCUXpressoIDE_11.0.1_2563/ide/plugins/com.nxp.mcuxpresso.tools.macosx_11.0.1.201907311258/tools/bin/../lib/gcc/arm-none-eabi/8.2.1/../../../../arm-none-eabi/lib/thumb/v6-m/nofp/libcr_c.a(fpprintf.o)
                0x0000000000003754                sprintf
 .text.fp_display
                0x00000000000037c0      0x964 /Applications/MCUXpressoIDE_11.0.1_2563/ide/plugins/com.nxp.mcuxpresso.tools.macosx_11.0.1.201907311258/tools/bin/../lib/gcc/arm-none-eabi/8.2.1/../../../../arm-none-eabi/lib/thumb/v6-m/nofp/libcr_c.a(fpprintf.o)
 .text.vsnprintf
                0x0000000000004124       0x70 /Applications/MCUXpressoIDE_11.0.1_2563/ide/plugins/com.nxp.mcuxpresso.tools.macosx_11.0.1.201907311258/tools/bin/../lib/gcc/arm-none-eabi/8.2.1/../../../../arm-none-eabi/lib/thumb/v6-m/nofp/libcr_c.a(fpprintf.o)
                0x0000000000004124                vsnprintf
 .text.printf   0x0000000000004194       0x50 /Applications/MCUXpressoIDE_11.0.1_2563/ide/plugins/com.nxp.mcuxpresso.tools.macosx_11.0.1.201907311258/tools/bin/../lib/gcc/arm-none-eabi/8.2.1/../../../../arm-none-eabi/lib/thumb/v6-m/nofp/libcr_c.a(fpprintf.o)
                0x0000000000004194                printf
 .text.fseek    0x00000000000041e4       0xf0 /Applications/MCUXpressoIDE_11.0.1_2563/ide/plugins/com.nxp.mcuxpresso.tools.macosx_11.0.1.201907311258/tools/bin/../lib/gcc/arm-none-eabi/8.2.1/../../../../arm-none-eabi/lib/thumb/v6-m/nofp/libcr_c.a(fseek.o)
                0x00000000000041e4                fseek
 .text.ftell    0x00000000000042d4       0x48 /Applications/MCUXpressoIDE_11.0.1_2563/ide/plugins/com.nxp.mcuxpresso.tools.macosx_11.0.1.201907311258/tools/bin/../lib/gcc/arm-none-eabi/8.2.1/../../../../arm-none-eabi/lib/thumb/v6-m/nofp/libcr_c.a(ftell.o)
                0x00000000000042d4                ftell
 .text._initio  0x000000000000431c       0x7c /Applications/MCUXpressoIDE_11.0.1_2563/ide/plugins/com.nxp.mcuxpresso.tools.macosx_11.0.1.201907311258/tools/bin/../lib/gcc/arm-none-eabi/8.2.1/../../../../arm-none-eabi/lib/thumb/v6-m/nofp/libcr_c.a(initio.o)
                0x000000000000431c                _initio
 .text.__vfprintf
                0x0000000000004398      0xcd8 /Applications/MCUXpressoIDE_11.0.1_2563/ide/plugins/com.nxp.mcuxpresso.tools.macosx_11.0.1.201907311258/tools/bin/../lib/gcc/arm-none-eabi/8.2.1/../../../../arm-none-eabi/lib/thumb/v6-m/nofp/libcr_c.a(printf.o)
                0x0000000000004398                __vfprintf
 .text.setvbuf  0x0000000000005070       0x4c /Applications/MCUXpressoIDE_11.0.1_2563/ide/plugins/com.nxp.mcuxpresso.tools.macosx_11.0.1.201907311258/tools/bin/../lib/gcc/arm-none-eabi/8.2.1/../../../../arm-none-eabi/lib/thumb/v6-m/nofp/libcr_c.a(setvbuf.o)
                0x0000000000005070                setvbuf
 .text.strlen   0x00000000000050bc       0x58 /Applications/MCUXpressoIDE_11.0.1_2563/ide/plugins/com.nxp.mcuxpresso.tools.macosx_11.0.1.201907311258/tools/bin/../lib/gcc/arm-none-eabi/8.2.1/../../../../arm-none-eabi/lib/thumb/v6-m/nofp/libcr_c.a(strlen.o)
                0x00000000000050bc                strlen
 .text._sbrk    0x0000000000005114       0x40 /Applications/MCUXpressoIDE_11.0.1_2563/ide/plugins/com.nxp.mcuxpresso.tools.macosx_11.0.1.201907311258/tools/bin/../lib/gcc/arm-none-eabi/8.2.1/../../../../arm-none-eabi/lib/thumb/v6-m/nofp/libcr_c.a(_cr_sbrk.o)
                0x0000000000005114                _sbrk
 .text._fdopen  0x0000000000005154       0x74 /Applications/MCUXpressoIDE_11.0.1_2563/ide/plugins/com.nxp.mcuxpresso.tools.macosx_11.0.1.201907311258/tools/bin/../lib/gcc/arm-none-eabi/8.2.1/../../../../arm-none-eabi/lib/thumb/v6-m/nofp/libcr_c.a(_fdopen.o)
                0x0000000000005154                _fdopen
 .text._frexpl  0x00000000000051c8       0x80 /Applications/MCUXpressoIDE_11.0.1_2563/ide/plugins/com.nxp.mcuxpresso.tools.macosx_11.0.1.201907311258/tools/bin/../lib/gcc/arm-none-eabi/8.2.1/../../../../arm-none-eabi/lib/thumb/v6-m/nofp/libcr_c.a(_frexpl.o)
                0x00000000000051c8                _frexpl
 .text._ldexpl  0x0000000000005248       0x58 /Applications/MCUXpressoIDE_11.0.1_2563/ide/plugins/com.nxp.mcuxpresso.tools.macosx_11.0.1.201907311258/tools/bin/../lib/gcc/arm-none-eabi/8.2.1/../../../../arm-none-eabi/lib/thumb/v6-m/nofp/libcr_c.a(_ldexpl.o)
                0x0000000000005248                _ldexpl
 .text._sincos  0x00000000000052a0      0x1dc /Applications/MCUXpressoIDE_11.0.1_2563/ide/plugins/com.nxp.mcuxpresso.tools.macosx_11.0.1.201907311258/tools/bin/../lib/gcc/arm-none-eabi/8.2.1/../../../../arm-none-eabi/lib/thumb/v6-m/nofp/libcr_c.a(_sincos.o)
                0x00000000000052a0                _sincos
 .text.fclose   0x000000000000547c       0x5c /Applications/MCUXpressoIDE_11.0.1_2563/ide/plugins/com.nxp.mcuxpresso.tools.macosx_11.0.1.201907311258/tools/bin/../lib/gcc/arm-none-eabi/8.2.1/../../../../arm-none-eabi/lib/thumb/v6-m/nofp/libcr_c.a(fclose.o)
                0x000000000000547c                fclose
 .text.fflush   0x00000000000054d8       0x44 /Applications/MCUXpressoIDE_11.0.1_2563/ide/plugins/com.nxp.mcuxpresso.tools.macosx_11.0.1.201907311258/tools/bin/../lib/gcc/arm-none-eabi/8.2.1/../../../../arm-none-eabi/lib/thumb/v6-m/nofp/libcr_c.a(fflush.o)
                0x00000000000054d8                fflush
 .text.__check_heap_overflow
                0x000000000000551c       0x14 /Applications/MCUXpressoIDE_11.0.1_2563/ide/plugins/com.nxp.mcuxpresso.tools.macosx_11.0.1.201907311258/tools/bin/../lib/gcc/arm-none-eabi/8.2.1/../../../../arm-none-eabi/lib/thumb/v6-m/nofp/libcr_c.a(_cr_check_heap.o)
                0x000000000000551c                __check_heap_overflow
 .text._do_fflush
                0x0000000000005530       0x44 /Applications/MCUXpressoIDE_11.0.1_2563/ide/plugins/com.nxp.mcuxpresso.tools.macosx_11.0.1.201907311258/tools/bin/../lib/gcc/arm-none-eabi/8.2.1/../../../../arm-none-eabi/lib/thumb/v6-m/nofp/libcr_c.a(_do_fflush.o)
                0x0000000000005530                _do_fflush
 .text.__aeabi_dmul
                0x0000000000005574      0x188 /Applications/MCUXpressoIDE_11.0.1_2563/ide/plugins/com.nxp.mcuxpresso.tools.macosx_11.0.1.201907311258/tools/bin/../lib/gcc/arm-none-eabi/8.2.1/thumb/v6-m/nofp/libcr_eabihelpers.a(double.o)
                0x0000000000005574                __aeabi_dmul
 .text.__aeabi_ddiv
                0x00000000000056fc      0x148 /Applications/MCUXpressoIDE_11.0.1_2563/ide/plugins/com.nxp.mcuxpresso.tools.macosx_11.0.1.201907311258/tools/bin/../lib/gcc/arm-none-eabi/8.2.1/thumb/v6-m/nofp/libcr_eabihelpers.a(double.o)
                0x00000000000056fc                __aeabi_ddiv
 .text.__aeabi_dsub
                0x0000000000005844      0x1c4 /Applications/MCUXpressoIDE_11.0.1_2563/ide/plugins/com.nxp.mcuxpresso.tools.macosx_11.0.1.201907311258/tools/bin/../lib/gcc/arm-none-eabi/8.2.1/thumb/v6-m/nofp/libcr_eabihelpers.a(double.o)
                0x0000000000005844                __aeabi_dsub
 .text.__aeabi_dadd
                0x0000000000005a08      0x12c /Applications/MCUXpressoIDE_11.0.1_2563/ide/plugins/com.nxp.mcuxpresso.tools.macosx_11.0.1.201907311258/tools/bin/../lib/gcc/arm-none-eabi/8.2.1/thumb/v6-m/nofp/libcr_eabihelpers.a(double.o)
                0x0000000000005a08                __aeabi_dadd
 .text.__aeabi_d2iz
                0x0000000000005b34       0x4c /Applications/MCUXpressoIDE_11.0.1_2563/ide/plugins/com.nxp.mcuxpresso.tools.macosx_11.0.1.201907311258/tools/bin/../lib/gcc/arm-none-eabi/8.2.1/thumb/v6-m/nofp/libcr_eabihelpers.a(double.o)
                0x0000000000005b34                __aeabi_d2iz
 .text.__aeabi_d2uiz
                0x0000000000005b80       0x34 /Applications/MCUXpressoIDE_11.0.1_2563/ide/plugins/com.nxp.mcuxpresso.tools.macosx_11.0.1.201907311258/tools/bin/../lib/gcc/arm-none-eabi/8.2.1/thumb/v6-m/nofp/libcr_eabihelpers.a(double.o)
                0x0000000000005b80                __aeabi_d2uiz
 .text.__aeabi_dcmpeq
                0x0000000000005bb4       0x30 /Applications/MCUXpressoIDE_11.0.1_2563/ide/plugins/com.nxp.mcuxpresso.tools.macosx_11.0.1.201907311258/tools/bin/../lib/gcc/arm-none-eabi/8.2.1/thumb/v6-m/nofp/libcr_eabihelpers.a(double.o)
                0x0000000000005bb4                __aeabi_dcmpeq
 .text.__aeabi_dcmplt
                0x0000000000005be4       0x60 /Applications/MCUXpressoIDE_11.0.1_2563/ide/plugins/com.nxp.mcuxpresso.tools.macosx_11.0.1.201907311258/tools/bin/../lib/gcc/arm-none-eabi/8.2.1/thumb/v6-m/nofp/libcr_eabihelpers.a(double.o)
                0x0000000000005be4                __aeabi_dcmplt
 .text.__aeabi_dcmple
                0x0000000000005c44       0x58 /Applications/MCUXpressoIDE_11.0.1_2563/ide/plugins/com.nxp.mcuxpresso.tools.macosx_11.0.1.201907311258/tools/bin/../lib/gcc/arm-none-eabi/8.2.1/thumb/v6-m/nofp/libcr_eabihelpers.a(double.o)
                0x0000000000005c44                __aeabi_dcmple
 .text.__aeabi_dcmpge
                0x0000000000005c9c       0x60 /Applications/MCUXpressoIDE_11.0.1_2563/ide/plugins/com.nxp.mcuxpresso.tools.macosx_11.0.1.201907311258/tools/bin/../lib/gcc/arm-none-eabi/8.2.1/thumb/v6-m/nofp/libcr_eabihelpers.a(double.o)
                0x0000000000005c9c                __aeabi_dcmpge
 .text.UART_EnableTx
                0x0000000000005cfc       0x40 ./utilities/fsl_debug_console.o
 .text.UART_EnableRx
                0x0000000000005d3c       0x40 ./utilities/fsl_debug_console.o
 .text.LPSCI_EnableTx
                0x0000000000005d7c       0x40 ./utilities/fsl_debug_console.o
 .text.LPSCI_EnableRx
                0x0000000000005dbc       0x40 ./utilities/fsl_debug_console.o
 .text.DAC_Enable
                0x0000000000005dfc       0x4a ./source/dac_driver.o
 .text.vListInitialise
                0x0000000000005e46       0x3c ./freertos/list.o
                0x0000000000005e46                vListInitialise
 .text.vListInitialiseItem
                0x0000000000005e82       0x16 ./freertos/list.o
                0x0000000000005e82                vListInitialiseItem
 .text.vListInsertEnd
                0x0000000000005e98       0x44 ./freertos/list.o
                0x0000000000005e98                vListInsertEnd
 .text.vListInsert
                0x0000000000005edc       0x6c ./freertos/list.o
                0x0000000000005edc                vListInsert
 .text.uxListRemove
                0x0000000000005f48       0x50 ./freertos/list.o
                0x0000000000005f48                uxListRemove
 .text.SVC_Handler
                0x0000000000005f98        0xa ./freertos/port.o
                0x0000000000005f98                SVC_Handler
 .text.ulSetInterruptMaskFromISR
                0x0000000000005fa2        0xc ./freertos/port.o
                0x0000000000005fa2                ulSetInterruptMaskFromISR
 .text.vClearInterruptMaskFromISR
                0x0000000000005fae        0x8 ./freertos/port.o
                0x0000000000005fae                vClearInterruptMaskFromISR
 .text.xQueueGenericReset
                0x0000000000005fb6       0xa8 ./freertos/queue.o
                0x0000000000005fb6                xQueueGenericReset
 .text.xQueueGenericCreate
                0x000000000000605e       0x64 ./freertos/queue.o
                0x000000000000605e                xQueueGenericCreate
 .text.prvInitialiseNewQueue
                0x00000000000060c2       0x4e ./freertos/queue.o
 .text.xQueueGenericSend
                0x0000000000006110      0x188 ./freertos/queue.o
                0x0000000000006110                xQueueGenericSend
 .text.xQueueGenericSendFromISR
                0x0000000000006298       0xe2 ./freertos/queue.o
                0x0000000000006298                xQueueGenericSendFromISR
 .text.xQueueGenericReceive
                0x000000000000637a      0x1c8 ./freertos/queue.o
                0x000000000000637a                xQueueGenericReceive
 .text.prvCopyDataToQueue
                0x0000000000006542       0xd6 ./freertos/queue.o
 .text.prvCopyDataFromQueue
                0x0000000000006618       0x4c ./freertos/queue.o
 .text.prvUnlockQueue
                0x0000000000006664       0xbc ./freertos/queue.o
 .text.prvIsQueueEmpty
                0x0000000000006720       0x2c ./freertos/queue.o
 .text.prvIsQueueFull
                0x000000000000674c       0x30 ./freertos/queue.o
 .text.vQueueWaitForMessageRestricted
                0x000000000000677c       0x66 ./freertos/queue.o
                0x000000000000677c                vQueueWaitForMessageRestricted
 .text.xTaskCreate
                0x00000000000067e2       0x90 ./freertos/tasks.o
                0x00000000000067e2                xTaskCreate
 .text.prvDeleteTCB
                0x0000000000006872       0x22 ./freertos/tasks.o
 .text.xTimerCreate
                0x0000000000006894       0x3e ./freertos/timers.o
                0x0000000000006894                xTimerCreate
 .text.prvInitialiseNewTimer
                0x00000000000068d2       0x52 ./freertos/timers.o
 .text.prvTimerTask
                0x0000000000006924       0x28 ./freertos/timers.o
 .text.OSC_SetExtRefClkConfig
                0x000000000000694c       0x3e ./drivers/fsl_clock.o
 .text.OSC_SetCapLoad
                0x000000000000698a       0x42 ./drivers/fsl_clock.o
 .text.CLOCK_GetPll0RefFreq
                0x00000000000069cc       0x10 ./drivers/fsl_clock.o
 .text.CLOCK_SetExternalRefClkConfig
                0x00000000000069dc       0x16 ./drivers/fsl_clock.o
                0x00000000000069dc                CLOCK_SetExternalRefClkConfig
 .text.LPSCI_GetStatusFlags
                0x00000000000069f2       0x26 ./drivers/fsl_lpsci.o
                0x00000000000069f2                LPSCI_GetStatusFlags
 .text.UART_GetStatusFlags
                0x0000000000006a18       0x26 ./drivers/fsl_uart.o
                0x0000000000006a18                UART_GetStatusFlags
 .text.UART_WriteBlocking
                0x0000000000006a3e       0x3a ./drivers/fsl_uart.o
                0x0000000000006a3e                UART_WriteBlocking
 .text.BOARD_InitBootClocks
                0x0000000000006a78        0xe ./board/clock_config.o
                0x0000000000006a78                BOARD_InitBootClocks
 .text.BOARD_InitBootPeripherals
                0x0000000000006a86        0xa ./board/peripherals.o
                0x0000000000006a86                BOARD_InitBootPeripherals
 .text.BOARD_InitBootPins
                0x0000000000006a90        0xe ./board/pin_mux.o
                0x0000000000006a90                BOARD_InitBootPins
 .text.__main   0x0000000000006a9e        0xc /Applications/MCUXpressoIDE_11.0.1_2563/ide/plugins/com.nxp.mcuxpresso.tools.macosx_11.0.1.201907311258/tools/bin/../lib/gcc/arm-none-eabi/8.2.1/../../../../arm-none-eabi/lib/thumb/v6-m/nofp/libcr_semihost_nf.a(_cr__main.o)
                0x0000000000006a9e                __main
                0x0000000000006a9e                __CR_SEMIHOST
 .text.memcpy   0x0000000000006aaa        0x8 /Applications/MCUXpressoIDE_11.0.1_2563/ide/plugins/com.nxp.mcuxpresso.tools.macosx_11.0.1.201907311258/tools/bin/../lib/gcc/arm-none-eabi/8.2.1/../../../../arm-none-eabi/lib/thumb/v6-m/nofp/libcr_c.a(memcpy.o)
                0x0000000000006aaa                memcpy
 .text.memset   0x0000000000006ab2        0x8 /Applications/MCUXpressoIDE_11.0.1_2563/ide/plugins/com.nxp.mcuxpresso.tools.macosx_11.0.1.201907311258/tools/bin/../lib/gcc/arm-none-eabi/8.2.1/../../../../arm-none-eabi/lib/thumb/v6-m/nofp/libcr_c.a(memset.o)
                0x0000000000006ab2                memset
 .text.free     0x0000000000006aba       0x2c /Applications/MCUXpressoIDE_11.0.1_2563/ide/plugins/com.nxp.mcuxpresso.tools.macosx_11.0.1.201907311258/tools/bin/../lib/gcc/arm-none-eabi/8.2.1/../../../../arm-none-eabi/lib/thumb/v6-m/nofp/libcr_c.a(alloc.o)
                0x0000000000006aba                free
 .text.fp_round
                0x0000000000006ae6       0x4a /Applications/MCUXpressoIDE_11.0.1_2563/ide/plugins/com.nxp.mcuxpresso.tools.macosx_11.0.1.201907311258/tools/bin/../lib/gcc/arm-none-eabi/8.2.1/../../../../arm-none-eabi/lib/thumb/v6-m/nofp/libcr_c.a(fpprintf.o)
 .text.pr_dec.constprop.1
                0x0000000000006b30       0x30 /Applications/MCUXpressoIDE_11.0.1_2563/ide/plugins/com.nxp.mcuxpresso.tools.macosx_11.0.1.201907311258/tools/bin/../lib/gcc/arm-none-eabi/8.2.1/../../../../arm-none-eabi/lib/thumb/v6-m/nofp/libcr_c.a(fpprintf.o)
 .text.fputs    0x0000000000006b60       0x2e /Applications/MCUXpressoIDE_11.0.1_2563/ide/plugins/com.nxp.mcuxpresso.tools.macosx_11.0.1.201907311258/tools/bin/../lib/gcc/arm-none-eabi/8.2.1/../../../../arm-none-eabi/lib/thumb/v6-m/nofp/libcr_c.a(fputs.o)
                0x0000000000006b60                fputs
 .text.sin      0x0000000000006b8e       0x36 /Applications/MCUXpressoIDE_11.0.1_2563/ide/plugins/com.nxp.mcuxpresso.tools.macosx_11.0.1.201907311258/tools/bin/../lib/gcc/arm-none-eabi/8.2.1/../../../../arm-none-eabi/lib/thumb/v6-m/nofp/libcr_c.a(sin.o)
                0x0000000000006b8e                sin
 .text.fabs     0x0000000000006bc4       0x22 /Applications/MCUXpressoIDE_11.0.1_2563/ide/plugins/com.nxp.mcuxpresso.tools.macosx_11.0.1.201907311258/tools/bin/../lib/gcc/arm-none-eabi/8.2.1/../../../../arm-none-eabi/lib/thumb/v6-m/nofp/libcr_c.a(fabs.o)
                0x0000000000006bc4                fabs
 .text.remove   0x0000000000006be6       0x12 /Applications/MCUXpressoIDE_11.0.1_2563/ide/plugins/com.nxp.mcuxpresso.tools.macosx_11.0.1.201907311258/tools/bin/../lib/gcc/arm-none-eabi/8.2.1/../../../../arm-none-eabi/lib/thumb/v6-m/nofp/libcr_c.a(remove.o)
                0x0000000000006be6                remove
 .text.__aeabi_division_idivmod
                0x0000000000006bf8       0x78 /Applications/MCUXpressoIDE_11.0.1_2563/ide/plugins/com.nxp.mcuxpresso.tools.macosx_11.0.1.201907311258/tools/bin/../lib/gcc/arm-none-eabi/8.2.1/thumb/v6-m/nofp/libcr_eabihelpers.a(division_32.o)
                0x0000000000006bf8                __aeabi_idiv
                0x0000000000006bf8                __aeabi_idivmod
                0x0000000000006bfe                __aeabi_uidiv
                0x0000000000006bfe                __aeabi_uidivmod
 .text.__aeabi_division_idiv0
                0x0000000000006c70        0x2 /Applications/MCUXpressoIDE_11.0.1_2563/ide/plugins/com.nxp.mcuxpresso.tools.macosx_11.0.1.201907311258/tools/bin/../lib/gcc/arm-none-eabi/8.2.1/thumb/v6-m/nofp/libcr_eabihelpers.a(division_idiv0.o)
                0x0000000000006c70                __aeabi_idiv0
 .text.__bhs_ui2d
                0x0000000000006c72       0x5e /Applications/MCUXpressoIDE_11.0.1_2563/ide/plugins/com.nxp.mcuxpresso.tools.macosx_11.0.1.201907311258/tools/bin/../lib/gcc/arm-none-eabi/8.2.1/thumb/v6-m/nofp/libcr_eabihelpers.a(double.o)
                0x0000000000006c72                __bhs_ui2d
 .text.__aeabi_i2d
                0x0000000000006cd0       0x18 /Applications/MCUXpressoIDE_11.0.1_2563/ide/plugins/com.nxp.mcuxpresso.tools.macosx_11.0.1.201907311258/tools/bin/../lib/gcc/arm-none-eabi/8.2.1/thumb/v6-m/nofp/libcr_eabihelpers.a(double.o)
                0x0000000000006cd0                __aeabi_i2d
 .text.__aeabi_llong_lmul
                0x0000000000006ce8       0x2e /Applications/MCUXpressoIDE_11.0.1_2563/ide/plugins/com.nxp.mcuxpresso.tools.macosx_11.0.1.201907311258/tools/bin/../lib/gcc/arm-none-eabi/8.2.1/thumb/v6-m/nofp/libcr_eabihelpers.a(llong.o)
                0x0000000000006ce8                __aeabi_lmul
 .text.__aeabi_memcpy
                0x0000000000006d16       0x2c /Applications/MCUXpressoIDE_11.0.1_2563/ide/plugins/com.nxp.mcuxpresso.tools.macosx_11.0.1.201907311258/tools/bin/../lib/gcc/arm-none-eabi/8.2.1/thumb/v6-m/nofp/libcr_eabihelpers.a(memcpy.o)
                0x0000000000006d16                __aeabi_memcpy
                0x0000000000006d16                __aeabi_memcpy4
                0x0000000000006d16                __aeabi_memcpy8
 .text.__aeabi_memset_lowlevel
                0x0000000000006d42       0x2a /Applications/MCUXpressoIDE_11.0.1_2563/ide/plugins/com.nxp.mcuxpresso.tools.macosx_11.0.1.201907311258/tools/bin/../lib/gcc/arm-none-eabi/8.2.1/thumb/v6-m/nofp/libcr_eabihelpers.a(memcpy.o)
                0x0000000000006d42                __aeabi_lowlevel_memset
 .text.__sys_close
                0x0000000000006d6c        0xc /Applications/MCUXpressoIDE_11.0.1_2563/ide/plugins/com.nxp.mcuxpresso.tools.macosx_11.0.1.201907311258/tools/bin/../lib/gcc/arm-none-eabi/8.2.1/../../../../arm-none-eabi/lib/thumb/v6-m/nofp/libcr_semihost_nf.a(__sys_close.o)
                0x0000000000006d6c                __sys_close
 .text.__sys_flen
                0x0000000000006d78        0xc /Applications/MCUXpressoIDE_11.0.1_2563/ide/plugins/com.nxp.mcuxpresso.tools.macosx_11.0.1.201907311258/tools/bin/../lib/gcc/arm-none-eabi/8.2.1/../../../../arm-none-eabi/lib/thumb/v6-m/nofp/libcr_semihost_nf.a(__sys_flen.o)
                0x0000000000006d78                __sys_flen
 .text.__sys_istty
                0x0000000000006d84        0xc /Applications/MCUXpressoIDE_11.0.1_2563/ide/plugins/com.nxp.mcuxpresso.tools.macosx_11.0.1.201907311258/tools/bin/../lib/gcc/arm-none-eabi/8.2.1/../../../../arm-none-eabi/lib/thumb/v6-m/nofp/libcr_semihost_nf.a(__sys_istty.o)
                0x0000000000006d84                __sys_istty
 .text.__sys_remove
                0x0000000000006d90        0xc /Applications/MCUXpressoIDE_11.0.1_2563/ide/plugins/com.nxp.mcuxpresso.tools.macosx_11.0.1.201907311258/tools/bin/../lib/gcc/arm-none-eabi/8.2.1/../../../../arm-none-eabi/lib/thumb/v6-m/nofp/libcr_semihost_nf.a(__sys_remove.o)
                0x0000000000006d90                __sys_remove
 .text.__sys_seek
                0x0000000000006d9c        0xc /Applications/MCUXpressoIDE_11.0.1_2563/ide/plugins/com.nxp.mcuxpresso.tools.macosx_11.0.1.201907311258/tools/bin/../lib/gcc/arm-none-eabi/8.2.1/../../../../arm-none-eabi/lib/thumb/v6-m/nofp/libcr_semihost_nf.a(__sys_seek.o)
                0x0000000000006d9c                __sys_seek
 .text.__sys_tmpnam
                0x0000000000006da8        0xc /Applications/MCUXpressoIDE_11.0.1_2563/ide/plugins/com.nxp.mcuxpresso.tools.macosx_11.0.1.201907311258/tools/bin/../lib/gcc/arm-none-eabi/8.2.1/../../../../arm-none-eabi/lib/thumb/v6-m/nofp/libcr_semihost_nf.a(__sys_tmpnam.o)
                0x0000000000006da8                __sys_tmpnam
 .text.__sys_write
                0x0000000000006db4        0xc /Applications/MCUXpressoIDE_11.0.1_2563/ide/plugins/com.nxp.mcuxpresso.tools.macosx_11.0.1.201907311258/tools/bin/../lib/gcc/arm-none-eabi/8.2.1/../../../../arm-none-eabi/lib/thumb/v6-m/nofp/libcr_semihost_nf.a(__sys_write.o)
                0x0000000000006db4                __sys_write
 *(SORT_BY_ALIGNMENT(.rodata) SORT_BY_ALIGNMENT(.rodata.*) SORT_BY_ALIGNMENT(.constdata) SORT_BY_ALIGNMENT(.constdata.*))
 .rodata        0x0000000000006dc0        0xc ./source/PES Project 6.o
 .rodata        0x0000000000006dcc        0x5 ./freertos/tasks.o
 *fill*         0x0000000000006dd1        0x3 ff
 .rodata        0x0000000000006dd4        0xd ./freertos/timers.o
 *fill*         0x0000000000006de1        0x3 ff
 .rodata.prvProcessReceivedCommands
                0x0000000000006de4       0x28 ./freertos/timers.o
 .rodata        0x0000000000006e0c      0x11d ./drivers/fsl_clock.o
 *fill*         0x0000000000006f29        0x3 ff
 .rodata.fllFactorTable.5230
                0x0000000000006f2c       0x10 ./drivers/fsl_clock.o
 .rodata        0x0000000000006f3c      0x152 ./drivers/fsl_dac.o
 *fill*         0x000000000000708e        0x2 ff
 .rodata        0x0000000000007090      0x4ae ./drivers/fsl_dma.o
 *fill*         0x000000000000753e        0x2 ff
 .rodata        0x0000000000007540      0x48c ./drivers/fsl_lpsci.o
 .rodata.s_uartBases
                0x00000000000079cc        0xc ./drivers/fsl_uart.o
 .rodata.s_uartClock
                0x00000000000079d8        0xc ./drivers/fsl_uart.o
 .rodata        0x00000000000079e4      0x45b ./drivers/fsl_uart.o
 *fill*         0x0000000000007e3f        0x1 ff
 .rodata.mcgConfig_BOARD_BootClockRUN
                0x0000000000007e40        0xa ./board/clock_config.o
                0x0000000000007e40                mcgConfig_BOARD_BootClockRUN
 *fill*         0x0000000000007e4a        0x2 ff
 .rodata.simConfig_BOARD_BootClockRUN
                0x0000000000007e4c        0x8 ./board/clock_config.o
                0x0000000000007e4c                simConfig_BOARD_BootClockRUN
 .rodata.oscConfig_BOARD_BootClockRUN
                0x0000000000007e54        0x8 ./board/clock_config.o
                0x0000000000007e54                oscConfig_BOARD_BootClockRUN
 .rodata.__num_Ciob_streams
                0x0000000000007e5c        0x4 /Applications/MCUXpressoIDE_11.0.1_2563/ide/plugins/com.nxp.mcuxpresso.tools.macosx_11.0.1.201907311258/tools/bin/../lib/gcc/arm-none-eabi/8.2.1/../../../../arm-none-eabi/lib/thumb/v6-m/nofp/libcr_semihost_nf.a(__ciob.o)
                0x0000000000007e5c                __num_Ciob_streams
 .rodata.__assertion_failed.str1.1
                0x0000000000007e60       0x15 /Applications/MCUXpressoIDE_11.0.1_2563/ide/plugins/com.nxp.mcuxpresso.tools.macosx_11.0.1.201907311258/tools/bin/../lib/gcc/arm-none-eabi/8.2.1/../../../../arm-none-eabi/lib/thumb/v6-m/nofp/libcr_semihost_nf.a(_cr_assert.o)
 .rodata._Csys_alloc.str1.1
                0x0000000000007e75       0x18 /Applications/MCUXpressoIDE_11.0.1_2563/ide/plugins/com.nxp.mcuxpresso.tools.macosx_11.0.1.201907311258/tools/bin/../lib/gcc/arm-none-eabi/8.2.1/../../../../arm-none-eabi/lib/thumb/v6-m/nofp/libcr_c.a(alloc.o)
 .rodata.fp_display.str1.1
                0x0000000000007e8d       0x32 /Applications/MCUXpressoIDE_11.0.1_2563/ide/plugins/com.nxp.mcuxpresso.tools.macosx_11.0.1.201907311258/tools/bin/../lib/gcc/arm-none-eabi/8.2.1/../../../../arm-none-eabi/lib/thumb/v6-m/nofp/libcr_c.a(fpprintf.o)
                                         0x35 (size before relaxing)
 .rodata._initio.str1.1
                0x0000000000007ebf        0x4 /Applications/MCUXpressoIDE_11.0.1_2563/ide/plugins/com.nxp.mcuxpresso.tools.macosx_11.0.1.201907311258/tools/bin/../lib/gcc/arm-none-eabi/8.2.1/../../../../arm-none-eabi/lib/thumb/v6-m/nofp/libcr_c.a(initio.o)
 .rodata.__vfprintf.str1.1
                0x0000000000007ec3       0x31 /Applications/MCUXpressoIDE_11.0.1_2563/ide/plugins/com.nxp.mcuxpresso.tools.macosx_11.0.1.201907311258/tools/bin/../lib/gcc/arm-none-eabi/8.2.1/../../../../arm-none-eabi/lib/thumb/v6-m/nofp/libcr_c.a(printf.o)
                                         0x38 (size before relaxing)
                0x0000000000007ef4                . = ALIGN (0x4)

.glue_7         0x0000000000007ef4        0x0
 .glue_7        0x0000000000007ef4        0x0 linker stubs

.glue_7t        0x0000000000007ef4        0x0
 .glue_7t       0x0000000000007ef4        0x0 linker stubs

.vfp11_veneer   0x0000000000007ef4        0x0
 .vfp11_veneer  0x0000000000007ef4        0x0 linker stubs

.v4_bx          0x0000000000007ef4        0x0
 .v4_bx         0x0000000000007ef4        0x0 linker stubs

.iplt           0x0000000000007ef4        0x0
 .iplt          0x0000000000007ef4        0x0 ./utilities/fsl_debug_console.o

.rel.dyn        0x0000000000007ef4        0x0
 .rel.iplt      0x0000000000007ef4        0x0 ./utilities/fsl_debug_console.o

.ARM.extab
 *(SORT_BY_ALIGNMENT(.ARM.extab*) SORT_BY_ALIGNMENT(.gnu.linkonce.armextab.*))
                0x0000000000007ef4                __exidx_start = .

.ARM.exidx
 *(SORT_BY_ALIGNMENT(.ARM.exidx*) SORT_BY_ALIGNMENT(.gnu.linkonce.armexidx.*))
                0x0000000000007ef4                __exidx_end = .
                0x0000000000007ef4                _etext = .

.m_usb_data
 *(SORT_BY_ALIGNMENT(m_usb_bdt))

.mtb_buffer_default
                0x000000001ffff000       0x80
 *(SORT_BY_ALIGNMENT(.mtb*))
 .mtb.$RAM1     0x000000001ffff000       0x80 ./source/mtb.o
                0x000000001ffff000                __mtb_buffer__

.uninit_RESERVED
                0x000000001ffff080        0x0
                0x000000001ffff080                . = ALIGN (0x4)
 *(SORT_BY_ALIGNMENT(.bss.$RESERVED*))
                0x000000001ffff080                . = ALIGN (0x4)
                0x000000001ffff080                _end_uninit_RESERVED = .

.data           0x000000001ffff080        0xc load address 0x0000000000007ef4
 FILL mask 0xff
                0x000000001ffff080                _data = .
 *(SORT_BY_ALIGNMENT(vtable))
 *(SORT_BY_ALIGNMENT(.ramfunc*))
 *(SORT_BY_ALIGNMENT(CodeQuickAccess))
 *(SORT_BY_ALIGNMENT(DataQuickAccess))
 *(SORT_BY_ALIGNMENT(RamFunction))
 *(SORT_BY_ALIGNMENT(.data*))
 .data.uxCriticalNesting
                0x000000001ffff080        0x4 ./freertos/port.o
 .data.s_slowIrcFreq
                0x000000001ffff084        0x4 ./drivers/fsl_clock.o
 .data.SystemCoreClock
                0x000000001ffff088        0x4 ./CMSIS/system_MKL25Z4.o
                0x000000001ffff088                SystemCoreClock
                0x000000001ffff08c                . = ALIGN (0x4)
                0x000000001ffff08c                _edata = .

.igot.plt       0x000000001ffff08c        0x0 load address 0x0000000000007f00
 .igot.plt      0x000000001ffff08c        0x0 ./utilities/fsl_debug_console.o

.bss            0x000000001ffff08c     0x2afc load address 0x0000000000007f00
                0x000000001ffff08c                . = ALIGN (0x4)
                0x000000001ffff08c                _bss = .
 *(SORT_BY_ALIGNMENT(.bss*))
 .bss.s_debugConsole
                0x000000001ffff08c       0x10 ./utilities/fsl_debug_console.o
 .bss.sinDAC    0x000000001ffff09c       0x64 ./source/PES Project 6.o
                0x000000001ffff09c                sinDAC
 .bss.ucHeap    0x000000001ffff100     0x2800 ./freertos/heap_4.o
 .bss.xStart    0x0000000020001900        0x8 ./freertos/heap_4.o
 .bss.pxEnd     0x0000000020001908        0x4 ./freertos/heap_4.o
 .bss.xFreeBytesRemaining
                0x000000002000190c        0x4 ./freertos/heap_4.o
 .bss.xMinimumEverFreeBytesRemaining
                0x0000000020001910        0x4 ./freertos/heap_4.o
 .bss.xBlockAllocatedBit
                0x0000000020001914        0x4 ./freertos/heap_4.o
 .bss.xQueueRegistry
                0x0000000020001918       0x40 ./freertos/queue.o
                0x0000000020001918                xQueueRegistry
 .bss.pxCurrentTCB
                0x0000000020001958        0x4 ./freertos/tasks.o
                0x0000000020001958                pxCurrentTCB
 .bss.pxReadyTasksLists
                0x000000002000195c       0x64 ./freertos/tasks.o
 .bss.xDelayedTaskList1
                0x00000000200019c0       0x14 ./freertos/tasks.o
 .bss.xDelayedTaskList2
                0x00000000200019d4       0x14 ./freertos/tasks.o
 .bss.pxDelayedTaskList
                0x00000000200019e8        0x4 ./freertos/tasks.o
 .bss.pxOverflowDelayedTaskList
                0x00000000200019ec        0x4 ./freertos/tasks.o
 .bss.xPendingReadyList
                0x00000000200019f0       0x14 ./freertos/tasks.o
 .bss.xTasksWaitingTermination
                0x0000000020001a04       0x14 ./freertos/tasks.o
 .bss.uxDeletedTasksWaitingCleanUp
                0x0000000020001a18        0x4 ./freertos/tasks.o
 .bss.xSuspendedTaskList
                0x0000000020001a1c       0x14 ./freertos/tasks.o
 .bss.uxCurrentNumberOfTasks
                0x0000000020001a30        0x4 ./freertos/tasks.o
 .bss.xTickCount
                0x0000000020001a34        0x4 ./freertos/tasks.o
 .bss.uxTopReadyPriority
                0x0000000020001a38        0x4 ./freertos/tasks.o
 .bss.xSchedulerRunning
                0x0000000020001a3c        0x4 ./freertos/tasks.o
 .bss.uxPendedTicks
                0x0000000020001a40        0x4 ./freertos/tasks.o
 .bss.xYieldPending
                0x0000000020001a44        0x4 ./freertos/tasks.o
 .bss.xNumOfOverflows
                0x0000000020001a48        0x4 ./freertos/tasks.o
 .bss.uxTaskNumber
                0x0000000020001a4c        0x4 ./freertos/tasks.o
 .bss.xNextTaskUnblockTime
                0x0000000020001a50        0x4 ./freertos/tasks.o
 .bss.xIdleTaskHandle
                0x0000000020001a54        0x4 ./freertos/tasks.o
 .bss.uxSchedulerSuspended
                0x0000000020001a58        0x4 ./freertos/tasks.o
 .bss.xActiveTimerList1
                0x0000000020001a5c       0x14 ./freertos/timers.o
 .bss.xActiveTimerList2
                0x0000000020001a70       0x14 ./freertos/timers.o
 .bss.pxCurrentTimerList
                0x0000000020001a84        0x4 ./freertos/timers.o
 .bss.pxOverflowTimerList
                0x0000000020001a88        0x4 ./freertos/timers.o
 .bss.xTimerQueue
                0x0000000020001a8c        0x4 ./freertos/timers.o
 .bss.xTimerTaskHandle
                0x0000000020001a90        0x4 ./freertos/timers.o
 .bss.xLastTime.4575
                0x0000000020001a94        0x4 ./freertos/timers.o
 .bss.g_xtal0Freq
                0x0000000020001a98        0x4 ./drivers/fsl_clock.o
                0x0000000020001a98                g_xtal0Freq
 .bss.s_DMAHandle
                0x0000000020001a9c       0x10 ./drivers/fsl_dma.o
 .bss.s_lpsciHandle
                0x0000000020001aac        0x4 ./drivers/fsl_lpsci.o
 .bss.s_lpsciIsr
                0x0000000020001ab0        0x4 ./drivers/fsl_lpsci.o
 .bss.s_uartHandle
                0x0000000020001ab4        0xc ./drivers/fsl_uart.o
 .bss.s_uartIsr
                0x0000000020001ac0        0x4 ./drivers/fsl_uart.o
 .bss.__Ciob    0x0000000020001ac4       0xb4 /Applications/MCUXpressoIDE_11.0.1_2563/ide/plugins/com.nxp.mcuxpresso.tools.macosx_11.0.1.201907311258/tools/bin/../lib/gcc/arm-none-eabi/8.2.1/../../../../arm-none-eabi/lib/thumb/v6-m/nofp/libcr_semihost_nf.a(__ciob.o)
                0x0000000020001ac4                __Ciob
 .bss.__end_of_heap
                0x0000000020001b78        0x4 /Applications/MCUXpressoIDE_11.0.1_2563/ide/plugins/com.nxp.mcuxpresso.tools.macosx_11.0.1.201907311258/tools/bin/../lib/gcc/arm-none-eabi/8.2.1/../../../../arm-none-eabi/lib/thumb/v6-m/nofp/libcr_c.a(__init_alloc.o)
                0x0000000020001b78                __end_of_heap
 .bss.__heaps   0x0000000020001b7c        0x4 /Applications/MCUXpressoIDE_11.0.1_2563/ide/plugins/com.nxp.mcuxpresso.tools.macosx_11.0.1.201907311258/tools/bin/../lib/gcc/arm-none-eabi/8.2.1/../../../../arm-none-eabi/lib/thumb/v6-m/nofp/libcr_c.a(__init_alloc.o)
                0x0000000020001b7c                __heaps
 .bss.errno     0x0000000020001b80        0x4 /Applications/MCUXpressoIDE_11.0.1_2563/ide/plugins/com.nxp.mcuxpresso.tools.macosx_11.0.1.201907311258/tools/bin/../lib/gcc/arm-none-eabi/8.2.1/../../../../arm-none-eabi/lib/thumb/v6-m/nofp/libcr_c.a(errno.o)
                0x0000000020001b80                errno
 .bss.DACcounter
                0x0000000020001b84        0x1 ./source/PES Project 6.o
                0x0000000020001b84                DACcounter
 *(SORT_BY_ALIGNMENT(COMMON))
                0x0000000020001b88                . = ALIGN (0x4)
 *fill*         0x0000000020001b85        0x3 
                0x0000000020001b88                _ebss = .
                [!provide]                        PROVIDE (end = .)

.noinit         0x0000000020001b88        0x0 load address 0x0000000000007f00
                0x0000000020001b88                . = ALIGN (0x4)
                0x0000000020001b88                _noinit = .
 *(SORT_BY_ALIGNMENT(.noinit*))
                0x0000000020001b88                . = ALIGN (0x4)
                0x0000000020001b88                _end_noinit = .
                0x0000000000000400                _HeapSize = 0x400

.heap           0x0000000020001b88      0x400 load address 0x0000000000007f00
                0x0000000020001b88                _pvHeapStart = .
                0x0000000020001f88                . = (. + _HeapSize)
 *fill*         0x0000000020001b88      0x400 
                0x0000000020001f88                . = ALIGN (0x4)
                0x0000000020001f88                _pvHeapLimit = .
                0x0000000000000400                _StackSize = 0x400

.heap2stackfill
                0x0000000020001f88      0x400 load address 0x0000000000007f00
                0x0000000020002388                . = (. + _StackSize)
 *fill*         0x0000000020001f88      0x400 

.stack          0x0000000020002c00        0x0
                0x0000000020002c00                _vStackBase = .
                0x0000000020002c00                . = ALIGN (0x4)
                0x0000000020003000                _vStackTop = (. + _StackSize)
                0x0000000000000000                _image_start = LOADADDR (.text)
                0x0000000000007f00                _image_end = (LOADADDR (.data) + SIZEOF (.data))
                0x0000000000007f00                _image_size = (_image_end - _image_start)
OUTPUT(PES Project 6.axf elf32-littlearm)

.debug_info     0x0000000000000000     0xd540
 .debug_info    0x0000000000000000      0x9b5 ./utilities/fsl_debug_console.o
 .debug_info    0x00000000000009b5      0x4df ./startup/startup_mkl25z4.o
 .debug_info    0x0000000000000e94      0x8b1 ./source/PES Project 6.o
 .debug_info    0x0000000000001745      0x876 ./source/dac_driver.o
 .debug_info    0x0000000000001fbb       0x53 ./source/mtb.o
 .debug_info    0x000000000000200e       0x3c ./source/semihost_hardfault.o
 .debug_info    0x000000000000204a       0xec ./freertos/fsl_tickless_lptmr.o
 .debug_info    0x0000000000002136      0x334 ./freertos/heap_4.o
 .debug_info    0x000000000000246a      0x2eb ./freertos/list.o
 .debug_info    0x0000000000002755      0x27a ./freertos/port.o
 .debug_info    0x00000000000029cf      0xefb ./freertos/queue.o
 .debug_info    0x00000000000038ca     0x18af ./freertos/tasks.o
 .debug_info    0x0000000000005179      0xb92 ./freertos/timers.o
 .debug_info    0x0000000000005d0b     0x1a97 ./drivers/fsl_clock.o
 .debug_info    0x00000000000077a2      0x8ba ./drivers/fsl_dac.o
 .debug_info    0x000000000000805c      0xf4e ./drivers/fsl_dma.o
 .debug_info    0x0000000000008faa     0x1469 ./drivers/fsl_lpsci.o
 .debug_info    0x000000000000a413     0x140a ./drivers/fsl_uart.o
 .debug_info    0x000000000000b81d      0x80b ./board/board.o
 .debug_info    0x000000000000c028      0xb00 ./board/clock_config.o
 .debug_info    0x000000000000cb28       0x3c ./board/peripherals.o
 .debug_info    0x000000000000cb64      0x5a3 ./board/pin_mux.o
 .debug_info    0x000000000000d107      0x439 ./CMSIS/system_MKL25Z4.o

.debug_abbrev   0x0000000000000000     0x2985
 .debug_abbrev  0x0000000000000000      0x21b ./utilities/fsl_debug_console.o
 .debug_abbrev  0x000000000000021b      0x18d ./startup/startup_mkl25z4.o
 .debug_abbrev  0x00000000000003a8      0x1e5 ./source/PES Project 6.o
 .debug_abbrev  0x000000000000058d      0x1a4 ./source/dac_driver.o
 .debug_abbrev  0x0000000000000731       0x46 ./source/mtb.o
 .debug_abbrev  0x0000000000000777       0x31 ./source/semihost_hardfault.o
 .debug_abbrev  0x00000000000007a8       0x9a ./freertos/fsl_tickless_lptmr.o
 .debug_abbrev  0x0000000000000842      0x1a7 ./freertos/heap_4.o
 .debug_abbrev  0x00000000000009e9      0x126 ./freertos/list.o
 .debug_abbrev  0x0000000000000b0f      0x1b3 ./freertos/port.o
 .debug_abbrev  0x0000000000000cc2      0x214 ./freertos/queue.o
 .debug_abbrev  0x0000000000000ed6      0x2c3 ./freertos/tasks.o
 .debug_abbrev  0x0000000000001199      0x225 ./freertos/timers.o
 .debug_abbrev  0x00000000000013be      0x36f ./drivers/fsl_clock.o
 .debug_abbrev  0x000000000000172d      0x237 ./drivers/fsl_dac.o
 .debug_abbrev  0x0000000000001964      0x2ec ./drivers/fsl_dma.o
 .debug_abbrev  0x0000000000001c50      0x309 ./drivers/fsl_lpsci.o
 .debug_abbrev  0x0000000000001f59      0x323 ./drivers/fsl_uart.o
 .debug_abbrev  0x000000000000227c      0x1a7 ./board/board.o
 .debug_abbrev  0x0000000000002423      0x220 ./board/clock_config.o
 .debug_abbrev  0x0000000000002643       0x31 ./board/peripherals.o
 .debug_abbrev  0x0000000000002674      0x1bb ./board/pin_mux.o
 .debug_abbrev  0x000000000000282f      0x156 ./CMSIS/system_MKL25Z4.o

.debug_aranges  0x0000000000000000      0xdb0
 .debug_aranges
                0x0000000000000000       0x48 ./utilities/fsl_debug_console.o
 .debug_aranges
                0x0000000000000048      0x160 ./startup/startup_mkl25z4.o
 .debug_aranges
                0x00000000000001a8       0x30 ./source/PES Project 6.o
 .debug_aranges
                0x00000000000001d8       0x28 ./source/dac_driver.o
 .debug_aranges
                0x0000000000000200       0x18 ./source/mtb.o
 .debug_aranges
                0x0000000000000218       0x20 ./source/semihost_hardfault.o
 .debug_aranges
                0x0000000000000238       0x20 ./freertos/fsl_tickless_lptmr.o
 .debug_aranges
                0x0000000000000258       0x50 ./freertos/heap_4.o
 .debug_aranges
                0x00000000000002a8       0x40 ./freertos/list.o
 .debug_aranges
                0x00000000000002e8       0x80 ./freertos/port.o
 .debug_aranges
                0x0000000000000368      0x118 ./freertos/queue.o
 .debug_aranges
                0x0000000000000480      0x1e8 ./freertos/tasks.o
 .debug_aranges
                0x0000000000000668       0xc8 ./freertos/timers.o
 .debug_aranges
                0x0000000000000730      0x1d8 ./drivers/fsl_clock.o
 .debug_aranges
                0x0000000000000908       0x90 ./drivers/fsl_dac.o
 .debug_aranges
                0x0000000000000998       0xd0 ./drivers/fsl_dma.o
 .debug_aranges
                0x0000000000000a68      0x118 ./drivers/fsl_lpsci.o
 .debug_aranges
                0x0000000000000b80      0x130 ./drivers/fsl_uart.o
 .debug_aranges
                0x0000000000000cb0       0x28 ./board/board.o
 .debug_aranges
                0x0000000000000cd8       0x58 ./board/clock_config.o
 .debug_aranges
                0x0000000000000d30       0x20 ./board/peripherals.o
 .debug_aranges
                0x0000000000000d50       0x38 ./board/pin_mux.o
 .debug_aranges
                0x0000000000000d88       0x28 ./CMSIS/system_MKL25Z4.o

.debug_ranges   0x0000000000000000      0xc38
 .debug_ranges  0x0000000000000000       0x38 ./utilities/fsl_debug_console.o
 .debug_ranges  0x0000000000000038      0x150 ./startup/startup_mkl25z4.o
 .debug_ranges  0x0000000000000188       0x20 ./source/PES Project 6.o
 .debug_ranges  0x00000000000001a8       0x18 ./source/dac_driver.o
 .debug_ranges  0x00000000000001c0       0x10 ./source/semihost_hardfault.o
 .debug_ranges  0x00000000000001d0       0x10 ./freertos/fsl_tickless_lptmr.o
 .debug_ranges  0x00000000000001e0       0x40 ./freertos/heap_4.o
 .debug_ranges  0x0000000000000220       0x30 ./freertos/list.o
 .debug_ranges  0x0000000000000250       0x70 ./freertos/port.o
 .debug_ranges  0x00000000000002c0      0x108 ./freertos/queue.o
 .debug_ranges  0x00000000000003c8      0x1d8 ./freertos/tasks.o
 .debug_ranges  0x00000000000005a0       0xb8 ./freertos/timers.o
 .debug_ranges  0x0000000000000658      0x1c8 ./drivers/fsl_clock.o
 .debug_ranges  0x0000000000000820       0x80 ./drivers/fsl_dac.o
 .debug_ranges  0x00000000000008a0       0xc0 ./drivers/fsl_dma.o
 .debug_ranges  0x0000000000000960      0x108 ./drivers/fsl_lpsci.o
 .debug_ranges  0x0000000000000a68      0x120 ./drivers/fsl_uart.o
 .debug_ranges  0x0000000000000b88       0x18 ./board/board.o
 .debug_ranges  0x0000000000000ba0       0x48 ./board/clock_config.o
 .debug_ranges  0x0000000000000be8       0x10 ./board/peripherals.o
 .debug_ranges  0x0000000000000bf8       0x28 ./board/pin_mux.o
 .debug_ranges  0x0000000000000c20       0x18 ./CMSIS/system_MKL25Z4.o

.debug_macro    0x0000000000000000     0xa0d4
 .debug_macro   0x0000000000000000      0x13a ./utilities/fsl_debug_console.o
 .debug_macro   0x000000000000013a      0xaa2 ./utilities/fsl_debug_console.o
 .debug_macro   0x0000000000000bdc       0x10 ./utilities/fsl_debug_console.o
 .debug_macro   0x0000000000000bec       0x16 ./utilities/fsl_debug_console.o
 .debug_macro   0x0000000000000c02       0x10 ./utilities/fsl_debug_console.o
 .debug_macro   0x0000000000000c12      0x12e ./utilities/fsl_debug_console.o
 .debug_macro   0x0000000000000d40       0x28 ./utilities/fsl_debug_console.o
 .debug_macro   0x0000000000000d68       0xc4 ./utilities/fsl_debug_console.o
 .debug_macro   0x0000000000000e2c       0x16 ./utilities/fsl_debug_console.o
 .debug_macro   0x0000000000000e42       0x22 ./utilities/fsl_debug_console.o
 .debug_macro   0x0000000000000e64      0x5b3 ./utilities/fsl_debug_console.o
 .debug_macro   0x0000000000001417       0x10 ./utilities/fsl_debug_console.o
 .debug_macro   0x0000000000001427       0x3f ./utilities/fsl_debug_console.o
 .debug_macro   0x0000000000001466       0x3a ./utilities/fsl_debug_console.o
 .debug_macro   0x00000000000014a0       0x26 ./utilities/fsl_debug_console.o
 .debug_macro   0x00000000000014c6      0x329 ./utilities/fsl_debug_console.o
 .debug_macro   0x00000000000017ef       0x30 ./utilities/fsl_debug_console.o
 .debug_macro   0x000000000000181f     0x51e2 ./utilities/fsl_debug_console.o
 .debug_macro   0x0000000000006a01     0x1352 ./utilities/fsl_debug_console.o
 .debug_macro   0x0000000000007d53       0x3a ./utilities/fsl_debug_console.o
 .debug_macro   0x0000000000007d8d       0xf4 ./utilities/fsl_debug_console.o
 .debug_macro   0x0000000000007e81       0x35 ./utilities/fsl_debug_console.o
 .debug_macro   0x0000000000007eb6       0x9a ./utilities/fsl_debug_console.o
 .debug_macro   0x0000000000007f50       0x2e ./utilities/fsl_debug_console.o
 .debug_macro   0x0000000000007f7e       0x10 ./utilities/fsl_debug_console.o
 .debug_macro   0x0000000000007f8e       0x10 ./utilities/fsl_debug_console.o
 .debug_macro   0x0000000000007f9e       0x29 ./startup/startup_mkl25z4.o
 .debug_macro   0x0000000000007fc7      0x205 ./source/PES Project 6.o
 .debug_macro   0x00000000000081cc       0xa0 ./source/PES Project 6.o
 .debug_macro   0x000000000000826c       0x16 ./source/PES Project 6.o
 .debug_macro   0x0000000000008282       0x10 ./source/PES Project 6.o
 .debug_macro   0x0000000000008292      0x112 ./source/PES Project 6.o
 .debug_macro   0x00000000000083a4       0x34 ./source/PES Project 6.o
 .debug_macro   0x00000000000083d8       0x10 ./source/PES Project 6.o
 .debug_macro   0x00000000000083e8       0x10 ./source/PES Project 6.o
 .debug_macro   0x00000000000083f8       0x16 ./source/PES Project 6.o
 .debug_macro   0x000000000000840e       0x10 ./source/PES Project 6.o
 .debug_macro   0x000000000000841e      0x18b ./source/PES Project 6.o
 .debug_macro   0x00000000000085a9      0x168 ./source/PES Project 6.o
 .debug_macro   0x0000000000008711       0xb6 ./source/PES Project 6.o
 .debug_macro   0x00000000000087c7       0x10 ./source/PES Project 6.o
 .debug_macro   0x00000000000087d7       0x1f ./source/PES Project 6.o
 .debug_macro   0x00000000000087f6      0x361 ./source/PES Project 6.o
 .debug_macro   0x0000000000008b57       0xc0 ./source/PES Project 6.o
 .debug_macro   0x0000000000008c17       0x8c ./source/PES Project 6.o
 .debug_macro   0x0000000000008ca3       0x91 ./source/PES Project 6.o
 .debug_macro   0x0000000000008d34      0x14e ./source/dac_driver.o
 .debug_macro   0x0000000000008e82       0x1c ./source/dac_driver.o
 .debug_macro   0x0000000000008e9e       0x1c ./source/dac_driver.o
 .debug_macro   0x0000000000008eba       0x2f ./source/mtb.o
 .debug_macro   0x0000000000008ee9       0x82 ./source/mtb.o
 .debug_macro   0x0000000000008f6b       0x10 ./source/mtb.o
 .debug_macro   0x0000000000008f7b       0x11 ./source/semihost_hardfault.o
 .debug_macro   0x0000000000008f8c       0xbd ./freertos/fsl_tickless_lptmr.o
 .debug_macro   0x0000000000009049       0x8e ./freertos/fsl_tickless_lptmr.o
 .debug_macro   0x00000000000090d7       0xe0 ./freertos/heap_4.o
 .debug_macro   0x00000000000091b7       0xb9 ./freertos/list.o
 .debug_macro   0x0000000000009270       0xcf ./freertos/port.o
 .debug_macro   0x000000000000933f      0x122 ./freertos/queue.o
 .debug_macro   0x0000000000009461       0x94 ./freertos/queue.o
 .debug_macro   0x00000000000094f5      0x182 ./freertos/tasks.o
 .debug_macro   0x0000000000009677       0x11 ./freertos/tasks.o
 .debug_macro   0x0000000000009688       0xec ./freertos/timers.o
 .debug_macro   0x0000000000009774      0x196 ./drivers/fsl_clock.o
 .debug_macro   0x000000000000990a       0xec ./drivers/fsl_dac.o
 .debug_macro   0x00000000000099f6       0xec ./drivers/fsl_dma.o
 .debug_macro   0x0000000000009ae2       0xec ./drivers/fsl_lpsci.o
 .debug_macro   0x0000000000009bce       0xf2 ./drivers/fsl_uart.o
 .debug_macro   0x0000000000009cc0      0x12b ./board/board.o
 .debug_macro   0x0000000000009deb      0x123 ./board/clock_config.o
 .debug_macro   0x0000000000009f0e       0x1b ./board/peripherals.o
 .debug_macro   0x0000000000009f29      0x107 ./board/pin_mux.o
 .debug_macro   0x000000000000a030       0x10 ./board/pin_mux.o
 .debug_macro   0x000000000000a040       0x94 ./CMSIS/system_MKL25Z4.o

.debug_line     0x0000000000000000     0x8cc4
 .debug_line    0x0000000000000000      0x41a ./utilities/fsl_debug_console.o
 .debug_line    0x000000000000041a      0x1e7 ./startup/startup_mkl25z4.o
 .debug_line    0x0000000000000601      0x4b9 ./source/PES Project 6.o
 .debug_line    0x0000000000000aba      0x341 ./source/dac_driver.o
 .debug_line    0x0000000000000dfb       0xd9 ./source/mtb.o
 .debug_line    0x0000000000000ed4       0x5a ./source/semihost_hardfault.o
 .debug_line    0x0000000000000f2e      0x265 ./freertos/fsl_tickless_lptmr.o
 .debug_line    0x0000000000001193      0x4a0 ./freertos/heap_4.o
 .debug_line    0x0000000000001633      0x329 ./freertos/list.o
 .debug_line    0x000000000000195c      0x3d8 ./freertos/port.o
 .debug_line    0x0000000000001d34      0xca0 ./freertos/queue.o
 .debug_line    0x00000000000029d4     0x1537 ./freertos/tasks.o
 .debug_line    0x0000000000003f0b      0x732 ./freertos/timers.o
 .debug_line    0x000000000000463d     0x12c1 ./drivers/fsl_clock.o
 .debug_line    0x00000000000058fe      0x50a ./drivers/fsl_dac.o
 .debug_line    0x0000000000005e08      0x713 ./drivers/fsl_dma.o
 .debug_line    0x000000000000651b      0xd42 ./drivers/fsl_lpsci.o
 .debug_line    0x000000000000725d      0xd31 ./drivers/fsl_uart.o
 .debug_line    0x0000000000007f8e      0x2fe ./board/board.o
 .debug_line    0x000000000000828c      0x383 ./board/clock_config.o
 .debug_line    0x000000000000860f       0x5c ./board/peripherals.o
 .debug_line    0x000000000000866b      0x30a ./board/pin_mux.o
 .debug_line    0x0000000000008975      0x34f ./CMSIS/system_MKL25Z4.o

.debug_str      0x0000000000000000    0x3d2c3
 .debug_str     0x0000000000000000    0x314f5 ./utilities/fsl_debug_console.o
                                      0x3175d (size before relaxing)
 .debug_str     0x00000000000314f5      0x3b6 ./startup/startup_mkl25z4.o
                                       0x31b1 (size before relaxing)
 .debug_str     0x00000000000318ab     0x4a6f ./source/PES Project 6.o
                                      0x35c8a (size before relaxing)
 .debug_str     0x000000000003631a      0x103 ./source/dac_driver.o
                                      0x31cb6 (size before relaxing)
 .debug_str     0x000000000003641d      0x532 ./source/mtb.o
                                       0x32bd (size before relaxing)
 .debug_str     0x000000000003694f       0x1f ./source/semihost_hardfault.o
                                       0x2daa (size before relaxing)
 .debug_str     0x000000000003696e      0x43c ./freertos/fsl_tickless_lptmr.o
                                       0x7c26 (size before relaxing)
 .debug_str     0x0000000000036daa      0x27e ./freertos/heap_4.o
                                       0x7ac1 (size before relaxing)
 .debug_str     0x0000000000037028      0x12a ./freertos/list.o
                                       0x73de (size before relaxing)
 .debug_str     0x0000000000037152      0x188 ./freertos/port.o
                                       0x7dcd (size before relaxing)
 .debug_str     0x00000000000372da      0xf60 ./freertos/queue.o
                                       0x893a (size before relaxing)
 .debug_str     0x000000000003823a     0x130a ./freertos/tasks.o
                                       0x95ab (size before relaxing)
 .debug_str     0x0000000000039544      0x4c6 ./freertos/timers.o
                                       0x8e85 (size before relaxing)
 .debug_str     0x0000000000039a0a     0x15a2 ./drivers/fsl_clock.o
                                      0x322b8 (size before relaxing)
 .debug_str     0x000000000003afac      0x262 ./drivers/fsl_dac.o
                                      0x30ea5 (size before relaxing)
 .debug_str     0x000000000003b20e      0x970 ./drivers/fsl_dma.o
                                      0x31586 (size before relaxing)
 .debug_str     0x000000000003bb7e      0x94b ./drivers/fsl_lpsci.o
                                      0x318c0 (size before relaxing)
 .debug_str     0x000000000003c4c9      0x832 ./drivers/fsl_uart.o
                                      0x318e3 (size before relaxing)
 .debug_str     0x000000000003ccfb       0x4c ./board/board.o
                                      0x316a0 (size before relaxing)
 .debug_str     0x000000000003cd47      0x300 ./board/clock_config.o
                                      0x311e6 (size before relaxing)
 .debug_str     0x000000000003d047       0x31 ./board/peripherals.o
                                       0x2dbb (size before relaxing)
 .debug_str     0x000000000003d078      0x1fc ./board/pin_mux.o
                                      0x30949 (size before relaxing)
 .debug_str     0x000000000003d274       0x4f ./CMSIS/system_MKL25Z4.o
                                      0x2fc22 (size before relaxing)

.comment        0x0000000000000000       0x75
 .comment       0x0000000000000000       0x75 ./utilities/fsl_debug_console.o
                                         0x76 (size before relaxing)
 .comment       0x0000000000000075       0x76 ./startup/startup_mkl25z4.o
 .comment       0x0000000000000075       0x76 ./source/PES Project 6.o
 .comment       0x0000000000000075       0x76 ./source/dac_driver.o
 .comment       0x0000000000000075       0x76 ./source/mtb.o
 .comment       0x0000000000000075       0x76 ./source/semihost_hardfault.o
 .comment       0x0000000000000075       0x76 ./freertos/fsl_tickless_lptmr.o
 .comment       0x0000000000000075       0x76 ./freertos/heap_4.o
 .comment       0x0000000000000075       0x76 ./freertos/list.o
 .comment       0x0000000000000075       0x76 ./freertos/port.o
 .comment       0x0000000000000075       0x76 ./freertos/queue.o
 .comment       0x0000000000000075       0x76 ./freertos/tasks.o
 .comment       0x0000000000000075       0x76 ./freertos/timers.o
 .comment       0x0000000000000075       0x76 ./drivers/fsl_clock.o
 .comment       0x0000000000000075       0x76 ./drivers/fsl_dac.o
 .comment       0x0000000000000075       0x76 ./drivers/fsl_dma.o
 .comment       0x0000000000000075       0x76 ./drivers/fsl_lpsci.o
 .comment       0x0000000000000075       0x76 ./drivers/fsl_uart.o
 .comment       0x0000000000000075       0x76 ./board/board.o
 .comment       0x0000000000000075       0x76 ./board/clock_config.o
 .comment       0x0000000000000075       0x76 ./board/peripherals.o
 .comment       0x0000000000000075       0x76 ./board/pin_mux.o
 .comment       0x0000000000000075       0x76 ./CMSIS/system_MKL25Z4.o
 .comment       0x0000000000000075       0x76 /Applications/MCUXpressoIDE_11.0.1_2563/ide/plugins/com.nxp.mcuxpresso.tools.macosx_11.0.1.201907311258/tools/bin/../lib/gcc/arm-none-eabi/8.2.1/../../../../arm-none-eabi/lib/thumb/v6-m/nofp/libcr_semihost_nf.a(_cr__main.o)
 .comment       0x0000000000000075       0x76 /Applications/MCUXpressoIDE_11.0.1_2563/ide/plugins/com.nxp.mcuxpresso.tools.macosx_11.0.1.201907311258/tools/bin/../lib/gcc/arm-none-eabi/8.2.1/../../../../arm-none-eabi/lib/thumb/v6-m/nofp/libcr_semihost_nf.a(_cr_assert.o)
 .comment       0x0000000000000075       0x76 /Applications/MCUXpressoIDE_11.0.1_2563/ide/plugins/com.nxp.mcuxpresso.tools.macosx_11.0.1.201907311258/tools/bin/../lib/gcc/arm-none-eabi/8.2.1/../../../../arm-none-eabi/lib/thumb/v6-m/nofp/libcr_semihost_nf.a(__ciob.o)
 .comment       0x0000000000000075       0x76 /Applications/MCUXpressoIDE_11.0.1_2563/ide/plugins/com.nxp.mcuxpresso.tools.macosx_11.0.1.201907311258/tools/bin/../lib/gcc/arm-none-eabi/8.2.1/../../../../arm-none-eabi/lib/thumb/v6-m/nofp/libcr_c.a(memcpy.o)
 .comment       0x0000000000000075       0x76 /Applications/MCUXpressoIDE_11.0.1_2563/ide/plugins/com.nxp.mcuxpresso.tools.macosx_11.0.1.201907311258/tools/bin/../lib/gcc/arm-none-eabi/8.2.1/../../../../arm-none-eabi/lib/thumb/v6-m/nofp/libcr_c.a(memset.o)
 .comment       0x0000000000000075       0x76 /Applications/MCUXpressoIDE_11.0.1_2563/ide/plugins/com.nxp.mcuxpresso.tools.macosx_11.0.1.201907311258/tools/bin/../lib/gcc/arm-none-eabi/8.2.1/../../../../arm-none-eabi/lib/thumb/v6-m/nofp/libcr_c.a(_deferredlazyseek.o)
 .comment       0x0000000000000075       0x76 /Applications/MCUXpressoIDE_11.0.1_2563/ide/plugins/com.nxp.mcuxpresso.tools.macosx_11.0.1.201907311258/tools/bin/../lib/gcc/arm-none-eabi/8.2.1/../../../../arm-none-eabi/lib/thumb/v6-m/nofp/libcr_c.a(_fflush.o)
 .comment       0x0000000000000075       0x76 /Applications/MCUXpressoIDE_11.0.1_2563/ide/plugins/com.nxp.mcuxpresso.tools.macosx_11.0.1.201907311258/tools/bin/../lib/gcc/arm-none-eabi/8.2.1/../../../../arm-none-eabi/lib/thumb/v6-m/nofp/libcr_c.a(_writebuf.o)
 .comment       0x0000000000000075       0x76 /Applications/MCUXpressoIDE_11.0.1_2563/ide/plugins/com.nxp.mcuxpresso.tools.macosx_11.0.1.201907311258/tools/bin/../lib/gcc/arm-none-eabi/8.2.1/../../../../arm-none-eabi/lib/thumb/v6-m/nofp/libcr_c.a(alloc.o)
 .comment       0x0000000000000075       0x76 /Applications/MCUXpressoIDE_11.0.1_2563/ide/plugins/com.nxp.mcuxpresso.tools.macosx_11.0.1.201907311258/tools/bin/../lib/gcc/arm-none-eabi/8.2.1/../../../../arm-none-eabi/lib/thumb/v6-m/nofp/libcr_c.a(fpprintf.o)
 .comment       0x0000000000000075       0x76 /Applications/MCUXpressoIDE_11.0.1_2563/ide/plugins/com.nxp.mcuxpresso.tools.macosx_11.0.1.201907311258/tools/bin/../lib/gcc/arm-none-eabi/8.2.1/../../../../arm-none-eabi/lib/thumb/v6-m/nofp/libcr_c.a(fputs.o)
 .comment       0x0000000000000075       0x76 /Applications/MCUXpressoIDE_11.0.1_2563/ide/plugins/com.nxp.mcuxpresso.tools.macosx_11.0.1.201907311258/tools/bin/../lib/gcc/arm-none-eabi/8.2.1/../../../../arm-none-eabi/lib/thumb/v6-m/nofp/libcr_c.a(fseek.o)
 .comment       0x0000000000000075       0x76 /Applications/MCUXpressoIDE_11.0.1_2563/ide/plugins/com.nxp.mcuxpresso.tools.macosx_11.0.1.201907311258/tools/bin/../lib/gcc/arm-none-eabi/8.2.1/../../../../arm-none-eabi/lib/thumb/v6-m/nofp/libcr_c.a(ftell.o)
 .comment       0x0000000000000075       0x76 /Applications/MCUXpressoIDE_11.0.1_2563/ide/plugins/com.nxp.mcuxpresso.tools.macosx_11.0.1.201907311258/tools/bin/../lib/gcc/arm-none-eabi/8.2.1/../../../../arm-none-eabi/lib/thumb/v6-m/nofp/libcr_c.a(initio.o)
 .comment       0x0000000000000075       0x76 /Applications/MCUXpressoIDE_11.0.1_2563/ide/plugins/com.nxp.mcuxpresso.tools.macosx_11.0.1.201907311258/tools/bin/../lib/gcc/arm-none-eabi/8.2.1/../../../../arm-none-eabi/lib/thumb/v6-m/nofp/libcr_c.a(printf.o)
 .comment       0x0000000000000075       0x76 /Applications/MCUXpressoIDE_11.0.1_2563/ide/plugins/com.nxp.mcuxpresso.tools.macosx_11.0.1.201907311258/tools/bin/../lib/gcc/arm-none-eabi/8.2.1/../../../../arm-none-eabi/lib/thumb/v6-m/nofp/libcr_c.a(setvbuf.o)
 .comment       0x0000000000000075       0x76 /Applications/MCUXpressoIDE_11.0.1_2563/ide/plugins/com.nxp.mcuxpresso.tools.macosx_11.0.1.201907311258/tools/bin/../lib/gcc/arm-none-eabi/8.2.1/../../../../arm-none-eabi/lib/thumb/v6-m/nofp/libcr_c.a(sin.o)
 .comment       0x0000000000000075       0x76 /Applications/MCUXpressoIDE_11.0.1_2563/ide/plugins/com.nxp.mcuxpresso.tools.macosx_11.0.1.201907311258/tools/bin/../lib/gcc/arm-none-eabi/8.2.1/../../../../arm-none-eabi/lib/thumb/v6-m/nofp/libcr_c.a(strlen.o)
 .comment       0x0000000000000075       0x76 /Applications/MCUXpressoIDE_11.0.1_2563/ide/plugins/com.nxp.mcuxpresso.tools.macosx_11.0.1.201907311258/tools/bin/../lib/gcc/arm-none-eabi/8.2.1/../../../../arm-none-eabi/lib/thumb/v6-m/nofp/libcr_c.a(__init_alloc.o)
 .comment       0x0000000000000075       0x76 /Applications/MCUXpressoIDE_11.0.1_2563/ide/plugins/com.nxp.mcuxpresso.tools.macosx_11.0.1.201907311258/tools/bin/../lib/gcc/arm-none-eabi/8.2.1/../../../../arm-none-eabi/lib/thumb/v6-m/nofp/libcr_c.a(_cr_sbrk.o)
 .comment       0x0000000000000075       0x76 /Applications/MCUXpressoIDE_11.0.1_2563/ide/plugins/com.nxp.mcuxpresso.tools.macosx_11.0.1.201907311258/tools/bin/../lib/gcc/arm-none-eabi/8.2.1/../../../../arm-none-eabi/lib/thumb/v6-m/nofp/libcr_c.a(_fdopen.o)
 .comment       0x0000000000000075       0x76 /Applications/MCUXpressoIDE_11.0.1_2563/ide/plugins/com.nxp.mcuxpresso.tools.macosx_11.0.1.201907311258/tools/bin/../lib/gcc/arm-none-eabi/8.2.1/../../../../arm-none-eabi/lib/thumb/v6-m/nofp/libcr_c.a(_frexpl.o)
 .comment       0x0000000000000075       0x76 /Applications/MCUXpressoIDE_11.0.1_2563/ide/plugins/com.nxp.mcuxpresso.tools.macosx_11.0.1.201907311258/tools/bin/../lib/gcc/arm-none-eabi/8.2.1/../../../../arm-none-eabi/lib/thumb/v6-m/nofp/libcr_c.a(_ldexpl.o)
 .comment       0x0000000000000075       0x76 /Applications/MCUXpressoIDE_11.0.1_2563/ide/plugins/com.nxp.mcuxpresso.tools.macosx_11.0.1.201907311258/tools/bin/../lib/gcc/arm-none-eabi/8.2.1/../../../../arm-none-eabi/lib/thumb/v6-m/nofp/libcr_c.a(_sincos.o)
 .comment       0x0000000000000075       0x76 /Applications/MCUXpressoIDE_11.0.1_2563/ide/plugins/com.nxp.mcuxpresso.tools.macosx_11.0.1.201907311258/tools/bin/../lib/gcc/arm-none-eabi/8.2.1/../../../../arm-none-eabi/lib/thumb/v6-m/nofp/libcr_c.a(errno.o)
 .comment       0x0000000000000075       0x76 /Applications/MCUXpressoIDE_11.0.1_2563/ide/plugins/com.nxp.mcuxpresso.tools.macosx_11.0.1.201907311258/tools/bin/../lib/gcc/arm-none-eabi/8.2.1/../../../../arm-none-eabi/lib/thumb/v6-m/nofp/libcr_c.a(fabs.o)
 .comment       0x0000000000000075       0x76 /Applications/MCUXpressoIDE_11.0.1_2563/ide/plugins/com.nxp.mcuxpresso.tools.macosx_11.0.1.201907311258/tools/bin/../lib/gcc/arm-none-eabi/8.2.1/../../../../arm-none-eabi/lib/thumb/v6-m/nofp/libcr_c.a(fclose.o)
 .comment       0x0000000000000075       0x76 /Applications/MCUXpressoIDE_11.0.1_2563/ide/plugins/com.nxp.mcuxpresso.tools.macosx_11.0.1.201907311258/tools/bin/../lib/gcc/arm-none-eabi/8.2.1/../../../../arm-none-eabi/lib/thumb/v6-m/nofp/libcr_c.a(fflush.o)
 .comment       0x0000000000000075       0x76 /Applications/MCUXpressoIDE_11.0.1_2563/ide/plugins/com.nxp.mcuxpresso.tools.macosx_11.0.1.201907311258/tools/bin/../lib/gcc/arm-none-eabi/8.2.1/../../../../arm-none-eabi/lib/thumb/v6-m/nofp/libcr_c.a(remove.o)
 .comment       0x0000000000000075       0x76 /Applications/MCUXpressoIDE_11.0.1_2563/ide/plugins/com.nxp.mcuxpresso.tools.macosx_11.0.1.201907311258/tools/bin/../lib/gcc/arm-none-eabi/8.2.1/../../../../arm-none-eabi/lib/thumb/v6-m/nofp/libcr_c.a(_cr_check_heap.o)
 .comment       0x0000000000000075       0x76 /Applications/MCUXpressoIDE_11.0.1_2563/ide/plugins/com.nxp.mcuxpresso.tools.macosx_11.0.1.201907311258/tools/bin/../lib/gcc/arm-none-eabi/8.2.1/../../../../arm-none-eabi/lib/thumb/v6-m/nofp/libcr_c.a(_do_fflush.o)
 .comment       0x0000000000000075       0x76 /Applications/MCUXpressoIDE_11.0.1_2563/ide/plugins/com.nxp.mcuxpresso.tools.macosx_11.0.1.201907311258/tools/bin/../lib/gcc/arm-none-eabi/8.2.1/thumb/v6-m/nofp/libcr_eabihelpers.a(double.o)

.ARM.attributes
                0x0000000000000000       0x2a
 .ARM.attributes
                0x0000000000000000       0x2c ./utilities/fsl_debug_console.o
 .ARM.attributes
                0x000000000000002c       0x2c ./startup/startup_mkl25z4.o
 .ARM.attributes
                0x0000000000000058       0x2c ./source/PES Project 6.o
 .ARM.attributes
                0x0000000000000084       0x2c ./source/dac_driver.o
 .ARM.attributes
                0x00000000000000b0       0x32 ./source/mtb.o
 .ARM.attributes
                0x00000000000000e2       0x2c ./source/semihost_hardfault.o
 .ARM.attributes
                0x000000000000010e       0x2c ./freertos/fsl_tickless_lptmr.o
 .ARM.attributes
                0x000000000000013a       0x2c ./freertos/heap_4.o
 .ARM.attributes
                0x0000000000000166       0x2c ./freertos/list.o
 .ARM.attributes
                0x0000000000000192       0x2c ./freertos/port.o
 .ARM.attributes
                0x00000000000001be       0x2c ./freertos/queue.o
 .ARM.attributes
                0x00000000000001ea       0x2c ./freertos/tasks.o
 .ARM.attributes
                0x0000000000000216       0x2c ./freertos/timers.o
 .ARM.attributes
                0x0000000000000242       0x2c ./drivers/fsl_clock.o
 .ARM.attributes
                0x000000000000026e       0x2c ./drivers/fsl_dac.o
 .ARM.attributes
                0x000000000000029a       0x2c ./drivers/fsl_dma.o
 .ARM.attributes
                0x00000000000002c6       0x2c ./drivers/fsl_lpsci.o
 .ARM.attributes
                0x00000000000002f2       0x2c ./drivers/fsl_uart.o
 .ARM.attributes
                0x000000000000031e       0x2c ./board/board.o
 .ARM.attributes
                0x000000000000034a       0x2c ./board/clock_config.o
 .ARM.attributes
                0x0000000000000376       0x2c ./board/peripherals.o
 .ARM.attributes
                0x00000000000003a2       0x2c ./board/pin_mux.o
 .ARM.attributes
                0x00000000000003ce       0x2c ./CMSIS/system_MKL25Z4.o
 .ARM.attributes
                0x00000000000003fa       0x2c /Applications/MCUXpressoIDE_11.0.1_2563/ide/plugins/com.nxp.mcuxpresso.tools.macosx_11.0.1.201907311258/tools/bin/../lib/gcc/arm-none-eabi/8.2.1/../../../../arm-none-eabi/lib/thumb/v6-m/nofp/libcr_semihost_nf.a(_cr__main.o)
 .ARM.attributes
                0x0000000000000426       0x2c /Applications/MCUXpressoIDE_11.0.1_2563/ide/plugins/com.nxp.mcuxpresso.tools.macosx_11.0.1.201907311258/tools/bin/../lib/gcc/arm-none-eabi/8.2.1/../../../../arm-none-eabi/lib/thumb/v6-m/nofp/libcr_semihost_nf.a(_cr_assert.o)
 .ARM.attributes
                0x0000000000000452       0x31 /Applications/MCUXpressoIDE_11.0.1_2563/ide/plugins/com.nxp.mcuxpresso.tools.macosx_11.0.1.201907311258/tools/bin/../lib/gcc/arm-none-eabi/8.2.1/../../../../arm-none-eabi/lib/thumb/v6-m/nofp/libcr_semihost_nf.a(__ciob.o)
 .ARM.attributes
                0x0000000000000483       0x1c /Applications/MCUXpressoIDE_11.0.1_2563/ide/plugins/com.nxp.mcuxpresso.tools.macosx_11.0.1.201907311258/tools/bin/../lib/gcc/arm-none-eabi/8.2.1/../../../../arm-none-eabi/lib/thumb/v6-m/nofp/libcr_semihost_nf.a(__sys_appexit.o)
 .ARM.attributes
                0x000000000000049f       0x2c /Applications/MCUXpressoIDE_11.0.1_2563/ide/plugins/com.nxp.mcuxpresso.tools.macosx_11.0.1.201907311258/tools/bin/../lib/gcc/arm-none-eabi/8.2.1/../../../../arm-none-eabi/lib/thumb/v6-m/nofp/libcr_c.a(memcpy.o)
 .ARM.attributes
                0x00000000000004cb       0x2c /Applications/MCUXpressoIDE_11.0.1_2563/ide/plugins/com.nxp.mcuxpresso.tools.macosx_11.0.1.201907311258/tools/bin/../lib/gcc/arm-none-eabi/8.2.1/../../../../arm-none-eabi/lib/thumb/v6-m/nofp/libcr_c.a(memset.o)
 .ARM.attributes
                0x00000000000004f7       0x2c /Applications/MCUXpressoIDE_11.0.1_2563/ide/plugins/com.nxp.mcuxpresso.tools.macosx_11.0.1.201907311258/tools/bin/../lib/gcc/arm-none-eabi/8.2.1/../../../../arm-none-eabi/lib/thumb/v6-m/nofp/libcr_c.a(_deferredlazyseek.o)
 .ARM.attributes