fsl_dac.c:74:6:DAC_Init	8	static
fsl_dac.c:102:6:DAC_Deinit	0	static
fsl_dac.c:112:6:DAC_GetDefaultConfig	0	static
fsl_dac.c:120:6:DAC_SetBufferConfig	12	static
fsl_dac.c:153:6:DAC_GetDefaultBufferConfig	0	static
fsl_dac.c:165:6:DAC_SetBufferValue	0	static
fsl_dac.c:173:6:DAC_SetBufferReadPointer	0	static
fsl_dac.c:183:6:DAC_EnableBufferInterrupts	0	static
fsl_dac.c:193:6:DAC_DisableBufferInterrupts	0	static
fsl_dac.c:203:10:DAC_GetBufferStatusFlags	0	static
fsl_dac.c:212:6:DAC_ClearBufferStatusFlags	0	static
