Archive member included to satisfy reference by file (symbol)

/Applications/MCUXpressoIDE_11.0.1_2563/ide/plugins/com.nxp.mcuxpresso.tools.macosx_11.0.1.201907311258/tools/bin/../lib/gcc/arm-none-eabi/8.2.1/../../../../arm-none-eabi/lib/thumb/v6-m/nofp/libcr_semihost_nf.a(_cr__main.o)
                              ./startup/startup_mkl25z4.o (__main)
/Applications/MCUXpressoIDE_11.0.1_2563/ide/plugins/com.nxp.mcuxpresso.tools.macosx_11.0.1.201907311258/tools/bin/../lib/gcc/arm-none-eabi/8.2.1/../../../../arm-none-eabi/lib/thumb/v6-m/nofp/libcr_c.a(memcpy.o)
                              ./freertos/queue.o (memcpy)
/Applications/MCUXpressoIDE_11.0.1_2563/ide/plugins/com.nxp.mcuxpresso.tools.macosx_11.0.1.201907311258/tools/bin/../lib/gcc/arm-none-eabi/8.2.1/../../../../arm-none-eabi/lib/thumb/v6-m/nofp/libcr_c.a(memset.o)
                              ./freertos/tasks.o (memset)
/Applications/MCUXpressoIDE_11.0.1_2563/ide/plugins/com.nxp.mcuxpresso.tools.macosx_11.0.1.201907311258/tools/bin/../lib/gcc/arm-none-eabi/8.2.1/../../../../arm-none-eabi/lib/thumb/v6-m/nofp/libcr_c.a(initio.o)
                              /Applications/MCUXpressoIDE_11.0.1_2563/ide/plugins/com.nxp.mcuxpresso.tools.macosx_11.0.1.201907311258/tools/bin/../lib/gcc/arm-none-eabi/8.2.1/../../../../arm-none-eabi/lib/thumb/v6-m/nofp/libcr_semihost_nf.a(_cr__main.o) (_initio)
/Applications/MCUXpressoIDE_11.0.1_2563/ide/plugins/com.nxp.mcuxpresso.tools.macosx_11.0.1.201907311258/tools/bin/../lib/gcc/arm-none-eabi/8.2.1/../../../../arm-none-eabi/lib/thumb/v6-m/nofp/libcr_c.a(printf.o)
                              ./source/PES Project 6.o (_printf)
/Applications/MCUXpressoIDE_11.0.1_2563/ide/plugins/com.nxp.mcuxpresso.tools.macosx_11.0.1.201907311258/tools/bin/../lib/gcc/arm-none-eabi/8.2.1/../../../../arm-none-eabi/lib/thumb/v6-m/nofp/libcr_c.a(setvbuf.o)
                              /Applications/MCUXpressoIDE_11.0.1_2563/ide/plugins/com.nxp.mcuxpresso.tools.macosx_11.0.1.201907311258/tools/bin/../lib/gcc/arm-none-eabi/8.2.1/../../../../arm-none-eabi/lib/thumb/v6-m/nofp/libcr_c.a(initio.o) (setvbuf)
/Applications/MCUXpressoIDE_11.0.1_2563/ide/plugins/com.nxp.mcuxpresso.tools.macosx_11.0.1.201907311258/tools/bin/../lib/gcc/arm-none-eabi/8.2.1/../../../../arm-none-eabi/lib/thumb/v6-m/nofp/libcr_c.a(sin.o)
                              ./source/PES Project 6.o (sin)
/Applications/MCUXpressoIDE_11.0.1_2563/ide/plugins/com.nxp.mcuxpresso.tools.macosx_11.0.1.201907311258/tools/bin/../lib/gcc/arm-none-eabi/8.2.1/../../../../arm-none-eabi/lib/thumb/v6-m/nofp/libcr_c.a(strlen.o)
                              /Applications/MCUXpressoIDE_11.0.1_2563/ide/plugins/com.nxp.mcuxpresso.tools.macosx_11.0.1.201907311258/tools/bin/../lib/gcc/arm-none-eabi/8.2.1/../../../../arm-none-eabi/lib/thumb/v6-m/nofp/libcr_c.a(printf.o) (strlen)
/Applications/MCUXpressoIDE_11.0.1_2563/ide/plugins/com.nxp.mcuxpresso.tools.macosx_11.0.1.201907311258/tools/bin/../lib/gcc/arm-none-eabi/8.2.1/../../../../arm-none-eabi/lib/thumb/v6-m/nofp/libcr_c.a(_deferredlazyseek.o)
                              /Applications/MCUXpressoIDE_11.0.1_2563/ide/plugins/com.nxp.mcuxpresso.tools.macosx_11.0.1.201907311258/tools/bin/../lib/gcc/arm-none-eabi/8.2.1/../../../../arm-none-eabi/lib/thumb/v6-m/nofp/libcr_c.a(printf.o) (__flsbuf)
/Applications/MCUXpressoIDE_11.0.1_2563/ide/plugins/com.nxp.mcuxpresso.tools.macosx_11.0.1.201907311258/tools/bin/../lib/gcc/arm-none-eabi/8.2.1/../../../../arm-none-eabi/lib/thumb/v6-m/nofp/libcr_c.a(_fdopen.o)
                              /Applications/MCUXpressoIDE_11.0.1_2563/ide/plugins/com.nxp.mcuxpresso.tools.macosx_11.0.1.201907311258/tools/bin/../lib/gcc/arm-none-eabi/8.2.1/../../../../arm-none-eabi/lib/thumb/v6-m/nofp/libcr_c.a(initio.o) (_fdopen)
/Applications/MCUXpressoIDE_11.0.1_2563/ide/plugins/com.nxp.mcuxpresso.tools.macosx_11.0.1.201907311258/tools/bin/../lib/gcc/arm-none-eabi/8.2.1/../../../../arm-none-eabi/lib/thumb/v6-m/nofp/libcr_c.a(_fflush.o)
                              /Applications/MCUXpressoIDE_11.0.1_2563/ide/plugins/com.nxp.mcuxpresso.tools.macosx_11.0.1.201907311258/tools/bin/../lib/gcc/arm-none-eabi/8.2.1/../../../../arm-none-eabi/lib/thumb/v6-m/nofp/libcr_c.a(_deferredlazyseek.o) (_fflush)
/Applications/MCUXpressoIDE_11.0.1_2563/ide/plugins/com.nxp.mcuxpresso.tools.macosx_11.0.1.201907311258/tools/bin/../lib/gcc/arm-none-eabi/8.2.1/../../../../arm-none-eabi/lib/thumb/v6-m/nofp/libcr_c.a(_sincos.o)
                              /Applications/MCUXpressoIDE_11.0.1_2563/ide/plugins/com.nxp.mcuxpresso.tools.macosx_11.0.1.201907311258/tools/bin/../lib/gcc/arm-none-eabi/8.2.1/../../../../arm-none-eabi/lib/thumb/v6-m/nofp/libcr_c.a(sin.o) (_sincos)
/Applications/MCUXpressoIDE_11.0.1_2563/ide/plugins/com.nxp.mcuxpresso.tools.macosx_11.0.1.201907311258/tools/bin/../lib/gcc/arm-none-eabi/8.2.1/../../../../arm-none-eabi/lib/thumb/v6-m/nofp/libcr_c.a(_writebuf.o)
[...]
Memory Configuration

Name             Origin             Length             Attributes
PROGRAM_FLASH    0x0000000000000000 0x0000000000020000 xr
SRAM             0x000000001ffff000 0x0000000000004000 xrw
*default*        0x0000000000000000 0xffffffffffffffff

Linker script and memory map

LOAD ./utilities/fsl_debug_console.o
LOAD ./startup/startup_mkl25z4.o
LOAD ./source/PES Project 6.o
LOAD ./source/dac_driver.o
LOAD ./source/ledControl.o
LOAD ./source/loggerFunctions.o
LOAD ./source/mtb.o
LOAD ./source/semihost_hardfault.o
LOAD ./freertos/croutine.o
LOAD ./freertos/event_groups.o
LOAD ./freertos/fsl_tickless_lptmr.o
LOAD ./freertos/fsl_tickless_systick.o
LOAD ./freertos/heap_4.o
LOAD ./freertos/list.o
LOAD ./freertos/port.o
LOAD ./freertos/queue.o
LOAD ./freertos/tasks.o
LOAD ./freertos/timers.o
LOAD ./drivers/fsl_adc16.o
LOAD ./drivers/fsl_clock.o
LOAD ./drivers/fsl_common.o
LOAD ./drivers/fsl_dac.o
LOAD ./drivers/fsl_dma.o
LOAD ./drivers/fsl_dmamux.o
LOAD ./drivers/fsl_flash.o
LOAD ./drivers/fsl_gpio.o
LOAD ./drivers/fsl_lpsci.o
LOAD ./drivers/fsl_lpsci_dma.o
LOAD ./drivers/fsl_lpsci_freertos.o
LOAD ./drivers/fsl_smc.o
LOAD ./drivers/fsl_uart.o
LOAD ./drivers/fsl_uart_dma.o
LOAD ./drivers/fsl_uart_freertos.o
LOAD ./board/board.o
LOAD ./board/clock_config.o
LOAD ./board/peripherals.o
LOAD ./board/pin_mux.o
LOAD ./CMSIS/system_MKL25Z4.o
START GROUP
LOAD /Applications/MCUXpressoIDE_11.0.1_2563/ide/plugins/com.nxp.mcuxpresso.tools.macosx_11.0.1.201907311258/tools/bin/../lib/gcc/arm-none-eabi/8.2.1/../../../../arm-none-eabi/lib/thumb/v6-m/nofp/libcr_semihost_nf.a
LOAD /Applications/MCUXpressoIDE_11.0.1_2563/ide/plugins/com.nxp.mcuxpresso.tools.macosx_11.0.1.201907311258/tools/bin/../lib/gcc/arm-none-eabi/8.2.1/../../../../arm-none-eabi/lib/thumb/v6-m/nofp/libcr_c.a
LOAD /Applications/MCUXpressoIDE_11.0.1_2563/ide/plugins/com.nxp.mcuxpresso.tools.macosx_11.0.1.201907311258/tools/bin/../lib/gcc/arm-none-eabi/8.2.1/thumb/v6-m/nofp/libcr_eabihelpers.a
LOAD /Applications/MCUXpressoIDE_11.0.1_2563/ide/plugins/com.nxp.mcuxpresso.tools.macosx_11.0.1.201907311258/tools/bin/../lib/gcc/arm-none-eabi/8.2.1/thumb/v6-m/nofp/libgcc.a
END GROUP
                0x0000000000000000                __base_PROGRAM_FLASH = 0x0
                0x0000000000000000                __base_Flash = 0x0
                0x0000000000020000                __top_PROGRAM_FLASH = 0x20000
                0x0000000000020000                __top_Flash = 0x20000
                0x000000001ffff000                __base_SRAM = 0x1ffff000
                0x000000001ffff000                __base_RAM = 0x1ffff000
                0x0000000020003000                __top_SRAM = 0x20003000
                0x0000000020003000                __top_RAM = 0x20003000

.text           0x0000000000000000     0x4580
 FILL mask 0xff
                0x0000000000000000                __vectors_start__ = ABSOLUTE (.)
 *(SORT_BY_ALIGNMENT(.isr_vector))
 .isr_vector    0x0000000000000000       0xc0 ./startup/startup_mkl25z4.o
                0x0000000000000000                __Vectors
                0x0000000000000000                g_pfnVectors
                0x00000000000000c0                . = ALIGN (0x4)
                0x00000000000000c0                __section_table_start = .
                0x00000000000000c0                __data_section_table = .
                0x00000000000000c0        0x4 LONG 0x4580 LOADADDR (.data)
                0x00000000000000c4        0x4 LONG 0x1ffff080 ADDR (.data)
                0x00000000000000c8        0x4 LONG 0xc SIZEOF (.data)
                0x00000000000000cc                __data_section_table_end = .
                0x00000000000000cc                __bss_section_table = .
                0x00000000000000cc        0x4 LONG 0x1ffff08c ADDR (.bss)
                0x00000000000000d0        0x4 LONG 0x2b00 SIZEOF (.bss)
                0x00000000000000d4                __bss_section_table_end = .
                0x00000000000000d4                __section_table_end = .
 *(SORT_BY_ALIGNMENT(.after_vectors*))
 .after_vectors.reset
                0x00000000000000d4       0x44 ./startup/startup_mkl25z4.o
                0x00000000000000d4                ResetISR
 .after_vectors
                0x0000000000000118      0x10c ./startup/startup_mkl25z4.o
                0x0000000000000118                NMI_Handler
                0x0000000000000122                Reserved39_DriverIRQHandler
                0x0000000000000122                SPI1_DriverIRQHandler
                0x0000000000000122                LPTMR0_DriverIRQHandler
                0x0000000000000122                ADC0_DriverIRQHandler
                0x0000000000000122                TPM0_DriverIRQHandler
                0x0000000000000122                Reserved45_DriverIRQHandler
                0x0000000000000122                Reserved20_DriverIRQHandler
                0x0000000000000122                RTC_DriverIRQHandler
                0x0000000000000122                PIT_DriverIRQHandler
                0x0000000000000122                TPM2_DriverIRQHandler
                0x0000000000000122                TPM1_DriverIRQHandler
                0x0000000000000122                TSI0_DriverIRQHandler
                0x0000000000000122                RTC_Seconds_DriverIRQHandler
                0x0000000000000122                I2C0_DriverIRQHandler
                0x0000000000000122                PORTA_DriverIRQHandler
                0x0000000000000122                LLWU_DriverIRQHandler
                0x0000000000000122                MCG_DriverIRQHandler
                0x0000000000000122                PORTD_DriverIRQHandler
                0x0000000000000122                I2C1_DriverIRQHandler
                0x0000000000000122                SPI0_DriverIRQHandler
                0x0000000000000122                FTFA_DriverIRQHandler
                0x0000000000000122                IntDefaultHandler
                0x0000000000000122                USB0_DriverIRQHandler
                0x0000000000000122                DAC0_DriverIRQHandler
                0x0000000000000122                CMP0_DriverIRQHandler
                0x0000000000000122                LVD_LVW_DriverIRQHandler
                0x0000000000000124                DMA0_IRQHandler
                0x000000000000012c                DMA1_IRQHandler
                0x0000000000000134                DMA2_IRQHandler
                0x000000000000013c                DMA3_IRQHandler
                0x0000000000000144                Reserved20_IRQHandler
                0x000000000000014c                FTFA_IRQHandler
                0x0000000000000154                LVD_LVW_IRQHandler
                0x000000000000015c                LLWU_IRQHandler
                0x0000000000000164                I2C0_IRQHandler
                0x000000000000016c                I2C1_IRQHandler
                0x0000000000000174                SPI0_IRQHandler
                0x000000000000017c                SPI1_IRQHandler
                0x0000000000000184                UART0_IRQHandler
                0x000000000000018c                UART1_IRQHandler
                0x0000000000000194                UART2_IRQHandler
                0x000000000000019c                ADC0_IRQHandler
                0x00000000000001a4                CMP0_IRQHandler
                0x00000000000001ac                TPM0_IRQHandler
                0x00000000000001b4                TPM1_IRQHandler
                0x00000000000001bc                TPM2_IRQHandler
                0x00000000000001c4                RTC_IRQHandler
                0x00000000000001cc                RTC_Seconds_IRQHandler
                0x00000000000001d4                PIT_IRQHandler
                0x00000000000001dc                Reserved39_IRQHandler
                0x00000000000001e4                USB0_IRQHandler
                0x00000000000001ec                DAC0_IRQHandler
                0x00000000000001f4                TSI0_IRQHandler
                0x00000000000001fc                MCG_IRQHandler
                0x0000000000000204                LPTMR0_IRQHandler
                0x000000000000020c                Reserved45_IRQHandler
                0x0000000000000214                PORTA_IRQHandler
                0x000000000000021c                PORTD_IRQHandler
 .after_vectors.init_data
                0x0000000000000224       0x16 ./startup/startup_mkl25z4.o
                0x0000000000000224                data_init
 .after_vectors.init_bss
                0x000000000000023a       0x14 ./startup/startup_mkl25z4.o
                0x000000000000023a                bss_init
                0x0000000000000400                . = 0x400
 *fill*         0x000000000000024e      0x1b2 ff
                0x0000000000000400                PROVIDE (__FLASH_CONFIG_START__ = .)
 *(SORT_BY_ALIGNMENT(.FlashConfig))
 .FlashConfig   0x0000000000000400       0x10 ./startup/startup_mkl25z4.o
                0x0000000000000400                Flash_Config
                0x0000000000000410                PROVIDE (__FLASH_CONFIG_END__ = .)
                0x0000000000000001                ASSERT (! ((__FLASH_CONFIG_START__ == __FLASH_CONFIG_END__)), Linker Flash Config Support Enabled, but no .FlashConfig section provided within application)
 *(SORT_BY_ALIGNMENT(.text*))
 .text.vPortStartFirstTask
                0x0000000000000410       0x34 ./freertos/port.o
 *fill*         0x0000000000000444        0xc ff
 .text.PendSV_Handler
                0x0000000000000450       0x44 ./freertos/port.o
                0x0000000000000450                PendSV_Handler
 .text.DbgConsole_Init
                0x0000000000000494       0x9c ./utilities/fsl_debug_console.o
                0x0000000000000494                DbgConsole_Init
 .text.SwTimerCallback
                0x0000000000000530       0x48 ./source/PES Project 6.o
 .text.generateLUT
                0x0000000000000578       0x70 ./source/PES Project 6.o
                0x0000000000000578                generateLUT
 .text.startup.main
                0x00000000000005e8       0x78 ./source/PES Project 6.o
                0x00000000000005e8                main
 .text.DAC_Initialize
                0x0000000000000660       0x24 ./source/dac_driver.o
                0x0000000000000660                DAC_Initialize
 .text.Init_RGB_LEDs
                0x0000000000000684       0x84 ./source/ledControl.o
                0x0000000000000684                Init_RGB_LEDs
 .text.ledOff   0x0000000000000708       0x34 ./source/ledControl.o
                0x0000000000000708                ledOff
 .text.blueLED  0x000000000000073c       0x24 ./source/ledControl.o
                0x000000000000073c                blueLED
 .text.HardFault_Handler
                0x0000000000000760       0x2c ./source/semihost_hardfault.o
                0x0000000000000760                HardFault_Handler
 .text.prvSetupTimerInterrupt
                0x000000000000078c       0x34 ./freertos/fsl_tickless_lptmr.o
                0x000000000000078c                prvSetupTimerInterrupt
 .text.prvInsertBlockIntoFreeList
                0x00000000000007c0       0x48 ./freertos/heap_4.o
 .text.pvPortMalloc
                0x0000000000000808       0xfc ./freertos/heap_4.o
                0x0000000000000808                pvPortMalloc
 .text.vPortFree
                0x0000000000000904       0x48 ./freertos/heap_4.o
                0x0000000000000904                vPortFree
 .text.prvTaskExitError
                0x000000000000094c       0x14 ./freertos/port.o
 .text.pxPortInitialiseStack
                0x0000000000000960       0x20 ./freertos/port.o
                0x0000000000000960                pxPortInitialiseStack
 .text.xPortStartScheduler
                0x0000000000000980       0x34 ./freertos/port.o
                0x0000000000000980                xPortStartScheduler
 .text.vPortYield
                0x00000000000009b4       0x18 ./freertos/port.o
                0x00000000000009b4                vPortYield
 .text.vPortEnterCritical
                0x00000000000009cc       0x18 ./freertos/port.o
                0x00000000000009cc                vPortEnterCritical
 .text.vPortExitCritical
                0x00000000000009e4       0x1c ./freertos/port.o
                0x00000000000009e4                vPortExitCritical
 .text.SysTick_Handler
                0x0000000000000a00       0x24 ./freertos/port.o
                0x0000000000000a00                SysTick_Handler
 .text.vQueueAddToRegistry
                0x0000000000000a24       0x24 ./freertos/queue.o
                0x0000000000000a24                vQueueAddToRegistry
 .text.prvResetNextTaskUnblockTime
                0x0000000000000a48       0x28 ./freertos/tasks.o
 .text.prvAddCurrentTaskToDelayedList
                0x0000000000000a70       0x70 ./freertos/tasks.o
 .text.xTaskCreate
                0x0000000000000ae0      0x1b0 ./freertos/tasks.o
                0x0000000000000ae0                xTaskCreate
 .text.vTaskStartScheduler
                0x0000000000000c90       0x5c ./freertos/tasks.o
                0x0000000000000c90                vTaskStartScheduler
 .text.vTaskSuspendAll
                0x0000000000000cec       0x10 ./freertos/tasks.o
                0x0000000000000cec                vTaskSuspendAll
 .text.xTaskGetTickCount
                0x0000000000000cfc        0xc ./freertos/tasks.o
                0x0000000000000cfc                xTaskGetTickCount
 .text.xTaskIncrementTick
                0x0000000000000d08       0xe8 ./freertos/tasks.o
                0x0000000000000d08                xTaskIncrementTick
 .text.xTaskResumeAll
                0x0000000000000df0       0xd0 ./freertos/tasks.o
                0x0000000000000df0                xTaskResumeAll
 .text.prvIdleTask
                0x0000000000000ec0       0x68 ./freertos/tasks.o
 .text.vTaskSwitchContext
                0x0000000000000f28       0x6c ./freertos/tasks.o
                0x0000000000000f28                vTaskSwitchContext
 .text.vTaskPlaceOnEventList
                0x0000000000000f94       0x24 ./freertos/tasks.o
                0x0000000000000f94                vTaskPlaceOnEventList
 .text.vTaskPlaceOnEventListRestricted
                0x0000000000000fb8       0x30 ./freertos/tasks.o
                0x0000000000000fb8                vTaskPlaceOnEventListRestricted
 .text.xTaskRemoveFromEventList
                0x0000000000000fe8       0x78 ./freertos/tasks.o
                0x0000000000000fe8                xTaskRemoveFromEventList
 .text.vTaskSetTimeOutState
                0x0000000000001060       0x20 ./freertos/tasks.o
                0x0000000000001060                vTaskSetTimeOutState
 .text.xTaskCheckForTimeOut
                0x0000000000001080       0x60 ./freertos/tasks.o
                0x0000000000001080                xTaskCheckForTimeOut
 .text.vTaskMissedYield
                0x00000000000010e0        0xc ./freertos/tasks.o
                0x00000000000010e0                vTaskMissedYield
 .text.xTaskGetSchedulerState
                0x00000000000010ec       0x20 ./freertos/tasks.o
                0x00000000000010ec                xTaskGetSchedulerState
 .text.vTaskPriorityInherit
                0x000000000000110c       0x6c ./freertos/tasks.o
                0x000000000000110c                vTaskPriorityInherit
 .text.xTaskPriorityDisinherit
                0x0000000000001178       0x6c ./freertos/tasks.o
                0x0000000000001178                xTaskPriorityDisinherit
 .text.pvTaskIncrementMutexHeldCount
                0x00000000000011e4       0x18 ./freertos/tasks.o
                0x00000000000011e4                pvTaskIncrementMutexHeldCount
 .text.prvCheckForValidListAndQueue
                0x00000000000011fc       0x5c ./freertos/timers.o
 .text.prvInsertTimerInActiveList
                0x0000000000001258       0x3c ./freertos/timers.o
 .text.xTimerCreateTimerTask
                0x0000000000001294       0x3c ./freertos/timers.o
                0x0000000000001294                xTimerCreateTimerTask
 .text.xTimerGenericCommand
                0x00000000000012d0       0x4c ./freertos/timers.o
                0x00000000000012d0                xTimerGenericCommand
 .text.prvSwitchTimerLists
                0x000000000000131c       0x64 ./freertos/timers.o
 .text.prvTimerTask
                0x0000000000001380      0x18c ./freertos/timers.o
 .text.CLOCK_GetFllExtRefClkFreq
                0x000000000000150c       0x3c ./drivers/fsl_clock.o
 .text.CLOCK_SetSimConfig
                0x0000000000001548       0x4c ./drivers/fsl_clock.o
                0x0000000000001548                CLOCK_SetSimConfig
 .text.CLOCK_GetFllFreq
                0x0000000000001594       0x4c ./drivers/fsl_clock.o
                0x0000000000001594                CLOCK_GetFllFreq
 .text.CLOCK_GetPll0Freq
                0x00000000000015e0       0x30 ./drivers/fsl_clock.o
                0x00000000000015e0                CLOCK_GetPll0Freq
 .text.CLOCK_GetPllFllSelClkFreq
                0x0000000000001610       0x24 ./drivers/fsl_clock.o
                0x0000000000001610                CLOCK_GetPllFllSelClkFreq
 .text.CLOCK_SetInternalRefClkConfig
                0x0000000000001634       0x74 ./drivers/fsl_clock.o
                0x0000000000001634                CLOCK_SetInternalRefClkConfig
 .text.CLOCK_EnablePll0
                0x00000000000016a8       0x30 ./drivers/fsl_clock.o
                0x00000000000016a8                CLOCK_EnablePll0
 .text.CLOCK_InitOsc0
                0x00000000000016d8       0x68 ./drivers/fsl_clock.o
                0x00000000000016d8                CLOCK_InitOsc0
 .text.CLOCK_SetPbeMode
                0x0000000000001740       0x50 ./drivers/fsl_clock.o
                0x0000000000001740                CLOCK_SetPbeMode
 .text.CLOCK_BootToPeeMode
                0x0000000000001790       0x2c ./drivers/fsl_clock.o
                0x0000000000001790                CLOCK_BootToPeeMode
 .text.DAC_Init
                0x00000000000017bc       0x34 ./drivers/fsl_dac.o
                0x00000000000017bc                DAC_Init
 .text.DMA0_DriverIRQHandler
                0x00000000000017f0       0x10 ./drivers/fsl_dma.o
                0x00000000000017f0                DMA0_DriverIRQHandler
 .text.DMA1_DriverIRQHandler
                0x0000000000001800       0x10 ./drivers/fsl_dma.o
                0x0000000000001800                DMA1_DriverIRQHandler
 .text.DMA2_DriverIRQHandler
                0x0000000000001810       0x10 ./drivers/fsl_dma.o
                0x0000000000001810                DMA2_DriverIRQHandler
 .text.DMA3_DriverIRQHandler
                0x0000000000001820       0x10 ./drivers/fsl_dma.o
                0x0000000000001820                DMA3_DriverIRQHandler
 .text.LPSCI_Init
                0x0000000000001830      0x128 ./drivers/fsl_lpsci.o
                0x0000000000001830                LPSCI_Init
 .text.LPSCI_ClearStatusFlags
                0x0000000000001958       0x54 ./drivers/fsl_lpsci.o
                0x0000000000001958                LPSCI_ClearStatusFlags
 .text.LPSCI_ReadBlocking
                0x00000000000019ac       0x78 ./drivers/fsl_lpsci.o
                0x00000000000019ac                LPSCI_ReadBlocking
 .text.UART0_DriverIRQHandler
                0x0000000000001a24       0x1c ./drivers/fsl_lpsci.o
                0x0000000000001a24                UART0_DriverIRQHandler
 .text.UART_GetInstance
                0x0000000000001a40       0x24 ./drivers/fsl_uart.o
                0x0000000000001a40                UART_GetInstance
 .text.UART_Init
                0x0000000000001a64       0xdc ./drivers/fsl_uart.o
                0x0000000000001a64                UART_Init
 .text.UART_ReadBlocking
                0x0000000000001b40       0x60 ./drivers/fsl_uart.o
                0x0000000000001b40                UART_ReadBlocking
 .text.UART1_DriverIRQHandler
                0x0000000000001ba0       0x1c ./drivers/fsl_uart.o
                0x0000000000001ba0                UART1_DriverIRQHandler
 .text.UART2_DriverIRQHandler
                0x0000000000001bbc       0x1c ./drivers/fsl_uart.o
                0x0000000000001bbc                UART2_DriverIRQHandler
 .text.BOARD_InitDebugConsole
                0x0000000000001bd8       0x38 ./board/board.o
                0x0000000000001bd8                BOARD_InitDebugConsole
 .text.BOARD_BootClockRUN
                0x0000000000001c10       0x70 ./board/clock_config.o
                0x0000000000001c10                BOARD_BootClockRUN
 .text.BOARD_InitPins
                0x0000000000001c80       0x44 ./board/pin_mux.o
                0x0000000000001c80                BOARD_InitPins
 .text.SystemInit
                0x0000000000001cc4       0x10 ./CMSIS/system_MKL25Z4.o
                0x0000000000001cc4                SystemInit
 .text.SystemCoreClockUpdate
                0x0000000000001cd4      0x124 ./CMSIS/system_MKL25Z4.o
                0x0000000000001cd4                SystemCoreClockUpdate
 .text._initio  0x0000000000001df8       0x7c /Applications/MCUXpressoIDE_11.0.1_2563/ide/plugins/com.nxp.mcuxpresso.tools.macosx_11.0.1.201907311258/tools/bin/../lib/gcc/arm-none-eabi/8.2.1/../../../../arm-none-eabi/lib/thumb/v6-m/nofp/libcr_c.a(initio.o)
                0x0000000000001df8                _initio
 .text.__vfprintf
                0x0000000000001e74      0xcd8 /Applications/MCUXpressoIDE_11.0.1_2563/ide/plugins/com.nxp.mcuxpresso.tools.macosx_11.0.1.201907311258/tools/bin/../lib/gcc/arm-none-eabi/8.2.1/../../../../arm-none-eabi/lib/thumb/v6-m/nofp/libcr_c.a(printf.o)
                0x0000000000001e74                __vfprintf
 .text._vsnprintf
                0x0000000000002b4c       0x70 /Applications/MCUXpressoIDE_11.0.1_2563/ide/plugins/com.nxp.mcuxpresso.tools.macosx_11.0.1.201907311258/tools/bin/../lib/gcc/arm-none-eabi/8.2.1/../../../../arm-none-eabi/lib/thumb/v6-m/nofp/libcr_c.a(printf.o)
                0x0000000000002b4c                _vsnprintf
 .text._printf  0x0000000000002bbc       0x50 /Applications/MCUXpressoIDE_11.0.1_2563/ide/plugins/com.nxp.mcuxpresso.tools.macosx_11.0.1.201907311258/tools/bin/../lib/gcc/arm-none-eabi/8.2.1/../../../../arm-none-eabi/lib/thumb/v6-m/nofp/libcr_c.a(printf.o)
                0x0000000000002bbc                _printf
 .text.setvbuf  0x0000000000002c0c       0x4c /Applications/MCUXpressoIDE_11.0.1_2563/ide/plugins/com.nxp.mcuxpresso.tools.macosx_11.0.1.201907311258/tools/bin/../lib/gcc/arm-none-eabi/8.2.1/../../../../arm-none-eabi/lib/thumb/v6-m/nofp/libcr_c.a(setvbuf.o)
                0x0000000000002c0c                setvbuf
 .text.strlen   0x0000000000002c58       0x58 /Applications/MCUXpressoIDE_11.0.1_2563/ide/plugins/com.nxp.mcuxpresso.tools.macosx_11.0.1.201907311258/tools/bin/../lib/gcc/arm-none-eabi/8.2.1/../../../../arm-none-eabi/lib/thumb/v6-m/nofp/libcr_c.a(strlen.o)
                0x0000000000002c58                strlen
 .text._deferredlazyseek
                0x0000000000002cb0       0x40 /Applications/MCUXpressoIDE_11.0.1_2563/ide/plugins/com.nxp.mcuxpresso.tools.macosx_11.0.1.201907311258/tools/bin/../lib/gcc/arm-none-eabi/8.2.1/../../../../arm-none-eabi/lib/thumb/v6-m/nofp/libcr_c.a(_deferredlazyseek.o)
                0x0000000000002cb0                _deferredlazyseek
 .text.__flsbuf
                0x0000000000002cf0      0x14c /Applications/MCUXpressoIDE_11.0.1_2563/ide/plugins/com.nxp.mcuxpresso.tools.macosx_11.0.1.201907311258/tools/bin/../lib/gcc/arm-none-eabi/8.2.1/../../../../arm-none-eabi/lib/thumb/v6-m/nofp/libcr_c.a(_deferredlazyseek.o)
                0x0000000000002cf0                __flsbuf
 .text._fdopen  0x0000000000002e3c       0x74 /Applications/MCUXpressoIDE_11.0.1_2563/ide/plugins/com.nxp.mcuxpresso.tools.macosx_11.0.1.201907311258/tools/bin/../lib/gcc/arm-none-eabi/8.2.1/../../../../arm-none-eabi/lib/thumb/v6-m/nofp/libcr_c.a(_fdopen.o)
                0x0000000000002e3c                _fdopen
 .text._fflush  0x0000000000002eb0       0x5c /Applications/MCUXpressoIDE_11.0.1_2563/ide/plugins/com.nxp.mcuxpresso.tools.macosx_11.0.1.201907311258/tools/bin/../lib/gcc/arm-none-eabi/8.2.1/../../../../arm-none-eabi/lib/thumb/v6-m/nofp/libcr_c.a(_fflush.o)
                0x0000000000002eb0                _fflush
 .text._sincos  0x0000000000002f0c      0x1dc /Applications/MCUXpressoIDE_11.0.1_2563/ide/plugins/com.nxp.mcuxpresso.tools.macosx_11.0.1.201907311258/tools/bin/../lib/gcc/arm-none-eabi/8.2.1/../../../../arm-none-eabi/lib/thumb/v6-m/nofp/libcr_c.a(_sincos.o)
                0x0000000000002f0c                _sincos
 .text._Cwritebuf
                0x00000000000030e8       0x68 /Applications/MCUXpressoIDE_11.0.1_2563/ide/plugins/com.nxp.mcuxpresso.tools.macosx_11.0.1.201907311258/tools/bin/../lib/gcc/arm-none-eabi/8.2.1/../../../../arm-none-eabi/lib/thumb/v6-m/nofp/libcr_c.a(_writebuf.o)
                0x00000000000030e8                _Cwritebuf
 .text.malloc   0x0000000000003150       0xcc /Applications/MCUXpressoIDE_11.0.1_2563/ide/plugins/com.nxp.mcuxpresso.tools.macosx_11.0.1.201907311258/tools/bin/../lib/gcc/arm-none-eabi/8.2.1/../../../../arm-none-eabi/lib/thumb/v6-m/nofp/libcr_c.a(alloc.o)
                0x0000000000003150                malloc
 .text._Csys_alloc
                0x000000000000321c       0x20 /Applications/MCUXpressoIDE_11.0.1_2563/ide/plugins/com.nxp.mcuxpresso.tools.macosx_11.0.1.201907311258/tools/bin/../lib/gcc/arm-none-eabi/8.2.1/../../../../arm-none-eabi/lib/thumb/v6-m/nofp/libcr_c.a(alloc.o)
                0x000000000000321c                _Csys_alloc
 .text.fclose   0x000000000000323c       0x5c /Applications/MCUXpressoIDE_11.0.1_2563/ide/plugins/com.nxp.mcuxpresso.tools.macosx_11.0.1.201907311258/tools/bin/../lib/gcc/arm-none-eabi/8.2.1/../../../../arm-none-eabi/lib/thumb/v6-m/nofp/libcr_c.a(fclose.o)
                0x000000000000323c                fclose
 .text.fflush   0x0000000000003298       0x44 /Applications/MCUXpressoIDE_11.0.1_2563/ide/plugins/com.nxp.mcuxpresso.tools.macosx_11.0.1.201907311258/tools/bin/../lib/gcc/arm-none-eabi/8.2.1/../../../../arm-none-eabi/lib/thumb/v6-m/nofp/libcr_c.a(fflush.o)
                0x0000000000003298                fflush
 .text.fseek    0x00000000000032dc       0xf0 /Applications/MCUXpressoIDE_11.0.1_2563/ide/plugins/com.nxp.mcuxpresso.tools.macosx_11.0.1.201907311258/tools/bin/../lib/gcc/arm-none-eabi/8.2.1/../../../../arm-none-eabi/lib/thumb/v6-m/nofp/libcr_c.a(fseek.o)
                0x00000000000032dc                fseek
 .text.ftell    0x00000000000033cc       0x48 /Applications/MCUXpressoIDE_11.0.1_2563/ide/plugins/com.nxp.mcuxpresso.tools.macosx_11.0.1.201907311258/tools/bin/../lib/gcc/arm-none-eabi/8.2.1/../../../../arm-none-eabi/lib/thumb/v6-m/nofp/libcr_c.a(ftell.o)
                0x00000000000033cc                ftell
 .text._sbrk    0x0000000000003414       0x40 /Applications/MCUXpressoIDE_11.0.1_2563/ide/plugins/com.nxp.mcuxpresso.tools.macosx_11.0.1.201907311258/tools/bin/../lib/gcc/arm-none-eabi/8.2.1/../../../../arm-none-eabi/lib/thumb/v6-m/nofp/libcr_c.a(_cr_sbrk.o)
                0x0000000000003414                _sbrk
 .text._do_fflush
                0x0000000000003454       0x44 /Applications/MCUXpressoIDE_11.0.1_2563/ide/plugins/com.nxp.mcuxpresso.tools.macosx_11.0.1.201907311258/tools/bin/../lib/gcc/arm-none-eabi/8.2.1/../../../../arm-none-eabi/lib/thumb/v6-m/nofp/libcr_c.a(_do_fflush.o)
                0x0000000000003454                _do_fflush
 .text.__check_heap_overflow
                0x0000000000003498       0x14 /Applications/MCUXpressoIDE_11.0.1_2563/ide/plugins/com.nxp.mcuxpresso.tools.macosx_11.0.1.201907311258/tools/bin/../lib/gcc/arm-none-eabi/8.2.1/../../../../arm-none-eabi/lib/thumb/v6-m/nofp/libcr_c.a(_cr_check_heap.o)
                0x0000000000003498                __check_heap_overflow
 .text.__aeabi_dmul
                0x00000000000034ac      0x188 /Applications/MCUXpressoIDE_11.0.1_2563/ide/plugins/com.nxp.mcuxpresso.tools.macosx_11.0.1.201907311258/tools/bin/../lib/gcc/arm-none-eabi/8.2.1/thumb/v6-m/nofp/libcr_eabihelpers.a(double.o)
                0x00000000000034ac                __aeabi_dmul
 .text.__aeabi_ddiv
                0x0000000000003634      0x148 /Applications/MCUXpressoIDE_11.0.1_2563/ide/plugins/com.nxp.mcuxpresso.tools.macosx_11.0.1.201907311258/tools/bin/../lib/gcc/arm-none-eabi/8.2.1/thumb/v6-m/nofp/libcr_eabihelpers.a(double.o)
                0x0000000000003634                __aeabi_ddiv
 .text.__aeabi_dsub
                0x000000000000377c      0x1c4 /Applications/MCUXpressoIDE_11.0.1_2563/ide/plugins/com.nxp.mcuxpresso.tools.macosx_11.0.1.201907311258/tools/bin/../lib/gcc/arm-none-eabi/8.2.1/thumb/v6-m/nofp/libcr_eabihelpers.a(double.o)
                0x000000000000377c                __aeabi_dsub
 .text.__aeabi_dadd
                0x0000000000003940      0x12c /Applications/MCUXpressoIDE_11.0.1_2563/ide/plugins/com.nxp.mcuxpresso.tools.macosx_11.0.1.201907311258/tools/bin/../lib/gcc/arm-none-eabi/8.2.1/thumb/v6-m/nofp/libcr_eabihelpers.a(double.o)
                0x0000000000003940                __aeabi_dadd
 .text.__aeabi_d2iz
                0x0000000000003a6c       0x4c /Applications/MCUXpressoIDE_11.0.1_2563/ide/plugins/com.nxp.mcuxpresso.tools.macosx_11.0.1.201907311258/tools/bin/../lib/gcc/arm-none-eabi/8.2.1/thumb/v6-m/nofp/libcr_eabihelpers.a(double.o)
                0x0000000000003a6c                __aeabi_d2iz
 .text.__aeabi_d2uiz
                0x0000000000003ab8       0x34 /Applications/MCUXpressoIDE_11.0.1_2563/ide/plugins/com.nxp.mcuxpresso.tools.macosx_11.0.1.201907311258/tools/bin/../lib/gcc/arm-none-eabi/8.2.1/thumb/v6-m/nofp/libcr_eabihelpers.a(double.o)
                0x0000000000003ab8                __aeabi_d2uiz
 .text.__aeabi_dcmplt
                0x0000000000003aec       0x60 /Applications/MCUXpressoIDE_11.0.1_2563/ide/plugins/com.nxp.mcuxpresso.tools.macosx_11.0.1.201907311258/tools/bin/../lib/gcc/arm-none-eabi/8.2.1/thumb/v6-m/nofp/libcr_eabihelpers.a(double.o)
                0x0000000000003aec                __aeabi_dcmplt
 .text.__aeabi_dcmpge
                0x0000000000003b4c       0x60 /Applications/MCUXpressoIDE_11.0.1_2563/ide/plugins/com.nxp.mcuxpresso.tools.macosx_11.0.1.201907311258/tools/bin/../lib/gcc/arm-none-eabi/8.2.1/thumb/v6-m/nofp/libcr_eabihelpers.a(double.o)
                0x0000000000003b4c                __aeabi_dcmpge
 .text.__sys_appexit
                0x0000000000003bac        0xc /Applications/MCUXpressoIDE_11.0.1_2563/ide/plugins/com.nxp.mcuxpresso.tools.macosx_11.0.1.201907311258/tools/bin/../lib/gcc/arm-none-eabi/8.2.1/../../../../arm-none-eabi/lib/thumb/v6-m/nofp/libcr_semihost_nf.a(__sys_appexit.o)
                0x0000000000003bac                __exit
                0x0000000000003bac                __sys_appexit
 .text.log_message
                0x0000000000003bb8        0x2 ./source/loggerFunctions.o
                0x0000000000003bb8                log_message
 .text.vListInitialise
                0x0000000000003bba       0x16 ./freertos/list.o
                0x0000000000003bba                vListInitialise
 .text.vListInitialiseItem
                0x0000000000003bd0        0x6 ./freertos/list.o
                0x0000000000003bd0                vListInitialiseItem
 .text.vListInsertEnd
                0x0000000000003bd6       0x18 ./freertos/list.o
                0x0000000000003bd6                vListInsertEnd
 .text.vListInsert
                0x0000000000003bee       0x2e ./freertos/list.o
                0x0000000000003bee                vListInsert
 .text.uxListRemove
                0x0000000000003c1c       0x1e ./freertos/list.o
                0x0000000000003c1c                uxListRemove
 .text.SVC_Handler
                0x0000000000003c3a        0x2 ./freertos/port.o
                0x0000000000003c3a                SVC_Handler
 .text.ulSetInterruptMaskFromISR
                0x0000000000003c3c        0xa ./freertos/port.o
                0x0000000000003c3c                ulSetInterruptMaskFromISR
 .text.vClearInterruptMaskFromISR
                0x0000000000003c46        0x6 ./freertos/port.o
                0x0000000000003c46                vClearInterruptMaskFromISR
 .text.prvCopyDataToQueue
                0x0000000000003c4c       0x70 ./freertos/queue.o
 .text.prvCopyDataFromQueue
                0x0000000000003cbc       0x24 ./freertos/queue.o
 .text.prvUnlockQueue
                0x0000000000003ce0       0x6a ./freertos/queue.o
 .text.xQueueGenericReset
                0x0000000000003d4a       0x68 ./freertos/queue.o
                0x0000000000003d4a                xQueueGenericReset
 .text.xQueueGenericCreate
                0x0000000000003db2       0x3e ./freertos/queue.o
                0x0000000000003db2                xQueueGenericCreate
 .text.xQueueGenericSend
                0x0000000000003df0      0x120 ./freertos/queue.o
                0x0000000000003df0                xQueueGenericSend
 .text.xQueueGenericSendFromISR
                0x0000000000003f10       0x92 ./freertos/queue.o
                0x0000000000003f10                xQueueGenericSendFromISR
 .text.xQueueGenericReceive
                0x0000000000003fa2      0x150 ./freertos/queue.o
                0x0000000000003fa2                xQueueGenericReceive
 .text.vQueueWaitForMessageRestricted
                0x00000000000040f2       0x4a ./freertos/queue.o
                0x00000000000040f2                vQueueWaitForMessageRestricted
 .text.xTimerCreate
                0x000000000000413c       0x38 ./freertos/timers.o
                0x000000000000413c                xTimerCreate
 .text.DAC_GetDefaultConfig
                0x0000000000004174        0xa ./drivers/fsl_dac.o
                0x0000000000004174                DAC_GetDefaultConfig
 .text.DAC_SetBufferValue
                0x000000000000417e       0x10 ./drivers/fsl_dac.o
                0x000000000000417e                DAC_SetBufferValue
 .text.DMA_HandleIRQ
                0x000000000000418e       0x22 ./drivers/fsl_dma.o
                0x000000000000418e                DMA_HandleIRQ
 .text.LPSCI_GetDefaultConfig
                0x00000000000041b0        0xc ./drivers/fsl_lpsci.o
                0x00000000000041b0                LPSCI_GetDefaultConfig
 .text.LPSCI_WriteBlocking
                0x00000000000041bc       0x18 ./drivers/fsl_lpsci.o
                0x00000000000041bc                LPSCI_WriteBlocking
 .text.UART_GetDefaultConfig
                0x00000000000041d4        0xc ./drivers/fsl_uart.o
                0x00000000000041d4                UART_GetDefaultConfig
 .text.UART_WriteBlocking
                0x00000000000041e0       0x18 ./drivers/fsl_uart.o
                0x00000000000041e0                UART_WriteBlocking
 .text.BOARD_InitBootClocks
                0x00000000000041f8        0x8 ./board/clock_config.o
                0x00000000000041f8                BOARD_InitBootClocks
 .text.BOARD_InitBootPeripherals
                0x0000000000004200        0x2 ./board/peripherals.o
                0x0000000000004200                BOARD_InitBootPeripherals
 .text.BOARD_InitBootPins
                0x0000000000004202        0x8 ./board/pin_mux.o
                0x0000000000004202                BOARD_InitBootPins
 .text.__main   0x000000000000420a        0xc /Applications/MCUXpressoIDE_11.0.1_2563/ide/plugins/com.nxp.mcuxpresso.tools.macosx_11.0.1.201907311258/tools/bin/../lib/gcc/arm-none-eabi/8.2.1/../../../../arm-none-eabi/lib/thumb/v6-m/nofp/libcr_semihost_nf.a(_cr__main.o)
                0x000000000000420a                __main
                0x000000000000420a                __CR_SEMIHOST
 .text.memcpy   0x0000000000004216        0x8 /Applications/MCUXpressoIDE_11.0.1_2563/ide/plugins/com.nxp.mcuxpresso.tools.macosx_11.0.1.201907311258/tools/bin/../lib/gcc/arm-none-eabi/8.2.1/../../../../arm-none-eabi/lib/thumb/v6-m/nofp/libcr_c.a(memcpy.o)
                0x0000000000004216                memcpy
 .text.memset   0x000000000000421e        0x8 /Applications/MCUXpressoIDE_11.0.1_2563/ide/plugins/com.nxp.mcuxpresso.tools.macosx_11.0.1.201907311258/tools/bin/../lib/gcc/arm-none-eabi/8.2.1/../../../../arm-none-eabi/lib/thumb/v6-m/nofp/libcr_c.a(memset.o)
                0x000000000000421e                memset
 .text.no_fp_display
                0x0000000000004226        0x4 /Applications/MCUXpressoIDE_11.0.1_2563/ide/plugins/com.nxp.mcuxpresso.tools.macosx_11.0.1.201907311258/tools/bin/../lib/gcc/arm-none-eabi/8.2.1/../../../../arm-none-eabi/lib/thumb/v6-m/nofp/libcr_c.a(printf.o)
 .text.sin      0x000000000000422a       0x36 /Applications/MCUXpressoIDE_11.0.1_2563/ide/plugins/com.nxp.mcuxpresso.tools.macosx_11.0.1.201907311258/tools/bin/../lib/gcc/arm-none-eabi/8.2.1/../../../../arm-none-eabi/lib/thumb/v6-m/nofp/libcr_c.a(sin.o)
                0x000000000000422a                sin
 .text.free     0x0000000000004260       0x2c /Applications/MCUXpressoIDE_11.0.1_2563/ide/plugins/com.nxp.mcuxpresso.tools.macosx_11.0.1.201907311258/tools/bin/../lib/gcc/arm-none-eabi/8.2.1/../../../../arm-none-eabi/lib/thumb/v6-m/nofp/libcr_c.a(alloc.o)
                0x0000000000004260                free
 .text.fabs     0x000000000000428c       0x22 /Applications/MCUXpressoIDE_11.0.1_2563/ide/plugins/com.nxp.mcuxpresso.tools.macosx_11.0.1.201907311258/tools/bin/../lib/gcc/arm-none-eabi/8.2.1/../../../../arm-none-eabi/lib/thumb/v6-m/nofp/libcr_c.a(fabs.o)
                0x000000000000428c                fabs
 .text.remove   0x00000000000042ae       0x12 /Applications/MCUXpressoIDE_11.0.1_2563/ide/plugins/com.nxp.mcuxpresso.tools.macosx_11.0.1.201907311258/tools/bin/../lib/gcc/arm-none-eabi/8.2.1/../../../../arm-none-eabi/lib/thumb/v6-m/nofp/libcr_c.a(remove.o)
                0x00000000000042ae                remove
 .text.__aeabi_division_idivmod
                0x00000000000042c0       0x78 /Applications/MCUXpressoIDE_11.0.1_2563/ide/plugins/com.nxp.mcuxpresso.tools.macosx_11.0.1.201907311258/tools/bin/../lib/gcc/arm-none-eabi/8.2.1/thumb/v6-m/nofp/libcr_eabihelpers.a(division_32.o)
                0x00000000000042c0                __aeabi_idiv
                0x00000000000042c0                __aeabi_idivmod
                0x00000000000042c6                __aeabi_uidiv
                0x00000000000042c6                __aeabi_uidivmod
 .text.__aeabi_division_idiv0
                0x0000000000004338        0x2 /Applications/MCUXpressoIDE_11.0.1_2563/ide/plugins/com.nxp.mcuxpresso.tools.macosx_11.0.1.201907311258/tools/bin/../lib/gcc/arm-none-eabi/8.2.1/thumb/v6-m/nofp/libcr_eabihelpers.a(division_idiv0.o)
                0x0000000000004338                __aeabi_idiv0
 .text.__bhs_ui2d
                0x000000000000433a       0x5e /Applications/MCUXpressoIDE_11.0.1_2563/ide/plugins/com.nxp.mcuxpresso.tools.macosx_11.0.1.201907311258/tools/bin/../lib/gcc/arm-none-eabi/8.2.1/thumb/v6-m/nofp/libcr_eabihelpers.a(double.o)
                0x000000000000433a                __bhs_ui2d
 .text.__aeabi_i2d
                0x0000000000004398       0x18 /Applications/MCUXpressoIDE_11.0.1_2563/ide/plugins/com.nxp.mcuxpresso.tools.macosx_11.0.1.201907311258/tools/bin/../lib/gcc/arm-none-eabi/8.2.1/thumb/v6-m/nofp/libcr_eabihelpers.a(double.o)
                0x0000000000004398                __aeabi_i2d
 .text.__aeabi_llong_lmul
                0x00000000000043b0       0x2e /Applications/MCUXpressoIDE_11.0.1_2563/ide/plugins/com.nxp.mcuxpresso.tools.macosx_11.0.1.201907311258/tools/bin/../lib/gcc/arm-none-eabi/8.2.1/thumb/v6-m/nofp/libcr_eabihelpers.a(llong.o)
                0x00000000000043b0                __aeabi_lmul
 .text.__aeabi_memcpy
                0x00000000000043de       0x2c /Applications/MCUXpressoIDE_11.0.1_2563/ide/plugins/com.nxp.mcuxpresso.tools.macosx_11.0.1.201907311258/tools/bin/../lib/gcc/arm-none-eabi/8.2.1/thumb/v6-m/nofp/libcr_eabihelpers.a(memcpy.o)
                0x00000000000043de                __aeabi_memcpy
                0x00000000000043de                __aeabi_memcpy4
                0x00000000000043de                __aeabi_memcpy8
 .text.__aeabi_memset_lowlevel
                0x000000000000440a       0x2a /Applications/MCUXpressoIDE_11.0.1_2563/ide/plugins/com.nxp.mcuxpresso.tools.macosx_11.0.1.201907311258/tools/bin/../lib/gcc/arm-none-eabi/8.2.1/thumb/v6-m/nofp/libcr_eabihelpers.a(memcpy.o)
                0x000000000000440a                __aeabi_lowlevel_memset
 .text.__sys_close
                0x0000000000004434        0xc /Applications/MCUXpressoIDE_11.0.1_2563/ide/plugins/com.nxp.mcuxpresso.tools.macosx_11.0.1.201907311258/tools/bin/../lib/gcc/arm-none-eabi/8.2.1/../../../../arm-none-eabi/lib/thumb/v6-m/nofp/libcr_semihost_nf.a(__sys_close.o)
                0x0000000000004434                __sys_close
 .text.__sys_flen
                0x0000000000004440        0xc /Applications/MCUXpressoIDE_11.0.1_2563/ide/plugins/com.nxp.mcuxpresso.tools.macosx_11.0.1.201907311258/tools/bin/../lib/gcc/arm-none-eabi/8.2.1/../../../../arm-none-eabi/lib/thumb/v6-m/nofp/libcr_semihost_nf.a(__sys_flen.o)
                0x0000000000004440                __sys_flen
 .text.__sys_istty
                0x000000000000444c        0xc /Applications/MCUXpressoIDE_11.0.1_2563/ide/plugins/com.nxp.mcuxpresso.tools.macosx_11.0.1.201907311258/tools/bin/../lib/gcc/arm-none-eabi/8.2.1/../../../../arm-none-eabi/lib/thumb/v6-m/nofp/libcr_semihost_nf.a(__sys_istty.o)
                0x000000000000444c                __sys_istty
 .text.__sys_remove
                0x0000000000004458        0xc /Applications/MCUXpressoIDE_11.0.1_2563/ide/plugins/com.nxp.mcuxpresso.tools.macosx_11.0.1.201907311258/tools/bin/../lib/gcc/arm-none-eabi/8.2.1/../../../../arm-none-eabi/lib/thumb/v6-m/nofp/libcr_semihost_nf.a(__sys_remove.o)
                0x0000000000004458                __sys_remove
 .text.__sys_seek
                0x0000000000004464        0xc /Applications/MCUXpressoIDE_11.0.1_2563/ide/plugins/com.nxp.mcuxpresso.tools.macosx_11.0.1.201907311258/tools/bin/../lib/gcc/arm-none-eabi/8.2.1/../../../../arm-none-eabi/lib/thumb/v6-m/nofp/libcr_semihost_nf.a(__sys_seek.o)
                0x0000000000004464                __sys_seek
 .text.__sys_tmpnam
                0x0000000000004470        0xc /Applications/MCUXpressoIDE_11.0.1_2563/ide/plugins/com.nxp.mcuxpresso.tools.macosx_11.0.1.201907311258/tools/bin/../lib/gcc/arm-none-eabi/8.2.1/../../../../arm-none-eabi/lib/thumb/v6-m/nofp/libcr_semihost_nf.a(__sys_tmpnam.o)
                0x0000000000004470                __sys_tmpnam
 .text.__sys_write
                0x000000000000447c        0xc /Applications/MCUXpressoIDE_11.0.1_2563/ide/plugins/com.nxp.mcuxpresso.tools.macosx_11.0.1.201907311258/tools/bin/../lib/gcc/arm-none-eabi/8.2.1/../../../../arm-none-eabi/lib/thumb/v6-m/nofp/libcr_semihost_nf.a(__sys_write.o)
                0x000000000000447c                __sys_write
 *(SORT_BY_ALIGNMENT(.rodata) SORT_BY_ALIGNMENT(.rodata.*) SORT_BY_ALIGNMENT(.constdata) SORT_BY_ALIGNMENT(.constdata.*))
 .rodata.s_uartClock
                0x0000000000004488        0xc ./drivers/fsl_uart.o
 .rodata.oscConfig_BOARD_BootClockRUN
                0x0000000000004494        0x8 ./board/clock_config.o
                0x0000000000004494                oscConfig_BOARD_BootClockRUN
 .rodata.simConfig_BOARD_BootClockRUN
                0x000000000000449c        0x8 ./board/clock_config.o
                0x000000000000449c                simConfig_BOARD_BootClockRUN
 .rodata.__num_Ciob_streams
                0x00000000000044a4        0x4 /Applications/MCUXpressoIDE_11.0.1_2563/ide/plugins/com.nxp.mcuxpresso.tools.macosx_11.0.1.201907311258/tools/bin/../lib/gcc/arm-none-eabi/8.2.1/../../../../arm-none-eabi/lib/thumb/v6-m/nofp/libcr_semihost_nf.a(__ciob.o)
                0x00000000000044a4                __num_Ciob_streams
 .rodata.fllFactorTable.5230
                0x00000000000044a8       0x10 ./drivers/fsl_clock.o
 .rodata.main.str1.1
                0x00000000000044b8        0xc ./source/PES Project 6.o
 .rodata.Init_RGB_LEDs.str1.1
                0x00000000000044c4       0x12 ./source/ledControl.o
 .rodata.__func__.4727
                0x00000000000044d6        0xe ./source/ledControl.o
 .rodata.__func__.4730
                0x00000000000044e4        0x7 ./source/ledControl.o
 .rodata.__func__.4739
                0x00000000000044eb        0x8 ./source/ledControl.o
 .rodata.blueLED.str1.1
                0x00000000000044f3        0xc ./source/ledControl.o
 .rodata.ledOff.str1.1
                0x00000000000044ff       0x13 ./source/ledControl.o
 .rodata.vTaskStartScheduler.str1.1
                0x0000000000004512        0x5 ./freertos/tasks.o
 .rodata.prvCheckForValidListAndQueue.str1.1
                0x0000000000004517        0x5 ./freertos/timers.o
 .rodata.xTimerCreateTimerTask.str1.1
                0x000000000000451c        0x8 ./freertos/timers.o
 .rodata.mcgConfig_BOARD_BootClockRUN
                0x0000000000004524        0xa ./board/clock_config.o
                0x0000000000004524                mcgConfig_BOARD_BootClockRUN
 .rodata._initio.str1.1
                0x000000000000452e        0x2 /Applications/MCUXpressoIDE_11.0.1_2563/ide/plugins/com.nxp.mcuxpresso.tools.macosx_11.0.1.201907311258/tools/bin/../lib/gcc/arm-none-eabi/8.2.1/../../../../arm-none-eabi/lib/thumb/v6-m/nofp/libcr_c.a(initio.o)
                                          0x4 (size before relaxing)
 .rodata.__vfprintf.str1.1
                0x0000000000004530       0x37 /Applications/MCUXpressoIDE_11.0.1_2563/ide/plugins/com.nxp.mcuxpresso.tools.macosx_11.0.1.201907311258/tools/bin/../lib/gcc/arm-none-eabi/8.2.1/../../../../arm-none-eabi/lib/thumb/v6-m/nofp/libcr_c.a(printf.o)
                                         0x38 (size before relaxing)
 .rodata._Csys_alloc.str1.1
                0x0000000000004567       0x18 /Applications/MCUXpressoIDE_11.0.1_2563/ide/plugins/com.nxp.mcuxpresso.tools.macosx_11.0.1.201907311258/tools/bin/../lib/gcc/arm-none-eabi/8.2.1/../../../../arm-none-eabi/lib/thumb/v6-m/nofp/libcr_c.a(alloc.o)
                0x0000000000004580                . = ALIGN (0x4)
 *fill*         0x000000000000457f        0x1 ff

.glue_7         0x0000000000004580        0x0
 .glue_7        0x0000000000004580        0x0 linker stubs

.glue_7t        0x0000000000004580        0x0
 .glue_7t       0x0000000000004580        0x0 linker stubs

.vfp11_veneer   0x0000000000004580        0x0
 .vfp11_veneer  0x0000000000004580        0x0 linker stubs

.v4_bx          0x0000000000004580        0x0
 .v4_bx         0x0000000000004580        0x0 linker stubs

.iplt           0x0000000000004580        0x0
 .iplt          0x0000000000004580        0x0 ./utilities/fsl_debug_console.o

.rel.dyn        0x0000000000004580        0x0
 .rel.iplt      0x0000000000004580        0x0 ./utilities/fsl_debug_console.o

.ARM.extab
 *(SORT_BY_ALIGNMENT(.ARM.extab*) SORT_BY_ALIGNMENT(.gnu.linkonce.armextab.*))
                0x0000000000004580                __exidx_start = .

.ARM.exidx
 *(SORT_BY_ALIGNMENT(.ARM.exidx*) SORT_BY_ALIGNMENT(.gnu.linkonce.armexidx.*))
                0x0000000000004580                __exidx_end = .
                0x0000000000004580                _etext = .

.m_usb_data
 *(SORT_BY_ALIGNMENT(m_usb_bdt))

.mtb_buffer_default
                0x000000001ffff000       0x80
 *(SORT_BY_ALIGNMENT(.mtb*))
 .mtb.$RAM1     0x000000001ffff000       0x80 ./source/mtb.o
                0x000000001ffff000                __mtb_buffer__

.uninit_RESERVED
                0x000000001ffff080        0x0
                0x000000001ffff080                . = ALIGN (0x4)
 *(SORT_BY_ALIGNMENT(.bss.$RESERVED*))
                0x000000001ffff080                . = ALIGN (0x4)
                0x000000001ffff080                _end_uninit_RESERVED = .

.data           0x000000001ffff080        0xc load address 0x0000000000004580
 FILL mask 0xff
                0x000000001ffff080                _data = .
 *(SORT_BY_ALIGNMENT(vtable))
 *(SORT_BY_ALIGNMENT(.ramfunc*))
 *(SORT_BY_ALIGNMENT(CodeQuickAccess))
 *(SORT_BY_ALIGNMENT(DataQuickAccess))
 *(SORT_BY_ALIGNMENT(RamFunction))
 *(SORT_BY_ALIGNMENT(.data*))
 .data.uxCriticalNesting
                0x000000001ffff080        0x4 ./freertos/port.o
 .data.s_slowIrcFreq
                0x000000001ffff084        0x4 ./drivers/fsl_clock.o
 .data.SystemCoreClock
                0x000000001ffff088        0x4 ./CMSIS/system_MKL25Z4.o
                0x000000001ffff088                SystemCoreClock
                0x000000001ffff08c                . = ALIGN (0x4)
                0x000000001ffff08c                _edata = .

.igot.plt       0x000000001ffff08c        0x0 load address 0x000000000000458c
 .igot.plt      0x000000001ffff08c        0x0 ./utilities/fsl_debug_console.o

.bss            0x000000001ffff08c     0x2b00 load address 0x000000000000458c
                0x000000001ffff08c                . = ALIGN (0x4)
                0x000000001ffff08c                _bss = .
 *(SORT_BY_ALIGNMENT(.bss*))
 .bss.s_debugConsole
                0x000000001ffff08c       0x10 ./utilities/fsl_debug_console.o
 .bss.tenth     0x000000001ffff09c        0x4 ./source/loggerFunctions.o
                0x000000001ffff09c                tenth
 .bss.pxEnd     0x000000001ffff0a0        0x4 ./freertos/heap_4.o
 .bss.xBlockAllocatedBit
                0x000000001ffff0a4        0x4 ./freertos/heap_4.o
 .bss.xFreeBytesRemaining
                0x000000001ffff0a8        0x4 ./freertos/heap_4.o
 .bss.xMinimumEverFreeBytesRemaining
                0x000000001ffff0ac        0x4 ./freertos/heap_4.o
 .bss.xStart    0x000000001ffff0b0        0x8 ./freertos/heap_4.o
 .bss.xQueueRegistry
                0x000000001ffff0b8       0x40 ./freertos/queue.o
                0x000000001ffff0b8                xQueueRegistry
 .bss.pxCurrentTCB
                0x000000001ffff0f8        0x4 ./freertos/tasks.o
                0x000000001ffff0f8                pxCurrentTCB
 .bss.pxDelayedTaskList
                0x000000001ffff0fc        0x4 ./freertos/tasks.o
 .bss.pxOverflowDelayedTaskList
                0x000000001ffff100        0x4 ./freertos/tasks.o
 .bss.pxReadyTasksLists
                0x000000001ffff104       0x64 ./freertos/tasks.o
 .bss.uxCurrentNumberOfTasks
                0x000000001ffff168        0x4 ./freertos/tasks.o
 .bss.uxDeletedTasksWaitingCleanUp
                0x000000001ffff16c        0x4 ./freertos/tasks.o
 .bss.uxPendedTicks
                0x000000001ffff170        0x4 ./freertos/tasks.o
 .bss.uxSchedulerSuspended
                0x000000001ffff174        0x4 ./freertos/tasks.o
 .bss.uxTaskNumber
                0x000000001ffff178        0x4 ./freertos/tasks.o
 .bss.uxTopReadyPriority
                0x000000001ffff17c        0x4 ./freertos/tasks.o
 .bss.xDelayedTaskList1
                0x000000001ffff180       0x14 ./freertos/tasks.o
 .bss.xDelayedTaskList2
                0x000000001ffff194       0x14 ./freertos/tasks.o
 .bss.xIdleTaskHandle
                0x000000001ffff1a8        0x4 ./freertos/tasks.o
 .bss.xNextTaskUnblockTime
                0x000000001ffff1ac        0x4 ./freertos/tasks.o
 .bss.xNumOfOverflows
                0x000000001ffff1b0        0x4 ./freertos/tasks.o
 .bss.xPendingReadyList
                0x000000001ffff1b4       0x14 ./freertos/tasks.o
 .bss.xSchedulerRunning
                0x000000001ffff1c8        0x4 ./freertos/tasks.o
 .bss.xSuspendedTaskList
                0x000000001ffff1cc       0x14 ./freertos/tasks.o
 .bss.xTasksWaitingTermination
                0x000000001ffff1e0       0x14 ./freertos/tasks.o
 .bss.xTickCount
                0x000000001ffff1f4        0x4 ./freertos/tasks.o
 .bss.xYieldPending
                0x000000001ffff1f8        0x4 ./freertos/tasks.o
 .bss.pxCurrentTimerList
                0x000000001ffff1fc        0x4 ./freertos/timers.o
 .bss.pxOverflowTimerList
                0x000000001ffff200        0x4 ./freertos/timers.o
 .bss.xActiveTimerList1
                0x000000001ffff204       0x14 ./freertos/timers.o
 .bss.xActiveTimerList2
                0x000000001ffff218       0x14 ./freertos/timers.o
 .bss.xLastTime.4575
                0x000000001ffff22c        0x4 ./freertos/timers.o
 .bss.xTimerQueue
                0x000000001ffff230        0x4 ./freertos/timers.o
 .bss.xTimerTaskHandle
                0x000000001ffff234        0x4 ./freertos/timers.o
 .bss.g_xtal0Freq
                0x000000001ffff238        0x4 ./drivers/fsl_clock.o
                0x000000001ffff238                g_xtal0Freq
 .bss.s_DMAHandle
                0x000000001ffff23c       0x10 ./drivers/fsl_dma.o
 .bss.s_lpsciHandle
                0x000000001ffff24c        0x4 ./drivers/fsl_lpsci.o
 .bss.s_lpsciIsr
                0x000000001ffff250        0x4 ./drivers/fsl_lpsci.o
 .bss.s_uartHandle
                0x000000001ffff254        0xc ./drivers/fsl_uart.o
 .bss.s_uartIsr
                0x000000001ffff260        0x4 ./drivers/fsl_uart.o
 .bss.errno     0x000000001ffff264        0x4 /Applications/MCUXpressoIDE_11.0.1_2563/ide/plugins/com.nxp.mcuxpresso.tools.macosx_11.0.1.201907311258/tools/bin/../lib/gcc/arm-none-eabi/8.2.1/../../../../arm-none-eabi/lib/thumb/v6-m/nofp/libcr_c.a(errno.o)
                0x000000001ffff264                errno
 .bss.__end_of_heap
                0x000000001ffff268        0x4 /Applications/MCUXpressoIDE_11.0.1_2563/ide/plugins/com.nxp.mcuxpresso.tools.macosx_11.0.1.201907311258/tools/bin/../lib/gcc/arm-none-eabi/8.2.1/../../../../arm-none-eabi/lib/thumb/v6-m/nofp/libcr_c.a(__init_alloc.o)
                0x000000001ffff268                __end_of_heap
 .bss.__heaps   0x000000001ffff26c        0x4 /Applications/MCUXpressoIDE_11.0.1_2563/ide/plugins/com.nxp.mcuxpresso.tools.macosx_11.0.1.201907311258/tools/bin/../lib/gcc/arm-none-eabi/8.2.1/../../../../arm-none-eabi/lib/thumb/v6-m/nofp/libcr_c.a(__init_alloc.o)
                0x000000001ffff26c                __heaps
 .bss.__Ciob    0x000000001ffff270       0xb4 /Applications/MCUXpressoIDE_11.0.1_2563/ide/plugins/com.nxp.mcuxpresso.tools.macosx_11.0.1.201907311258/tools/bin/../lib/gcc/arm-none-eabi/8.2.1/../../../../arm-none-eabi/lib/thumb/v6-m/nofp/libcr_semihost_nf.a(__ciob.o)
                0x000000001ffff270                __Ciob
 .bss.sinDAC    0x000000001ffff324       0x64 ./source/PES Project 6.o
                0x000000001ffff324                sinDAC
 .bss.DACcounter
                0x000000001ffff388        0x1 ./source/PES Project 6.o
                0x000000001ffff388                DACcounter
 .bss.ucHeap    0x000000001ffff389     0x2800 ./freertos/heap_4.o
 *(SORT_BY_ALIGNMENT(COMMON))
                0x0000000020001b8c                . = ALIGN (0x4)
 *fill*         0x0000000020001b89        0x3 
                0x0000000020001b8c                _ebss = .
                [!provide]                        PROVIDE (end = .)

.noinit         0x0000000020001b8c        0x0 load address 0x000000000000458c
                0x0000000020001b8c                . = ALIGN (0x4)
                0x0000000020001b8c                _noinit = .
 *(SORT_BY_ALIGNMENT(.noinit*))
                0x0000000020001b8c                . = ALIGN (0x4)
                0x0000000020001b8c                _end_noinit = .
                0x0000000000000400                _HeapSize = 0x400

.heap           0x0000000020001b8c      0x400 load address 0x000000000000458c
                0x0000000020001b8c                _pvHeapStart = .
                0x0000000020001f8c                . = (. + _HeapSize)
 *fill*         0x0000000020001b8c      0x400 
                0x0000000020001f8c                . = ALIGN (0x4)
                0x0000000020001f8c                _pvHeapLimit = .
                0x0000000000000400                _StackSize = 0x400

.heap2stackfill
                0x0000000020001f8c      0x400 load address 0x000000000000458c
                0x000000002000238c                . = (. + _StackSize)
 *fill*         0x0000000020001f8c      0x400 

.stack          0x0000000020002c00        0x0
                0x0000000020002c00                _vStackBase = .
                0x0000000020002c00                . = ALIGN (0x4)
                0x0000000020003000                _vStackTop = (. + _StackSize)
                0x0000000000000000                _image_start = LOADADDR (.text)
                0x000000000000458c                _image_end = (LOADADDR (.data) + SIZEOF (.data))
                0x000000000000458c                _image_size = (_image_end - _image_start)
OUTPUT(PES Project 6.axf elf32-littlearm)

.debug_info     0x0000000000000000    0x124e6
 .debug_info    0x0000000000000000      0xb0f ./utilities/fsl_debug_console.o
 .debug_info    0x0000000000000b0f      0x69d ./startup/startup_mkl25z4.o
 .debug_info    0x00000000000011ac      0xaa5 ./source/PES Project 6.o
 .debug_info    0x0000000000001c51      0x8d5 ./source/dac_driver.o
 .debug_info    0x0000000000002526      0x5f2 ./source/ledControl.o
 .debug_info    0x0000000000002b18      0x811 ./source/loggerFunctions.o
 .debug_info    0x0000000000003329       0x4f ./source/mtb.o
 .debug_info    0x0000000000003378       0x38 ./source/semihost_hardfault.o
 .debug_info    0x00000000000033b0       0xe8 ./freertos/fsl_tickless_lptmr.o
 .debug_info    0x0000000000003498      0x404 ./freertos/heap_4.o
 .debug_info    0x000000000000389c      0x2fa ./freertos/list.o
 .debug_info    0x0000000000003b96      0x2e3 ./freertos/port.o
 .debug_info    0x0000000000003e79     0x1a74 ./freertos/queue.o
 .debug_info    0x00000000000058ed     0x298b ./freertos/tasks.o
 .debug_info    0x0000000000008278     0x132d ./freertos/timers.o
 .debug_info    0x00000000000095a5     0x20e3 ./drivers/fsl_clock.o
 .debug_info    0x000000000000b688      0x7ff ./drivers/fsl_dac.o
 .debug_info    0x000000000000be87      0xff1 ./drivers/fsl_dma.o
 .debug_info    0x000000000000ce78     0x1be5 ./drivers/fsl_lpsci.o
 .debug_info    0x000000000000ea5d     0x1ad4 ./drivers/fsl_uart.o
 .debug_info    0x0000000000010531      0x869 ./board/board.o
 .debug_info    0x0000000000010d9a      0xc98 ./board/clock_config.o
 .debug_info    0x0000000000011a32       0x38 ./board/peripherals.o
 .debug_info    0x0000000000011a6a      0x63d ./board/pin_mux.o
 .debug_info    0x00000000000120a7      0x43f ./CMSIS/system_MKL25Z4.o

.debug_abbrev   0x0000000000000000     0x3a77
 .debug_abbrev  0x0000000000000000      0x28b ./utilities/fsl_debug_console.o
 .debug_abbrev  0x000000000000028b      0x155 ./startup/startup_mkl25z4.o
 .debug_abbrev  0x00000000000003e0      0x26b ./source/PES Project 6.o
 .debug_abbrev  0x000000000000064b      0x1f1 ./source/dac_driver.o
 .debug_abbrev  0x000000000000083c      0x193 ./source/ledControl.o
 .debug_abbrev  0x00000000000009cf      0x2c5 ./source/loggerFunctions.o
 .debug_abbrev  0x0000000000000c94       0x43 ./source/mtb.o
 .debug_abbrev  0x0000000000000cd7       0x2e ./source/semihost_hardfault.o
 .debug_abbrev  0x0000000000000d05       0x97 ./freertos/fsl_tickless_lptmr.o
 .debug_abbrev  0x0000000000000d9c      0x260 ./freertos/heap_4.o
 .debug_abbrev  0x0000000000000ffc      0x13a ./freertos/list.o
 .debug_abbrev  0x0000000000001136      0x1d9 ./freertos/port.o
 .debug_abbrev  0x000000000000130f      0x337 ./freertos/queue.o
 .debug_abbrev  0x0000000000001646      0x40f ./freertos/tasks.o
 .debug_abbrev  0x0000000000001a55      0x314 ./freertos/timers.o
 .debug_abbrev  0x0000000000001d69      0x4f4 ./drivers/fsl_clock.o
 .debug_abbrev  0x000000000000225d      0x287 ./drivers/fsl_dac.o
 .debug_abbrev  0x00000000000024e4      0x3ea ./drivers/fsl_dma.o
 .debug_abbrev  0x00000000000028ce      0x4bd ./drivers/fsl_lpsci.o
 .debug_abbrev  0x0000000000002d8b      0x4bf ./drivers/fsl_uart.o
 .debug_abbrev  0x000000000000324a      0x20a ./board/board.o
 .debug_abbrev  0x0000000000003454      0x2a5 ./board/clock_config.o
 .debug_abbrev  0x00000000000036f9       0x2e ./board/peripherals.o
 .debug_abbrev  0x0000000000003727      0x1fa ./board/pin_mux.o
 .debug_abbrev  0x0000000000003921      0x156 ./CMSIS/system_MKL25Z4.o

.debug_loc      0x0000000000000000     0x8f12
 .debug_loc     0x0000000000000000      0x1dd ./utilities/fsl_debug_console.o
 .debug_loc     0x00000000000001dd      0x234 ./startup/startup_mkl25z4.o
 .debug_loc     0x0000000000000411       0xa9 ./source/PES Project 6.o
 .debug_loc     0x00000000000004ba       0x30 ./source/dac_driver.o
 .debug_loc     0x00000000000004ea       0xf3 ./source/loggerFunctions.o
 .debug_loc     0x00000000000005dd      0x302 ./freertos/heap_4.o
 .debug_loc     0x00000000000008df       0xbd ./freertos/list.o
 .debug_loc     0x000000000000099c       0xce ./freertos/port.o
 .debug_loc     0x0000000000000a6a     0x1787 ./freertos/queue.o
 .debug_loc     0x00000000000021f1     0x1dd4 ./freertos/tasks.o
 .debug_loc     0x0000000000003fc5      0xc28 ./freertos/timers.o
 .debug_loc     0x0000000000004bed     0x13ef ./drivers/fsl_clock.o
 .debug_loc     0x0000000000005fdc      0x374 ./drivers/fsl_dac.o
 .debug_loc     0x0000000000006350      0x60e ./drivers/fsl_dma.o
 .debug_loc     0x000000000000695e     0x126a ./drivers/fsl_lpsci.o
 .debug_loc     0x0000000000007bc8     0x1127 ./drivers/fsl_uart.o
 .debug_loc     0x0000000000008cef       0x38 ./board/board.o
 .debug_loc     0x0000000000008d27       0x7b ./board/clock_config.o
 .debug_loc     0x0000000000008da2       0xaa ./board/pin_mux.o
 .debug_loc     0x0000000000008e4c       0xc6 ./CMSIS/system_MKL25Z4.o

.debug_aranges  0x0000000000000000      0xc20
 .debug_aranges
                0x0000000000000000       0x28 ./utilities/fsl_debug_console.o
 .debug_aranges
                0x0000000000000028      0x160 ./startup/startup_mkl25z4.o
 .debug_aranges
                0x0000000000000188       0x30 ./source/PES Project 6.o
 .debug_aranges
                0x00000000000001b8       0x20 ./source/dac_driver.o
 .debug_aranges
                0x00000000000001d8       0x40 ./source/ledControl.o
 .debug_aranges
                0x0000000000000218       0x60 ./source/loggerFunctions.o
 .debug_aranges
                0x0000000000000278       0x18 ./source/mtb.o
 .debug_aranges
                0x0000000000000290       0x20 ./source/semihost_hardfault.o
 .debug_aranges
                0x00000000000002b0       0x20 ./freertos/fsl_tickless_lptmr.o
 .debug_aranges
                0x00000000000002d0       0x48 ./freertos/heap_4.o
 .debug_aranges
                0x0000000000000318       0x40 ./freertos/list.o
 .debug_aranges
                0x0000000000000358       0x80 ./freertos/port.o
 .debug_aranges
                0x00000000000003d8       0xf8 ./freertos/queue.o
 .debug_aranges
                0x00000000000004d0      0x1a8 ./freertos/tasks.o
 .debug_aranges
                0x0000000000000678       0x98 ./freertos/timers.o
 .debug_aranges
                0x0000000000000710      0x170 ./drivers/fsl_clock.o
 .debug_aranges
                0x0000000000000880       0x70 ./drivers/fsl_dac.o
 .debug_aranges
                0x00000000000008f0       0x98 ./drivers/fsl_dma.o
 .debug_aranges
                0x0000000000000988       0xe0 ./drivers/fsl_lpsci.o
 .debug_aranges
                0x0000000000000a68       0xf8 ./drivers/fsl_uart.o
 .debug_aranges
                0x0000000000000b60       0x20 ./board/board.o
 .debug_aranges
                0x0000000000000b80       0x30 ./board/clock_config.o
 .debug_aranges
                0x0000000000000bb0       0x20 ./board/peripherals.o
 .debug_aranges
                0x0000000000000bd0       0x28 ./board/pin_mux.o
 .debug_aranges
                0x0000000000000bf8       0x28 ./CMSIS/system_MKL25Z4.o

.debug_ranges   0x0000000000000000     0x1290
 .debug_ranges  0x0000000000000000       0x48 ./utilities/fsl_debug_console.o
 .debug_ranges  0x0000000000000048      0x150 ./startup/startup_mkl25z4.o
 .debug_ranges  0x0000000000000198       0x50 ./source/PES Project 6.o
 .debug_ranges  0x00000000000001e8       0x28 ./source/dac_driver.o
 .debug_ranges  0x0000000000000210       0x30 ./source/ledControl.o
 .debug_ranges  0x0000000000000240       0x88 ./source/loggerFunctions.o
 .debug_ranges  0x00000000000002c8       0x10 ./source/semihost_hardfault.o
 .debug_ranges  0x00000000000002d8       0x10 ./freertos/fsl_tickless_lptmr.o
 .debug_ranges  0x00000000000002e8       0x38 ./freertos/heap_4.o
 .debug_ranges  0x0000000000000320       0x30 ./freertos/list.o
 .debug_ranges  0x0000000000000350       0x70 ./freertos/port.o
 .debug_ranges  0x00000000000003c0      0x228 ./freertos/queue.o
 .debug_ranges  0x00000000000005e8      0x348 ./freertos/tasks.o
 .debug_ranges  0x0000000000000930       0xd0 ./freertos/timers.o
 .debug_ranges  0x0000000000000a00      0x2a0 ./drivers/fsl_clock.o
 .debug_ranges  0x0000000000000ca0       0xb0 ./drivers/fsl_dac.o
 .debug_ranges  0x0000000000000d50       0xf0 ./drivers/fsl_dma.o
 .debug_ranges  0x0000000000000e40      0x1b0 ./drivers/fsl_lpsci.o
 .debug_ranges  0x0000000000000ff0      0x158 ./drivers/fsl_uart.o
 .debug_ranges  0x0000000000001148       0x28 ./board/board.o
 .debug_ranges  0x0000000000001170       0x90 ./board/clock_config.o
 .debug_ranges  0x0000000000001200       0x10 ./board/peripherals.o
 .debug_ranges  0x0000000000001210       0x68 ./board/pin_mux.o
 .debug_ranges  0x0000000000001278       0x18 ./CMSIS/system_MKL25Z4.o

.debug_line     0x0000000000000000     0xafb4
 .debug_line    0x0000000000000000      0x38a ./utilities/fsl_debug_console.o
 .debug_line    0x000000000000038a      0x378 ./startup/startup_mkl25z4.o
 .debug_line    0x0000000000000702      0x3de ./source/PES Project 6.o
 .debug_line    0x0000000000000ae0      0x24e ./source/dac_driver.o
 .debug_line    0x0000000000000d2e      0x2d0 ./source/ledControl.o
 .debug_line    0x0000000000000ffe      0x352 ./source/loggerFunctions.o
 .debug_line    0x0000000000001350       0x30 ./source/mtb.o
 .debug_line    0x0000000000001380       0x5b ./source/semihost_hardfault.o
 .debug_line    0x00000000000013db      0x1b7 ./freertos/fsl_tickless_lptmr.o
 .debug_line    0x0000000000001592      0x509 ./freertos/heap_4.o
 .debug_line    0x0000000000001a9b      0x331 ./freertos/list.o
 .debug_line    0x0000000000001dcc      0x3c6 ./freertos/port.o
 .debug_line    0x0000000000002192     0x13f2 ./freertos/queue.o
 .debug_line    0x0000000000003584     0x21fe ./freertos/tasks.o
 .debug_line    0x0000000000005782      0xa34 ./freertos/timers.o
 .debug_line    0x00000000000061b6     0x1814 ./drivers/fsl_clock.o
 .debug_line    0x00000000000079ca      0x48d ./drivers/fsl_dac.o
 .debug_line    0x0000000000007e57      0x6b2 ./drivers/fsl_dma.o
 .debug_line    0x0000000000008509      0xffb ./drivers/fsl_lpsci.o
 .debug_line    0x0000000000009504      0xf9b ./drivers/fsl_uart.o
 .debug_line    0x000000000000a49f      0x230 ./board/board.o
 .debug_line    0x000000000000a6cf      0x31d ./board/clock_config.o
 .debug_line    0x000000000000a9ec       0x4b ./board/peripherals.o
 .debug_line    0x000000000000aa37      0x26e ./board/pin_mux.o
 .debug_line    0x000000000000aca5      0x30f ./CMSIS/system_MKL25Z4.o

.debug_str      0x0000000000000000     0x6035
 .debug_str     0x0000000000000000      0xb38 ./utilities/fsl_debug_console.o
                                        0xbb5 (size before relaxing)
 .debug_str     0x0000000000000b38      0x3a6 ./startup/startup_mkl25z4.o
                                        0x4e8 (size before relaxing)
 .debug_str     0x0000000000000ede      0x5c6 ./source/PES Project 6.o
                                        0xd3a (size before relaxing)
 .debug_str     0x00000000000014a4      0x112 ./source/dac_driver.o
                                        0xcb5 (size before relaxing)
 .debug_str     0x00000000000015b6      0x167 ./source/ledControl.o
                                        0x3be (size before relaxing)
 .debug_str     0x000000000000171d      0x327 ./source/loggerFunctions.o
                                        0x638 (size before relaxing)
 .debug_str     0x0000000000001a44       0x1f ./source/mtb.o
                                        0x160 (size before relaxing)
 .debug_str     0x0000000000001a63       0x1f ./source/semihost_hardfault.o
                                        0x160 (size before relaxing)
 .debug_str     0x0000000000001a82       0x38 ./freertos/fsl_tickless_lptmr.o
                                        0x251 (size before relaxing)
 .debug_str     0x0000000000001aba      0x1f2 ./freertos/heap_4.o
                                        0x3f6 (size before relaxing)
 .debug_str     0x0000000000001cac      0x131 ./freertos/list.o
                                        0x34b (size before relaxing)
 .debug_str     0x0000000000001ddd      0x150 ./freertos/port.o
                                        0x3b7 (size before relaxing)
 .debug_str     0x0000000000001f2d      0x672 ./freertos/queue.o
                                        0xa25 (size before relaxing)
 .debug_str     0x000000000000259f      0xa8a ./freertos/tasks.o
                                       0x10eb (size before relaxing)
 .debug_str     0x0000000000003029      0x497 ./freertos/timers.o
                                        0x98c (size before relaxing)
 .debug_str     0x00000000000034c0      0xd0b ./drivers/fsl_clock.o
                                       0x1801 (size before relaxing)
 .debug_str     0x00000000000041cb      0x231 ./drivers/fsl_dac.o
                                        0x73e (size before relaxing)
 .debug_str     0x00000000000043fc      0x751 ./drivers/fsl_dma.o
                                        0xe26 (size before relaxing)
 .debug_str     0x0000000000004b4d      0x910 ./drivers/fsl_lpsci.o
                                       0x15d0 (size before relaxing)
 .debug_str     0x000000000000545d      0x7ed ./drivers/fsl_uart.o
                                       0x15dc (size before relaxing)
 .debug_str     0x0000000000005c4a       0x35 ./board/board.o
                                        0x77e (size before relaxing)
 .debug_str     0x0000000000005c7f      0x237 ./board/clock_config.o
                                        0xe66 (size before relaxing)
 .debug_str     0x0000000000005eb6       0x17 ./board/peripherals.o
                                        0x160 (size before relaxing)
 .debug_str     0x0000000000005ecd      0x13a ./board/pin_mux.o
                                        0x5f1 (size before relaxing)
 .debug_str     0x0000000000006007       0x2e ./CMSIS/system_MKL25Z4.o
                                        0x342 (size before relaxing)

.comment        0x0000000000000000       0x75
 .comment       0x0000000000000000       0x75 ./utilities/fsl_debug_console.o
                                         0x76 (size before relaxing)
 .comment       0x0000000000000075       0x76 ./startup/startup_mkl25z4.o
 .comment       0x0000000000000075       0x76 ./source/PES Project 6.o
 .comment       0x0000000000000075       0x76 ./source/dac_driver.o
 .comment       0x0000000000000075       0x76 ./source/ledControl.o
 .comment       0x0000000000000075       0x76 ./source/loggerFunctions.o
 .comment       0x0000000000000075       0x76 ./source/mtb.o
 .comment       0x0000000000000075       0x76 ./source/semihost_hardfault.o
 .comment       0x0000000000000075       0x76 ./freertos/fsl_tickless_lptmr.o
 .comment       0x0000000000000075       0x76 ./freertos/heap_4.o
 .comment       0x0000000000000075       0x76 ./freertos/list.o
 .comment       0x0000000000000075       0x76 ./freertos/port.o
 .comment       0x0000000000000075       0x76 ./freertos/queue.o
 .comment       0x0000000000000075       0x76 ./freertos/tasks.o
 .comment       0x0000000000000075       0x76 ./freertos/timers.o
 .comment       0x0000000000000075       0x76 ./drivers/fsl_clock.o
 .comment       0x0000000000000075       0x76 ./drivers/fsl_dac.o
 .comment       0x0000000000000075       0x76 ./drivers/fsl_dma.o
 .comment       0x0000000000000075       0x76 ./drivers/fsl_lpsci.o
 .comment       0x0000000000000075       0x76 ./drivers/fsl_uart.o
 .comment       0x0000000000000075       0x76 ./board/board.o
 .comment       0x0000000000000075       0x76 ./board/clock_config.o
 .comment       0x0000000000000075       0x76 ./board/peripherals.o
 .comment       0x0000000000000075       0x76 ./board/pin_mux.o
 .comment       0x0000000000000075       0x76 ./CMSIS/system_MKL25Z4.o
 .comment       0x0000000000000075       0x76 /Applications/MCUXpressoIDE_11.0.1_2563/ide/plugins/com.nxp.mcuxpresso.tools.macosx_11.0.1.201907311258/tools/bin/../lib/gcc/arm-none-eabi/8.2.1/../../../../arm-none-eabi/lib/thumb/v6-m/nofp/libcr_semihost_nf.a(_cr__main.o)
 .comment       0x0000000000000075       0x76 /Applications/MCUXpressoIDE_11.0.1_2563/ide/plugins/com.nxp.mcuxpresso.tools.macosx_11.0.1.201907311258/tools/bin/../lib/gcc/arm-none-eabi/8.2.1/../../../../arm-none-eabi/lib/thumb/v6-m/nofp/libcr_c.a(memcpy.o)
 .comment       0x0000000000000075       0x76 /Applications/MCUXpressoIDE_11.0.1_2563/ide/plugins/com.nxp.mcuxpresso.tools.macosx_11.0.1.201907311258/tools/bin/../lib/gcc/arm-none-eabi/8.2.1/../../../../arm-none-eabi/lib/thumb/v6-m/nofp/libcr_c.a(memset.o)
 .comment       0x0000000000000075       0x76 /Applications/MCUXpressoIDE_11.0.1_2563/ide/plugins/com.nxp.mcuxpresso.tools.macosx_11.0.1.201907311258/tools/bin/../lib/gcc/arm-none-eabi/8.2.1/../../../../arm-none-eabi/lib/thumb/v6-m/nofp/libcr_c.a(initio.o)
 .comment       0x0000000000000075       0x76 /Applications/MCUXpressoIDE_11.0.1_2563/ide/plugins/com.nxp.mcuxpresso.tools.macosx_11.0.1.201907311258/tools/bin/../lib/gcc/arm-none-eabi/8.2.1/../../../../arm-none-eabi/lib/thumb/v6-m/nofp/libcr_c.a(printf.o)
 .comment       0x0000000000000075       0x76 /Applications/MCUXpressoIDE_11.0.1_2563/ide/plugins/com.nxp.mcuxpresso.tools.macosx_11.0.1.201907311258/tools/bin/../lib/gcc/arm-none-eabi/8.2.1/../../../../arm-none-eabi/lib/thumb/v6-m/nofp/libcr_c.a(setvbuf.o)
 .comment       0x0000000000000075       0x76 /Applications/MCUXpressoIDE_11.0.1_2563/ide/plugins/com.nxp.mcuxpresso.tools.macosx_11.0.1.201907311258/tools/bin/../lib/gcc/arm-none-eabi/8.2.1/../../../../arm-none-eabi/lib/thumb/v6-m/nofp/libcr_c.a(sin.o)
 .comment       0x0000000000000075       0x76 /Applications/MCUXpressoIDE_11.0.1_2563/ide/plugins/com.nxp.mcuxpresso.tools.macosx_11.0.1.201907311258/tools/bin/../lib/gcc/arm-none-eabi/8.2.1/../../../../arm-none-eabi/lib/thumb/v6-m/nofp/libcr_c.a(strlen.o)
 .comment       0x0000000000000075       0x76 /Applications/MCUXpressoIDE_11.0.1_2563/ide/plugins/com.nxp.mcuxpresso.tools.macosx_11.0.1.201907311258/tools/bin/../lib/gcc/arm-none-eabi/8.2.1/../../../../arm-none-eabi/lib/thumb/v6-m/nofp/libcr_c.a(_deferredlazyseek.o)
 .comment       0x0000000000000075       0x76 /Applications/MCUXpressoIDE_11.0.1_2563/ide/plugins/com.nxp.mcuxpresso.tools.macosx_11.0.1.201907311258/tools/bin/../lib/gcc/arm-none-eabi/8.2.1/../../../../arm-none-eabi/lib/thumb/v6-m/nofp/libcr_c.a(_fdopen.o)
 .comment       0x0000000000000075       0x76 /Applications/MCUXpressoIDE_11.0.1_2563/ide/plugins/com.nxp.mcuxpresso.tools.macosx_11.0.1.201907311258/tools/bin/../lib/gcc/arm-none-eabi/8.2.1/../../../../arm-none-eabi/lib/thumb/v6-m/nofp/libcr_c.a(_fflush.o)
 .comment       0x0000000000000075       0x76 /Applications/MCUXpressoIDE_11.0.1_2563/ide/plugins/com.nxp.mcuxpresso.tools.macosx_11.0.1.201907311258/tools/bin/../lib/gcc/arm-none-eabi/8.2.1/../../../../arm-none-eabi/lib/thumb/v6-m/nofp/libcr_c.a(_sincos.o)
 .comment       0x0000000000000075       0x76 /Applications/MCUXpressoIDE_11.0.1_2563/ide/plugins/com.nxp.mcuxpresso.tools.macosx_11.0.1.201907311258/tools/bin/../lib/gcc/arm-none-eabi/8.2.1/../../../../arm-none-eabi/lib/thumb/v6-m/nofp/libcr_c.a(_writebuf.o)
 .comment       0x0000000000000075       0x76 /Applications/MCUXpressoIDE_11.0.1_2563/ide/plugins/com.nxp.mcuxpresso.tools.macosx_11.0.1.201907311258/tools/bin/../lib/gcc/arm-none-eabi/8.2.1/../../../../arm-none-eabi/lib/thumb/v6-m/nofp/libcr_c.a(alloc.o)
 .comment       0x0000000000000075       0x76 /Applications/MCUXpressoIDE_11.0.1_2563/ide/plugins/com.nxp.mcuxpresso.tools.macosx_11.0.1.201907311258/tools/bin/../lib/gcc/arm-none-eabi/8.2.1/../../../../arm-none-eabi/lib/thumb/v6-m/nofp/libcr_c.a(errno.o)
 .comment       0x0000000000000075       0x76 /Applications/MCUXpressoIDE_11.0.1_2563/ide/plugins/com.nxp.mcuxpresso.tools.macosx_11.0.1.201907311258/tools/bin/../lib/gcc/arm-none-eabi/8.2.1/../../../../arm-none-eabi/lib/thumb/v6-m/nofp/libcr_c.a(fabs.o)
 .comment       0x0000000000000075       0x76 /Applications/MCUXpressoIDE_11.0.1_2563/ide/plugins/com.nxp.mcuxpresso.tools.macosx_11.0.1.201907311258/tools/bin/../lib/gcc/arm-none-eabi/8.2.1/../../../../arm-none-eabi/lib/thumb/v6-m/nofp/libcr_c.a(fclose.o)
 .comment       0x0000000000000075       0x76 /Applications/MCUXpressoIDE_11.0.1_2563/ide/plugins/com.nxp.mcuxpresso.tools.macosx_11.0.1.201907311258/tools/bin/../lib/gcc/arm-none-eabi/8.2.1/../../../../arm-none-eabi/lib/thumb/v6-m/nofp/libcr_c.a(fflush.o)
 .comment       0x0000000000000075       0x76 /Applications/MCUXpressoIDE_11.0.1_2563/ide/plugins/com.nxp.mcuxpresso.tools.macosx_11.0.1.201907311258/tools/bin/../lib/gcc/arm-none-eabi/8.2.1/../../../../arm-none-eabi/lib/thumb/v6-m/nofp/libcr_c.a(fseek.o)
 .comment       0x0000000000000075       0x76 /Applications/MCUXpressoIDE_11.0.1_2563/ide/plugins/com.nxp.mcuxpresso.tools.macosx_11.0.1.201907311258/tools/bin/../lib/gcc/arm-none-eabi/8.2.1/../../../../arm-none-eabi/lib/thumb/v6-m/nofp/libcr_c.a(ftell.o)
 .comment       0x0000000000000075       0x76 /Applications/MCUXpressoIDE_11.0.1_2563/ide/plugins/com.nxp.mcuxpresso.tools.macosx_11.0.1.201907311258/tools/bin/../lib/gcc/arm-none-eabi/8.2.1/../../../../arm-none-eabi/lib/thumb/v6-m/nofp/libcr_c.a(remove.o)
 .comment       0x0000000000000075       0x76 /Applications/MCUXpressoIDE_11.0.1_2563/ide/plugins/com.nxp.mcuxpresso.tools.macosx_11.0.1.201907311258/tools/bin/../lib/gcc/arm-none-eabi/8.2.1/../../../../arm-none-eabi/lib/thumb/v6-m/nofp/libcr_c.a(__init_alloc.o)
 .comment       0x0000000000000075       0x76 /Applications/MCUXpressoIDE_11.0.1_2563/ide/plugins/com.nxp.mcuxpresso.tools.macosx_11.0.1.201907311258/tools/bin/../lib/gcc/arm-none-eabi/8.2.1/../../../../arm-none-eabi/lib/thumb/v6-m/nofp/libcr_c.a(_cr_sbrk.o)
 .comment       0x0000000000000075       0x76 /Applications/MCUXpressoIDE_11.0.1_2563/ide/plugins/com.nxp.mcuxpresso.tools.macosx_11.0.1.201907311258/tools/bin/../lib/gcc/arm-none-eabi/8.2.1/../../../../arm-none-eabi/lib/thumb/v6-m/nofp/libcr_c.a(_do_fflush.o)
 .comment       0x0000000000000075       0x76 /Applications/MCUXpressoIDE_11.0.1_2563/ide/plugins/com.nxp.mcuxpresso.tools.macosx_11.0.1.201907311258/tools/bin/../lib/gcc/arm-none-eabi/8.2.1/../../../../arm-none-eabi/lib/thumb/v6-m/nofp/libcr_c.a(_cr_check_heap.o)
 .comment       0x0000000000000075       0x76 /Applications/MCUXpressoIDE_11.0.1_2563/ide/plugins/com.nxp.mcuxpresso.tools.macosx_11.0.1.201907311258/tools/bin/../lib/gcc/arm-none-eabi/8.2.1/thumb/v6-m/nofp/libcr_eabihelpers.a(double.o)
 .comment       0x0000000000000075       0x76 /Applications/MCUXpressoIDE_11.0.1_2563/ide/plugins/com.nxp.mcuxpresso.tools.macosx_11.0.1.201907311258/tools/bin/../lib/gcc/arm-none-eabi/8.2.1/../../../../arm-none-eabi/lib/thumb/v6-m/nofp/libcr_semihost_nf.a(__ciob.o)

.ARM.attributes
                0x0000000000000000       0x2a
 .ARM.attributes
                0x0000000000000000       0x2c ./utilities/fsl_debug_console.o
 .ARM.attributes
                0x000000000000002c       0x2c ./startup/startup_mkl25z4.o
 .ARM.attributes
                0x0000000000000058       0x2c ./source/PES Project 6.o
 .ARM.attributes
                0x0000000000000084       0x2c ./source/dac_driver.o
 .ARM.attributes
                0x00000000000000b0       0x2c ./source/ledControl.o
 .ARM.attributes
                0x00000000000000dc       0x2c ./source/loggerFunctions.o
 .ARM.attributes
                0x0000000000000108       0x32 ./source/mtb.o
 .ARM.attributes
                0x000000000000013a       0x2c ./source/semihost_hardfault.o
 .ARM.attributes
                0x0000000000000166       0x2c ./freertos/fsl_tickless_lptmr.o
 .ARM.attributes
                0x0000000000000192       0x2c ./freertos/heap_4.o
 .ARM.attributes
                0x00000000000001be       0x2c ./freertos/list.o
 .ARM.attributes
                0x00000000000001ea       0x2c ./freertos/port.o
 .ARM.attributes
                0x0000000000000216       0x2c ./freertos/queue.o
 .ARM.attributes
                0x0000000000000242       0x2c ./freertos/tasks.o
 .ARM.attributes
                0x000000000000026e       0x2c ./freertos/timers.o
 .ARM.attributes
                0x000000000000029a       0x2c ./drivers/fsl_clock.o
 .ARM.attributes
                0x00000000000002c6       0x2c ./drivers/fsl_dac.o
 .ARM.attributes
                0x00000000000002f2       0x2c ./drivers/fsl_dma.o
 .ARM.attributes
                0x000000000000031e       0x2c ./drivers/fsl_lpsci.o
 .ARM.attributes
                0x000000000000034a       0x2c ./drivers/fsl_uart.o
 .ARM.attributes
                0x0000000000000376       0x2c ./board/board.o
 .ARM.attributes
                0x00000000000003a2       0x2c ./board/clock_config.o
 .ARM.attributes
                0x00000000000003ce       0x2c ./board/peripherals.o
 .ARM.attributes
                0x00000000000003fa       0x2c ./board/pin_mux.o
 .ARM.attributes
                0x0000000000000426       0x2c ./CMSIS/system_MKL25Z4.o
 .ARM.attributes
                0x0000000000000452       0x2c /Applications/MCUXpressoIDE_11.0.1_2563/ide/plugins/com.nxp.mcuxpresso.tools.macosx_11.0.1.201907311258/tools/bin/../lib/gcc/arm-none-eabi/8.2.1/../../../../arm-none-eabi/lib/thumb/v6-m/nofp/libcr_semihost_nf.a(_cr__main.o)
 .ARM.attributes
                0x000000000000047e       0x2c /Applications/MCUXpressoIDE_11.0.1_2563/ide/plugins/com.nxp.mcuxpresso.tools.macosx_11.0.1.201907311258/tools/bin/../lib/gcc/arm-none-eabi/8.2.1/../../../../arm-none-eabi/lib/thumb/v6-m/nofp/libcr_c.a(memcpy.o)
 .ARM.attributes
                0x00000000000004aa       0x2c /Applications/MCUXpressoIDE_11.0.1_2563/ide/plugins/com.nxp.mcuxpresso.tools.macosx_11.0.1.201907311258/tools/bin/../lib/gcc/arm-none-eabi/8.2.1/../../../../arm-none-eabi/lib/thumb/v6-m/nofp/libcr_c.a(memset.o)
 .ARM.attributes
                0x00000000000004d6       0x2c /Applications/MCUXpressoIDE_11.0.1_2563/ide/plugins/com.nxp.mcuxpresso.tools.macosx_11.0.1.201907311258/tools/bin/../lib/gcc/arm-none-eabi/8.2.1/../../../../arm-none-eabi/lib/thumb/v6-m/nofp/libcr_c.a(initio.o)
 .ARM.attributes
                0x0000000000000502       0x2c /Applications/MCUXpressoIDE_11.0.1_2563/ide/plugins/com.nxp.mcuxpresso.tools.macosx_11.0.1.201907311258/tools/bin/../lib/gcc/arm-none-eabi/8.2.1/../../../../arm-none-eabi/lib/thumb/v6-m/nofp/libcr_c.a(printf.o)
 .ARM.attributes
                0x000000000000052e       0x2c /Applications/MCUXpressoIDE_11.0.1_2563/ide/plugins/com.nxp.mcuxpresso.tools.macosx_11.0.1.201907311258/tools/bin/../lib/gcc/arm-none-eabi/8.2.1/../../../../arm-none-eabi/lib/thumb/v6-m/nofp/libcr_c.a(setvbuf.o)
 .ARM.attributes
                0x000000000000055a       0x2c /Applications/MCUXpressoIDE_11.0.1_2563/ide/plugins/com.nxp.mcuxpresso.tools.macosx_11.0.1.201907311258/tools/bin/../lib/gcc/arm-none-eabi/8.2.1/../../../../arm-none-eabi/lib/thumb/v6-m/nofp/libcr_c.a(sin.o)
 .ARM.attributes
                0x0000000000000586       0x2c /Applications/MCUXpressoIDE_11.0.1_2563/ide/plugins/com.nxp.mcuxpresso.tools.macosx_11.0.1.201907311258/tools/bin/../lib/gcc/arm-none-eabi/8.2.1/../../../../arm-none-eabi/lib/thumb/v6-m/nofp/libcr_c.a(strlen.o)
 .ARM.attributes
                0x00000000000005b2       0x2c /Applications/MCUXpressoIDE_11.0.1_2563/ide/plugins/com.nxp.mcuxpresso.tools.macosx_11.0.1.201907311258/tools/bin/../lib/gcc/arm-none-eabi/8.2.1/../../../../arm-none-eabi/lib/thumb/v6-m/nofp/libcr_c.a(_deferredlazyseek.o)
 .ARM.attributes
                0x00000000000005de       0x2c /Applications/MCUXpressoIDE_11.0.1_2563/ide/plugins/com.nxp.mcuxpresso.tools.macosx_11.0.1.201907311258/tools/bin/../lib/gcc/arm-none-eabi/8.2.1/../../../../arm-none-eabi/lib/thumb/v6-m/nofp/libcr_c.a(_fdopen.o)
 .ARM.attributes
                0x000000000000060a       0x2c /Applications/MCUXpressoIDE_11.0.1_2563/ide/plugins/com.nxp.mcuxpresso.tools.macosx_11.0.1.201907311258/tools/bin/../lib/gcc/arm-none-eabi/8.2.1/../../../../arm-none-eabi/lib/thumb/v6-m/nofp/libcr_c.a(_fflush.o)
 .ARM.attributes
                0x0000000000000636       0x2c /Applications/MCUXpressoIDE_11.0.1_2563/ide/plugins/com.nxp.mcuxpresso.tools.macosx_11.0.1.201907311258/tools/bin/../lib/gcc/arm-none-eabi/8.2.1/../../../../arm-none-eabi/lib/thumb/v6-m/nofp/libcr_c.a(_sincos.o)
 .ARM.attributes
                0x0000000000000662       0x2c /Applications/MCUXpressoIDE_11.0.1_2563/ide/plugins/com.nxp.mcuxpresso.tools.macosx_11.0.1.201907311258/tools/bin/../lib/gcc/arm-none-eabi/8.2.1/../../../../arm-none-eabi/lib/thumb/v6-m/nofp/libcr_c.a(_writebuf.o)
 .ARM.attributes
                0x000000000000068e       0x2c /Applications/MCUXpressoIDE_11.0.1_2563/ide/plugins/com.nxp.mcuxpresso.tools.macosx_11.0.1.201907311258/tools/bin/../lib/gcc/arm-none-eabi/8.2.1/../../../../arm-none-eabi/lib/thumb/v6-m/nofp/libcr_c.a(alloc.o)
 .ARM.attributes
                0x00000000000006ba       0x31 /Applications/MCUXpressoIDE_11.0.1_2563/ide/plugins/com.nxp.mcuxpresso.tools.macosx_11.0.1.201907311258/tools/bin/../lib/gcc/arm-none-eabi/8.2.1/../../../../arm-none-eabi/lib/thumb/v6-m/nofp/libcr_c.a(errno.o)
 .ARM.attributes
                0x00000000000006eb       0x2c /Applications/MCUXpressoIDE_11.0.1_2563/ide/plugins/com.nxp.mcuxpresso.tools.macosx_11.0.1.201907311258/tools/bin/../lib/gcc/arm-none-eabi/8.2.1/../../../../arm-none-eabi/lib/thumb/v6-m/nofp/libcr_c.a(fabs.o)
 .ARM.attributes
                0x0000000000000717       0x2c /Applications/MCUXpressoIDE_11.0.1_2563/ide/plugins/com.nxp.mcuxpresso.tools.macosx_11.0.1.201907311258/tools/bin/../lib/gcc/arm-none-eabi/8.2.1/../../../../arm-none-eabi/lib/thumb/v6-m/nofp/libcr_c.a(fclose.o)
 .ARM.attributes
                0x0000000000000743       0x2c /Applications/MCUXpressoIDE_11.0.1_2563/ide/plugins/com.nxp.mcuxpresso.tools.macosx_11.0.1.201907311258/tools/bin/../lib/gcc/arm-none-eabi/8.2.1/../../../../arm-none-eabi/lib/thumb/v6-m/nofp/libcr_c.a(fflush.o)
 .ARM.attributes
                0x000000000000076f       0x2c /Applications/MCUXpressoIDE_11.0.1_2563/ide/plugins/com.nxp.mcuxpresso.tools.macosx_11.0.1.201907311258/tools/bin/../lib/gcc/arm-none-eabi/8.2.1/../../../../arm-none-eabi/lib/thumb/v6-m/nofp/libcr_c.a(fseek.o)
 .ARM.attributes
                0x000000000000079b       0x2c /Applications/MCUXpressoIDE_11.0.1_2563/ide/plugins/com.nxp.mcuxpresso.tools.macosx_11.0.1.201907311258/tools/bin/../lib/gcc/arm-none-eabi/8.2.1/../../../../arm-none-eabi/lib/thumb/v6-m/nofp/libcr_c.a(ftell.o)
 .ARM.attributes
                0x00000000000007c7       0x2c /Applications/MCUXpressoIDE_11.0.1_2563/ide/plugins/com.nxp.mcuxpresso.tools.macosx_11.0.1.201907311258/tools/bin/../lib/gcc/arm-none-eabi/8.2.1/../../../../arm-none-eabi/lib/thumb/v6-m/nofp/libcr_c.a(remove.o)
 .ARM.attributes
                0x00000000000007f3       0x2c /Applications/MCUXpressoIDE_11.0.1_2563/ide/plugins/com.nxp.mcuxpresso.tools.macosx_11.0.1.201907311258/tools/bin/../lib/gcc/arm-none-eabi/8.2.1/../../../../arm-none-eabi/lib/thumb/v6-m/nofp/libcr_c.a(__init_alloc.o)
 .ARM.attributes
                0x000000000000081f       0x2c /Applications/MCUXpressoIDE_11.0.1_2563/ide/plugins/com.nxp.mcuxpresso.tools.macosx_11.0.1.201907311258/tools/bin/../lib/gcc/arm-none-eabi/8.2.1/../../../../arm-none-eabi/lib/thumb/v6-m/nofp/libcr_c.a(_cr_sbrk.o)
 .ARM.attributes
                0x000000000000084b       0x2c /Applications/MCUXpressoIDE_11.0.1_2563/ide/plugins/com.nxp.mcuxpresso.tools.macosx_11.0.1.201907311258/tools/bin/../lib/gcc/arm-none-eabi/8.2.1/../../../../arm-none-eabi/lib/thumb/v6-m/nofp/libcr_c.a(_do_fflush.o)
 .ARM.attributes
                0x0000000000000877       0x2c /Applications/MCUXpressoIDE_11.0.1_2563/ide/plugins/com.nxp.mcuxpresso.tools.macosx_11.0.1.201907311258/tools/bin/../lib/gcc/arm-none-eabi/8.2.1/../../../../arm-none-eabi/lib/thumb/v6-m/nofp/libcr_c.a(_cr_check_heap.o)
 .ARM.attributes
                0x00000000000008a3       0x1c /Applications/MCUXpressoIDE_11.0.1_2563/ide/plugins/com.nxp.mcuxpresso.tools.macosx_11.0.1.201907311258/tools/bin/../lib/gcc/arm-none-eabi/8.2.1/thumb/v6-m/nofp/libcr_eabihelpers.a(division_32.o)
 .ARM.attributes
                0x00000000000008bf       0x1c /Applications/MCUXpressoIDE_11.0.1_2563/ide/plugins/com.nxp.mcuxpresso.tools.macosx_11.0.1.201907311258/tools/bin/../lib/gcc/arm-none-eabi/8.2.1/thumb/v6-m/nofp/libcr_eabihelpers.a(division_idiv0.o)
 .ARM.attributes
                0x00000000000008db       0x2c /Applications/MCUXpressoIDE_11.0.1_2563/ide/plugins/com.nxp.mcuxpresso.tools.macosx_11.0.1.201907311258/tools/bin/../lib/gcc/arm-none-eabi/8.2.1/thumb/v6-m/nofp/libcr_eabihelpers.a(double.o)
 .ARM.attributes
                0x0000000000000907       0x1c /Applications/MCUXpressoIDE_11.0.1_2563/ide/plugins/com.nxp.mcuxpresso.tools.macosx_11.0.1.201907311258/tools/bin/../lib/gcc/arm-none-eabi/8.2.1/thumb/v6-m/nofp/libcr_eabihelpers.a(llong.o)
 .ARM.attributes
                0x0000000000000923       0x1c /Applications/MCUXpressoIDE_11.0.1_2563/ide/plugins/com.nxp.mcuxpresso.tools.macosx_11.0.1.201907311258/tools/bin/../lib/gcc/arm-none-eabi/8.2.1/thumb/v6-m/nofp/libcr_eabihelpers.a(memcpy.o)
 .ARM.attributes
                0x000000000000093f       0x31 /Applications/MCUXpressoIDE_11.0.1_2563/ide/plugins/com.nxp.mcuxpresso.tools.macosx_11.0.1.201907311258/tools/bin/../lib/gcc/arm-none-eabi/8.2.1/../../../../arm-none-eabi/lib/thumb/v6-m/nofp/libcr_semihost_nf.a(__ciob.o)
 .ARM.attributes
                0x0000000000000970       0x1c /Applications/MCUXpressoIDE_11.0.1_2563/ide/plugins/com.nxp.mcuxpresso.tools.macosx_11.0.1.201907311258/tools/bin/../lib/gcc/arm-none-eabi/8.2.1/../../../../arm-none-eabi/lib/thumb/v6-m/nofp/libcr_semihost_nf.a(__sys_appexit.o)
 .ARM.attributes
                0x000000000000098c       0x1c /Applications/MCUXpressoIDE_11.0.1_2563/ide/plugins/com.nxp.mcuxpresso.tools.macosx_11.0.1.201907311258/tools/bin/../lib/gcc/arm-none-eabi/8.2.1/../../../../arm-none-eabi/lib/thumb/v6-m/nofp/libcr_semihost_nf.a(__sys_close.o)
 .ARM.attributes
                0x00000000000009a8       0x1c /Applications/MCUXpressoIDE_11.0.1_2563/ide/plugins/com.nxp.mcuxpresso.tools.macosx_11.0.1.201907311258/tools/bin/../lib/gcc/arm-none-eabi/8.2.1/../../../../arm-none-eabi/lib/thumb/v6-m/nofp/libcr_semihost_nf.a(__sys_flen.o)
 .ARM.attributes
                0x00000000000009c4       0x1c /Applications/MCUXpressoIDE_11.0.1_2563/ide/plugins/com.nxp.mcuxpresso.tools.macosx_11.0.1.201907311258/tools/bin/../lib/gcc/arm-none-eabi/8.2.1/../../../../arm-none-eabi/lib/thumb/v6-m/nofp/libcr_semihost_nf.a(__sys_istty.o)
 .ARM.attributes
                0x00000000000009e0       0x1c /Applications/MCUXpressoIDE_11.0.1_2563/ide/plugins/com.nxp.mcuxpresso.tools.macosx_11.0.1.201907311258/tools/bin/../lib/gcc/arm-none-eabi/8.2.1/../../../../arm-none-eabi/lib/thumb/v6-m/nofp/libcr_semihost_nf.a(__sys_remove.o)
 .ARM.attributes
                0x00000000000009fc       0x1c /Applications/MCUXpressoIDE_11.0.1_2563/ide/plugins/com.nxp.mcuxpresso.tools.macosx_11.0.1.201907311258/tools/bin/../lib/gcc/arm-none-eabi/8.2.1/../../../../arm-none-eabi/lib/thumb/v6-m/nofp/libcr_semihost_nf.a(__sys_seek.o)
 .ARM.attributes
                0x0000000000000a18       0x1c /Applications/MCUXpressoIDE_11.0.1_2563/ide/plugins/com.nxp.mcuxpresso.tools.macosx_11.0.1.201907311258/tools/bin/../lib/gcc/arm-none-eabi/8.2.1/../../../../arm-none-eabi/lib/thumb/v6-m/nofp/libcr_semihost_nf.a(__sys_tmpnam.o)
 .ARM.attributes
                0x0000000000000a34       0x1c /Applications/MCUXpressoIDE_11.0.1_2563/ide/plugins/com.nxp.mcuxpresso.tools.macosx_11.0.1.201907311258/tools/bin/../lib/gcc/arm-none-eabi/8.2.1/../../../../arm-none-eabi/lib/thumb/v6-m/nofp/libcr_semihost_nf.a(__sys_write.o)

.debug_frame    0x0000000000000000     0x1e60
 .debug_frame   0x0000000000000000       0x4c ./utilities/fsl_debug_console.o
 .debug_frame   0x000000000000004c      0x3bc ./startup/startup_mkl25z4.o
 .debug_frame   0x0000000000000408       0x60 ./source/PES Project 6.o
 .debug_frame   0x0000000000000468       0x2c ./source/dac_driver.o
 .debug_frame   0x0000000000000494       0x88 ./source/ledControl.o
 .debug_frame   0x000000000000051c       0xbc ./source/loggerFunctions.o
 .debug_frame   0x00000000000005d8       0x20 ./source/semihost_hardfault.o
 .debug_frame   0x00000000000005f8       0x28 ./freertos/fsl_tickless_lptmr.o
 .debug_frame   0x0000000000000620       0x90 ./freertos/heap_4.o
 .debug_frame   0x00000000000006b0       0x6c ./freertos/list.o
 .debug_frame   0x000000000000071c       0xf8 ./freertos/port.o
 .debug_frame   0x0000000000000814      0x2dc ./freertos/queue.o
 .debug_frame   0x0000000000000af0      0x524 ./freertos/tasks.o
 .debug_frame   0x0000000000001014      0x1b4 ./freertos/timers.o
 .debug_frame   0x00000000000011c8      0x458 ./drivers/fsl_clock.o
 .debug_frame   0x0000000000001620       0xd4 ./drivers/fsl_dac.o
 .debug_frame   0x00000000000016f4      0x17c ./drivers/fsl_dma.o
 .debug_frame   0x0000000000001870      0x240 ./drivers/fsl_lpsci.o
 .debug_frame   0x0000000000001ab0      0x29c ./drivers/fsl_uart.o
 .debug_frame   0x0000000000001d4c       0x28 ./board/board.o
 .debug_frame   0x0000000000001d74       0x58 ./board/clock_config.o
 .debug_frame   0x0000000000001dcc       0x20 ./board/peripherals.o
 .debug_frame   0x0000000000001dec       0x38 ./board/pin_mux.o
 .debug_frame   0x0000000000001e24       0x3c ./CMSIS/system_MKL25Z4.o

Cross Reference Table

Symbol                                            File
ADC0_DriverIRQHandler                             ./startup/startup_mkl25z4.o
ADC0_IRQHandler                                   ./startup/startup_mkl25z4.o
ADC16_ClearStatusFlags                            ./drivers/fsl_adc16.o
ADC16_Deinit                                      ./drivers/fsl_adc16.o
ADC16_DoAutoCalibration                           ./drivers/fsl_adc16.o
ADC16_GetChannelStatusFlags                       ./drivers/fsl_adc16.o
ADC16_GetDefaultConfig                            ./drivers/fsl_adc16.o
ADC16_GetStatusFlags                              ./drivers/fsl_adc16.o
ADC16_Init                                        ./drivers/fsl_adc16.o